ARM Linker, 5.03 [Build 76] [MDK-ARM Standard]

==============================================================================

Section Cross References

    stm32f2xx_it.o(i.DMA2_Stream3_IRQHandler) refers to sdio_sd.o(i.SD_ProcessDMAIRQ) for SD_ProcessDMAIRQ
    stm32f2xx_it.o(i.EXTI2_IRQHandler) refers to lcd_st7565r.o(i.mLightLCDOff) for mLightLCDOff
    stm32f2xx_it.o(i.EXTI2_IRQHandler) refers to led_customer.o(i.LED_Off) for LED_Off
    stm32f2xx_it.o(i.EXTI2_IRQHandler) refers to initappl.o(i.Save_Config) for Save_Config
    stm32f2xx_it.o(i.EXTI2_IRQHandler) refers to initappl.o(i.Save_ApplRam) for Save_ApplRam
    stm32f2xx_it.o(i.EXTI2_IRQHandler) refers to stm32f2xx_exti.o(i.EXTI_ClearITPendingBit) for EXTI_ClearITPendingBit
    stm32f2xx_it.o(i.EXTI2_IRQHandler) refers to print_main.o(i.Start_When_Ready) for Start_When_Ready
    stm32f2xx_it.o(i.EXTI2_IRQHandler) refers to memory.o(.data) for ApplVar_Restored
    stm32f2xx_it.o(i.EXTI9_5_IRQHandler) refers to stm32f2xx_exti.o(i.EXTI_GetITStatus) for EXTI_GetITStatus
    stm32f2xx_it.o(i.EXTI9_5_IRQHandler) refers to stm32f2xx_exti.o(i.EXTI_ClearITPendingBit) for EXTI_ClearITPendingBit
    stm32f2xx_it.o(i.EXTI9_5_IRQHandler) refers to lcd_st7565r.o(i.mDrawGPRS) for mDrawGPRS
    stm32f2xx_it.o(i.EXTI9_5_IRQHandler) refers to netconfig.o(i.LwIP_Periodic_Handle) for LwIP_Periodic_Handle
    stm32f2xx_it.o(i.EXTI9_5_IRQHandler) refers to keyboard.o(.data) for KeyScanEnable
    stm32f2xx_it.o(i.EXTI9_5_IRQHandler) refers to stm32f2xx_it.o(.data) for RTCTimer
    stm32f2xx_it.o(i.OTG_FS_IRQHandler) refers to usb_hcd_int.o(i.USBH_OTG_ISR_Handler) for USBH_OTG_ISR_Handler
    stm32f2xx_it.o(i.OTG_FS_IRQHandler) refers to usb_application.o(.bss) for USB_OTG_Core
    stm32f2xx_it.o(i.SDIO_IRQHandler) refers to sdio_sd.o(i.SD_ProcessIRQSrc) for SD_ProcessIRQSrc
    stm32f2xx_it.o(i.SysTick_Handler) refers to stm32f2xx_it.o(.data) for msTimer_Delay0
    stm32f2xx_it.o(i.SysTick_Handler) refers to print_def.o(.data) for Prn_Delay
    stm32f2xx_it.o(i.USART1_IRQHandler) refers to stm32f2xx_usart.o(i.USART_GetITStatus) for USART_GetITStatus
    stm32f2xx_it.o(i.USART1_IRQHandler) refers to stm32f2xx_usart.o(i.USART_ReceiveData) for USART_ReceiveData
    stm32f2xx_it.o(i.USART1_IRQHandler) refers to usart.o(i.UARTSend) for UARTSend
    stm32f2xx_it.o(i.USART1_IRQHandler) refers to interface.o(i.SetRTS) for SetRTS
    stm32f2xx_it.o(i.USART1_IRQHandler) refers to usart.o(.data) for UART0TxEmpty
    stm32f2xx_it.o(i.USART1_IRQHandler) refers to usart.o(.bss) for RxUART
    stm32f2xx_it.o(i.USART2_IRQHandler) refers to stm32f2xx_usart.o(i.USART_GetITStatus) for USART_GetITStatus
    stm32f2xx_it.o(i.USART2_IRQHandler) refers to stm32f2xx_usart.o(i.USART_ReceiveData) for USART_ReceiveData
    stm32f2xx_it.o(i.USART2_IRQHandler) refers to usart.o(i.UARTSend) for UARTSend
    stm32f2xx_it.o(i.USART2_IRQHandler) refers to interface.o(i.SetRTS) for SetRTS
    stm32f2xx_it.o(i.USART2_IRQHandler) refers to usart.o(.data) for UART2TxEmpty
    stm32f2xx_it.o(i.USART2_IRQHandler) refers to usart.o(.bss) for RxUART
    stm32f2xx_it.o(i.USART3_IRQHandler) refers to stm32f2xx_usart.o(i.USART_GetITStatus) for USART_GetITStatus
    stm32f2xx_it.o(i.USART3_IRQHandler) refers to stm32f2xx_usart.o(i.USART_ReceiveData) for USART_ReceiveData
    stm32f2xx_it.o(i.USART3_IRQHandler) refers to usart.o(i.UARTSend) for UARTSend
    stm32f2xx_it.o(i.USART3_IRQHandler) refers to interface.o(i.SetRTS) for SetRTS
    stm32f2xx_it.o(i.USART3_IRQHandler) refers to usart.o(.data) for UART1TxEmpty
    stm32f2xx_it.o(i.USART3_IRQHandler) refers to usart.o(.bss) for RxUART
    usart.o(i.Bios_PortRead) refers to usart.o(i.UARTGet) for UARTGet
    usart.o(i.Bios_PortRead) refers to stm32f2xx_it.o(.data) for RTCTimer
    usart.o(i.Bios_PortRead) refers to usart.o(.bss) for RxUART
    usart.o(i.Bios_PortWrite) refers to usart.o(i.UARTSend) for UARTSend
    usart.o(i.UARTGet) refers to usart.o(i.UARTSend) for UARTSend
    usart.o(i.UARTGet) refers to stm32f2xx_it.o(.data) for RTCTimer
    usart.o(i.UARTGet) refers to usart.o(.bss) for RxUART
    usart.o(i.UARTInit) refers to stm32f2xx_rcc.o(i.RCC_AHB1PeriphClockCmd) for RCC_AHB1PeriphClockCmd
    usart.o(i.UARTInit) refers to stm32f2xx_rcc.o(i.RCC_APB2PeriphClockCmd) for RCC_APB2PeriphClockCmd
    usart.o(i.UARTInit) refers to stm32f2xx_gpio.o(i.GPIO_PinAFConfig) for GPIO_PinAFConfig
    usart.o(i.UARTInit) refers to stm32f2xx_gpio.o(i.GPIO_Init) for GPIO_Init
    usart.o(i.UARTInit) refers to stm32f2xx_usart.o(i.USART_OverSampling8Cmd) for USART_OverSampling8Cmd
    usart.o(i.UARTInit) refers to stm32f2xx_usart.o(i.USART_Init) for USART_Init
    usart.o(i.UARTInit) refers to misc.o(i.NVIC_PriorityGroupConfig) for NVIC_PriorityGroupConfig
    usart.o(i.UARTInit) refers to misc.o(i.NVIC_Init) for NVIC_Init
    usart.o(i.UARTInit) refers to stm32f2xx_usart.o(i.USART_Cmd) for USART_Cmd
[...]
    0x0801ac10   0x0000000c   Code   RO         3981    i.PWR_BackupRegulatorCmd  stm32f2xx_pwr.o
    0x0801ac1c   0x00000018   Code   RO         3987    i.PWR_GetFlagStatus  stm32f2xx_pwr.o
    0x0801ac34   0x00000394   Code   RO         9061    i.PaidOutRa         pora.o
    0x0801afc8   0x0000011c   Code   RO         8096    i.PayByChipCard     iccard.o
    0x0801b0e4   0x000002c0   Code   RO         8913    i.PbBuffer          pbbuffer.o
    0x0801b3a4   0x0000139c   Code   RO         8825    i.PbFunction        pb.o
    0x0801c740   0x00000258   Code   RO         8826    i.PbTotal           pb.o
    0x0801c998   0x00000002   Code   RO           11    i.PendSV_Handler    stm32f2xx_it.o
    0x0801c99a   0x00000022   Code   RO         9794    i.PeriodSkip        report.o
    0x0801c9bc   0x000000f0   Code   RO         9795    i.Plu_XReport       report.o
    0x0801caac   0x0000015c   Code   RO         8097    i.PointsByChipCard  iccard.o
    0x0801cc08   0x000001ac   Code   RO         8098    i.PointsByECRVIP    iccard.o
    0x0801cdb4   0x00000028   Code   RO         6664    i.PosOfFuncKey      extmodules.o
    0x0801cddc   0x0000007c   Code   RO         9138    i.PrePrintHead      print.o
    0x0801ce58   0x00000754   Code   RO         9139    i.PrintAllons       print.o
    0x0801d5ac   0x00000014   Code   RO         9140    i.PrintAmt          print.o
    0x0801d5c0   0x00000254   Code   RO         8560    i.PrintArticle      kp.o
    0x0801d814   0x00000520   Code   RO         8099    i.PrintChipCard     iccard.o
    0x0801dd34   0x000004b8   Code   RO         7962    i.PrintConfInf      hardtest.o
    0x0801e1ec   0x000000d4   Code   RO         9796    i.PrintCorrec       report.o
    0x0801e2c0   0x00000040   Code   RO         9797    i.PrintCorrecReport  report.o
    0x0801e300   0x00000040   Code   RO         9798    i.PrintCurrReport   report.o
    0x0801e340   0x00000084   Code   RO         9799    i.PrintCurrency     report.o
    0x0801e3c4   0x000000a8   Code   RO         9800    i.PrintDept         report.o
    0x0801e46c   0x00000040   Code   RO         9801    i.PrintDeptReport   report.o
    0x0801e4ac   0x00000380   Code   RO         8961    i.PrintDept_PLU     plu.o
    0x0801e82c   0x00000074   Code   RO         9802    i.PrintDisc         report.o
    0x0801e8a0   0x00000040   Code   RO         9803    i.PrintDiscReport   report.o
    0x0801e8e0   0x00000040   Code   RO         9804    i.PrintDrawReport   report.o
    0x0801e920   0x00000084   Code   RO         9805    i.PrintDrawer       report.o
    0x0801e9a4   0x000002b0   Code   RO         8100    i.PrintECRVIP       iccard.o
    0x0801ec54   0x000000cc   Code   RO         7461    i.PrintFlowQtyAmt   flowbill.o
    0x0801ed20   0x00000070   Code   RO         6666    i.PrintGraphics     extmodules.o
    0x0801ed90   0x00000084   Code   RO         9806    i.PrintGroup        report.o
    0x0801ee14   0x00000040   Code   RO         9807    i.PrintGroupReport  report.o
    0x0801ee54   0x0000007c   Code   RO         9141    i.PrintHead1        print.o
    0x0801eed0   0x000000ec   Code   RO         8332    i.PrintICBlock      iccardblock.o
    0x0801efbc   0x0000004c   Code   RO         8101    i.PrintICMessage    iccard.o
    0x0801f008   0x000000a0   Code   RO         6667    i.PrintKeyboard     extmodules.o
    0x0801f0a8   0x00000168   Code   RO         8561    i.PrintKp           kp.o
    0x0801f210   0x00000024   Code   RO         9142    i.PrintLine         print.o
    0x0801f234   0x0000003c   Code   RO         7963    i.PrintLine2        hardtest.o
    0x0801f270   0x000000b0   Code   RO        10332    i.PrintMGMenu       menu.o
    0x0801f320   0x00000024   Code   RO         7771    i.PrintMessage      general.o
    0x0801f344   0x00000064   Code   RO         6440    i.PrintModifiers    depart.o
    0x0801f3a8   0x00000054   Code   RO         8827    i.PrintNewBal       pb.o
    0x0801f3fc   0x00000074   Code   RO         7376    i.PrintNumber       fixed.o
    0x0801f470   0x0000034c   Code   RO         9808    i.PrintOpenPb       report.o
    0x0801f7bc   0x0000007c   Code   RO         9809    i.PrintPb           report.o
    0x0801f838   0x00000074   Code   RO         9810    i.PrintPbF          report.o
    0x0801f8ac   0x00000048   Code   RO         9811    i.PrintPbFReport    report.o
    0x0801f8f4   0x000001b4   Code   RO         8828    i.PrintPbHeader     pb.o
    0x0801faa8   0x0000027c   Code   RO         8914    i.PrintPbItem       pbbuffer.o
    0x0801fd24   0x000000f4   Code   RO         8562    i.PrintPbKp         kp.o
    0x0801fe18   0x000000cc   Code   RO         7773    i.PrintPbTrailer    general.o
    0x0801fee4   0x00000048   Code   RO         9812    i.PrintPbtReport    report.o
    0x0801ff2c   0x000000a8   Code   RO         9813    i.PrintPlu          report.o
    0x0801ffd4   0x00000054   Code   RO         9814    i.PrintPluReport    report.o
    0x08020028   0x00000084   Code   RO         9815    i.PrintPoRa         report.o
    0x080200ac   0x00000040   Code   RO         9816    i.PrintPoRaReport   report.o
    0x080200ec   0x00000130   Code   RO         9817    i.PrintPointReport  report.o
    0x0802021c   0x00000124   Code   RO         9721    i.PrintPointType    report2.o
    0x08020340   0x00000014   Code   RO         9143    i.PrintQty          print.o
    0x08020354   0x00000678   Code   RO         9144    i.PrintQtyAmt       print.o
    0x080209cc   0x000000f8   Code   RO         9145    i.PrintRJ           print.o
    0x08020ac4   0x00000044   Code   RO         9818    i.PrintRange        report.o
    0x08020b08   0x000003b0   Code   RO         9146    i.PrintRegiInfo     print.o
    0x08020eb8   0x000006a0   Code   RO         9819    i.PrintReport       report.o
    0x08021558   0x00000108   Code   RO         9722    i.PrintReportHeader  report2.o
    0x08021660   0x0000009c   Code   RO         9820    i.PrintReportType   report.o
    0x080216fc   0x00000068   Code   RO         7774    i.PrintSaleQty      general.o
    0x08021764   0x0000015c   Code   RO         7265    i.PrintSetupMenu    firmkey.o
    0x080218c0   0x00000170   Code   RO         9147    i.PrintSlip         print.o
    0x08021a30   0x00000120   Code   RO         9148    i.PrintSlipPage     print.o
    0x08021b50   0x00000012   Code   RO         9149    i.PrintStr          print.o
    0x08021b62   0x00000002   PAD
    0x08021b64   0x000000a8   Code   RO         6668    i.PrintStr_Center   extmodules.o
    0x08021c0c   0x00000144   Code   RO         9821    i.PrintTax          report.o
    0x08021d50   0x00000040   Code   RO         9822    i.PrintTaxReport    report.o
    0x08021d90   0x00000040   Code   RO         9823    i.PrintTendReport   report.o
    0x08021dd0   0x00000084   Code   RO         9824    i.PrintTender       report.o
    0x08021e54   0x0000063c   Code   RO         7775    i.PrintTotal        general.o
    0x08022490   0x00000108   Code   RO         7964    i.PrintVersion      hardtest.o
    0x08022598   0x00000294   Code   RO        10333    i.PrintXZMenu       menu.o
    0x0802282c   0x000000f8   Code   RO        11243    i.Print_Download_Image  print_main.o
    0x08022924   0x00000074   Code   RO        11245    i.Print_Initial     print_main.o
    0x08022998   0x00000010   Code   RO        11246    i.PrnTemperature    print_main.o
    0x080229a8   0x000001f8   Code   RO        11247    i.Prn_CalcHotTime   print_main.o
    0x08022ba0   0x00000048   Code   RO        11248    i.Prn_task00_Stop   print_main.o
    0x08022be8   0x000000bc   Code   RO        11249    i.Prn_task01_Start  print_main.o
    0x08022ca4   0x000000f0   Code   RO        11250    i.Prn_task02_PrintChar  print_main.o
    0x08022d94   0x00000078   Code   RO        11251    i.Prn_task03_PrintGraphic  print_main.o
    0x08022e0c   0x000000f4   Code   RO        11252    i.Prn_task04_FeedPaper  print_main.o
    0x08022f00   0x00000058   Code   RO        11253    i.Prn_task05_FeedHalf  print_main.o
    0x08022f58   0x00000c64   Code   RO        10188    i.ProBuf            buffer.o
    0x08023bbc   0x000004f8   Code   RO        10189    i.ProcessBuffer     buffer.o
    0x080240b4   0x00000e9c   Code   RO         6441    i.ProcessDept       depart.o
    0x08024f50   0x00000248   Code   RO        10190    i.ProcessDeptRecord  buffer.o
    0x08025198   0x000000c8   Code   RO         7377    i.ProcessFuncLook   fixed.o
    0x08025260   0x00000184   Code   RO         8637    i.ProcessFunctions  main.o
    0x080253e4   0x00000448   Code   RO         8638    i.ProcessKey        main.o
    0x0802582c   0x0000011c   Code   RO         7378    i.ProcessKeyMacro   fixed.o
    0x08025948   0x00000334   Code   RO         8962    i.ProcessOnePlu     plu.o
    0x08025c7c   0x00000540   Code   RO         8915    i.ProcessPbBuffer   pbbuffer.o
    0x080261bc   0x000001ec   Code   RO         8963    i.ProcessPlu        plu.o
    0x080263a8   0x00001820   Code   RO         6273    i.ProcessRecord     computer.o
    0x08027bc8   0x000000ac   Code   RO         9723    i.ProcessXFunc      report2.o
    0x08027c74   0x000000d8   Code   RO         9724    i.ProcessZFunc      report2.o
    0x08027d4c   0x000000fc   Code   RO         9359    i.ProgBalance       program.o
    0x08027e48   0x0000007c   Code   RO         9360    i.ProgBarcodeReader  program.o
    0x08027ec4   0x00000330   Code   RO         8102    i.ProgChargeChip    iccard.o
    0x080281f4   0x0000018c   Code   RO         8103    i.ProgClearChip     iccard.o
    0x08028380   0x00000130   Code   RO         9361    i.ProgClerk         program.o
    0x080284b0   0x000000c4   Code   RO         9362    i.ProgCorrec        program.o
    0x08028574   0x00000150   Code   RO         9363    i.ProgCurr          program.o
    0x080286c4   0x000002c0   Code   RO         9364    i.ProgDEPTFields    program.o
    0x08028984   0x00000228   Code   RO         9365    i.ProgDate          program.o
    0x08028bac   0x00000208   Code   RO         9366    i.ProgDept          program.o
    0x08028db4   0x0000011c   Code   RO         9367    i.ProgDevice        program.o
    0x08028ed0   0x0000022c   Code   RO         9368    i.ProgDisc          program.o
    0x080290fc   0x000000c0   Code   RO         9369    i.ProgDraw          program.o
    0x080291bc   0x00000284   Code   RO         8104    i.ProgECRVIPPoints  iccard.o
    0x08029440   0x000000f0   Code   RO         9370    i.ProgExtPrinter    program.o
    0x08029530   0x000000e8   Code   RO         9371    i.ProgGroup         program.o
    0x08029618   0x00000164   Code   RO         9372    i.ProgHeader        program.o
    0x0802977c   0x00000058   Code   RO         9373    i.ProgHost          program.o
    0x080297d4   0x00000280   Code   RO         9374    i.ProgIC            program.o
    0x08029a54   0x0000013c   Code   RO         9375    i.ProgICBlock       program.o
    0x08029b90   0x00000120   Code   RO         9376    i.ProgIP            program.o
    0x08029cb0   0x0000056c   Code   RO         8105    i.ProgInitialChip   iccard.o
    0x0802a21c   0x000001a0   Code   RO         9377    i.ProgKPrn          program.o
    0x0802a3bc   0x0000015c   Code   RO         9378    i.ProgKeyMacro      program.o
    0x0802a518   0x000000cc   Code   RO         9379    i.ProgModi          program.o
    0x0802a5e4   0x00000108   Code   RO         9381    i.ProgNewVIP        program.o
    0x0802a6ec   0x00000208   Code   RO         9382    i.ProgOFF           program.o
    0x0802a8f4   0x00000358   Code   RO         9383    i.ProgPLUFields     program.o
    0x0802ac4c   0x00000124   Code   RO         9384    i.ProgPbF           program.o
    0x0802ad70   0x00000128   Code   RO         9385    i.ProgPbInfo        program.o
    0x0802ae98   0x000001f0   Code   RO         9386    i.ProgPlu           program.o
    0x0802b088   0x00000108   Code   RO         9387    i.ProgPoRa          program.o
    0x0802b190   0x00000140   Code   RO         9388    i.ProgPointType     program.o
    0x0802b2d0   0x00000238   Code   RO         8106    i.ProgPoints        iccard.o
    0x0802b508   0x0000015c   Code   RO         9389    i.ProgPrnGraph      program.o
    0x0802b664   0x000001b8   Code   RO         9390    i.ProgPromotion     program.o
    0x0802b81c   0x0000013c   Code   RO         9391    i.ProgReport        program.o
    0x0802b958   0x00000002   Code   RO         9392    i.ProgSalPer        program.o
    0x0802b95a   0x00000002   PAD
    0x0802b95c   0x000001cc   Code   RO         9393    i.ProgSlip          program.o
    0x0802bb28   0x000000c8   Code   RO         9394    i.ProgSlipHead      program.o
    0x0802bbf0   0x000002ec   Code   RO         9395    i.ProgSysFlag       program.o
    0x0802bedc   0x000000a0   Code   RO         9396    i.ProgSysMes        program.o
    0x0802bf7c   0x0000010c   Code   RO         9397    i.ProgTax           program.o
    0x0802c088   0x00000124   Code   RO         9398    i.ProgTend          program.o
    0x0802c1ac   0x00000108   Code   RO         9399    i.ProgTime          program.o
    0x0802c2b4   0x00000160   Code   RO         9400    i.ProgTrailer       program.o
    0x0802c414   0x000000c8   Code   RO         9401    i.ProgZone          program.o
    0x0802c4dc   0x000001c4   Code   RO         9266    i.ProgramDump       progdump.o
    0x0802c6a0   0x0000005c   Code   RO         7776    i.PromotionBeep     general.o
    0x0802c6fc   0x00000140   Code   RO         7777    i.PromtionCheck     general.o
    0x0802c83c   0x000000d8   Code   RO         1474    i.PutsO             led_customer.o
    0x0802c914   0x0000001c   Code   RO         1475    i.PutsO_Saved       led_customer.o
    0x0802c930   0x0000004c   Code   RO         8333    i.QueryICBlock      iccardblock.o
    0x0802c97c   0x00000020   Code   RO         4056    i.RCC_AHB1PeriphClockCmd  stm32f2xx_rcc.o
    0x0802c99c   0x00000020   Code   RO         4059    i.RCC_AHB2PeriphClockCmd  stm32f2xx_rcc.o
    0x0802c9bc   0x00000020   Code   RO         4062    i.RCC_AHB3PeriphClockCmd  stm32f2xx_rcc.o
    0x0802c9dc   0x00000020   Code   RO         4065    i.RCC_APB1PeriphClockCmd  stm32f2xx_rcc.o
    0x0802c9fc   0x00000020   Code   RO         4068    i.RCC_APB2PeriphClockCmd  stm32f2xx_rcc.o
    0x0802ca1c   0x000000e8   Code   RO         4077    i.RCC_GetClocksFreq  stm32f2xx_rcc.o
    0x0802cb04   0x00000040   Code   RO         4078    i.RCC_GetFlagStatus  stm32f2xx_rcc.o
    0x0802cb44   0x0000002c   Code   RO         4086    i.RCC_LSEConfig     stm32f2xx_rcc.o
    0x0802cb70   0x0000000c   Code   RO         4096    i.RCC_RTCCLKCmd     stm32f2xx_rcc.o
    0x0802cb7c   0x0000003c   Code   RO         4097    i.RCC_RTCCLKConfig  stm32f2xx_rcc.o
    0x0802cbb8   0x000001c0   Code   RO         8107    i.RD_ChipCard       iccard.o
    0x0802cd78   0x0000001e   Code   RO         6670    i.RFeed             extmodules.o
    0x0802cd96   0x00000002   PAD
    0x0802cd98   0x00000418   Code   RO        11254    i.RSPrint           print_main.o
    0x0802d1b0   0x00000016   Code   RO         4395    i.RTC_Bcd2ToByte    stm32f2xx_rtc.o
    0x0802d1c6   0x0000001c   Code   RO         4396    i.RTC_ByteToBcd2    stm32f2xx_rtc.o
    0x0802d1e2   0x00000002   PAD
    0x0802d1e4   0x0000001c   Code   RO         4398    i.RTC_ClearFlag     stm32f2xx_rtc.o
    0x0802d200   0x00000054   Code   RO          775    i.RTC_Config        interface.o
    0x0802d254   0x00000050   Code   RO         4405    i.RTC_EnterInitMode  stm32f2xx_rtc.o
    0x0802d2a4   0x00000014   Code   RO         4406    i.RTC_ExitInitMode  stm32f2xx_rtc.o
    0x0802d2b8   0x0000004c   Code   RO         4408    i.RTC_GetDate       stm32f2xx_rtc.o
    0x0802d304   0x00000050   Code   RO         4412    i.RTC_GetTime       stm32f2xx_rtc.o
    0x0802d354   0x00000064   Code   RO         4416    i.RTC_Init          stm32f2xx_rtc.o
    0x0802d3b8   0x00000020   Code   RO         4419    i.RTC_ReadBackupRegister  stm32f2xx_rtc.o
    0x0802d3d8   0x000000b8   Code   RO         4422    i.RTC_SetDate       stm32f2xx_rtc.o
    0x0802d490   0x000000c0   Code   RO         4423    i.RTC_SetTime       stm32f2xx_rtc.o
    0x0802d550   0x00000038   Code   RO         4429    i.RTC_TimeStampCmd  stm32f2xx_rtc.o
    0x0802d588   0x00000060   Code   RO         4432    i.RTC_WaitForSynchro  stm32f2xx_rtc.o
    0x0802d5e8   0x00000058   Code   RO         7965    i.RWRand            hardtest.o
    0x0802d640   0x00000084   Code   RO         6236    i.ReadClerk         clerk.o
    0x0802d6c4   0x00000034   Code   RO         6671    i.ReadComm          extmodules.o
    0x0802d6f8   0x0000002c   Code   RO         6348    i.ReadCorrec        correc.o
    0x0802d724   0x0000001c   Code   RO         6395    i.ReadCurr          currency.o
    0x0802d740   0x00000084   Code   RO         6442    i.ReadDept          depart.o
    0x0802d7c4   0x0000002c   Code   RO         6495    i.ReadDisc          discount.o
    0x0802d7f0   0x0000001c   Code   RO         6547    i.ReadDrawer        drawer.o
    0x0802d80c   0x00000074   Code   RO         8108    i.ReadECRVIPVar     iccard.o
    0x0802d880   0x000001f4   Code   RO         8109    i.ReadFactory       iccard.o
    0x0802da74   0x00000118   Code   RO         6672    i.ReadFlagsList     extmodules.o
    0x0802db8c   0x00000044   Code   RO         7462    i.ReadFrLogRam      flowbill.o
    0x0802dbd0   0x0000003c   Code   RO        10334    i.ReadFromMsg       menu.o
    0x0802dc0c   0x00000030   Code   RO         6673    i.ReadFuncLook      extmodules.o
    0x0802dc3c   0x00000050   Code   RO         6674    i.ReadGraphic       extmodules.o
    0x0802dc8c   0x0000002c   Code   RO         7927    i.ReadGroup         group.o
    0x0802dcb8   0x00000020   Code   RO         6675    i.ReadHeader        extmodules.o
    0x0802dcd8   0x00000014   Code   RO         8334    i.ReadICBlock       iccardblock.o
    0x0802dcec   0x0000012c   Code   RO        10335    i.ReadItemCaption   menu.o
    0x0802de18   0x00000030   Code   RO         8563    i.ReadKP            kp.o
    0x0802de48   0x00000024   Code   RO         6676    i.ReadKeyDesList    extmodules.o
    0x0802de6c   0x00000024   Code   RO         6677    i.ReadKeyMacro      extmodules.o
    0x0802de90   0x00000028   Code   RO         8747    i.ReadModi          modifier.o
    0x0802deb8   0x00000028   Code   RO         6678    i.ReadNumric        extmodules.o
    0x0802dee0   0x000000a8   Code   RO         8782    i.ReadOFFPrice      offprice.o
    0x0802df88   0x00000014   Code   RO         8829    i.ReadPBTable       pb.o
    0x0802df9c   0x00000064   Code   RO        10549    i.ReadPBTotal       usbdiskapp.o
    0x0802e000   0x0000001c   Code   RO         8830    i.ReadPbF           pb.o
    0x0802e01c   0x000002cc   Code   RO         8964    i.ReadPlu           plu.o
    0x0802e2e8   0x00000028   Code   RO         8965    i.ReadPluStock      plu.o
    0x0802e310   0x0000001c   Code   RO         9062    i.ReadPoRa          pora.o
    0x0802e32c   0x00000034   Code   RO         9101    i.ReadPort          port.o
    0x0802e360   0x00000024   Code   RO          776    i.ReadRam           interface.o
    0x0802e384   0x0000000c   Code   RO        10336    i.ReadRecIndex      menu.o
    0x0802e390   0x000000e8   Code   RO         6274    i.ReadRecord        computer.o
    0x0802e478   0x00000020   Code   RO         6679    i.ReadRepUnit       extmodules.o
    0x0802e498   0x00000002   Code   RO        10022    i.ReadSalPer        salper.o
    0x0802e49a   0x00000002   PAD
    0x0802e49c   0x00000020   Code   RO         6680    i.ReadSlipHeader    extmodules.o
    0x0802e4bc   0x0000003c   Code   RO        10077    i.ReadTax           tax.o
    0x0802e4f8   0x0000002c   Code   RO        10137    i.ReadTender        tender.o
    0x0802e524   0x0000012c   Code   RO         7778    i.ReadTotal         general.o
    0x0802e650   0x00000020   Code   RO         6681    i.ReadTrail         extmodules.o
    0x0802e670   0x00000020   Code   RO         6682    i.ReadXZReport      extmodules.o
    0x0802e690   0x00000058   Code   RO         6683    i.ReadZone          extmodules.o
    0x0802e6e8   0x000000bc   Code   RO         7463    i.Read_Flow         flowbill.o
    0x0802e7a4   0x00000048   Code   RO         8110    i.RecallECRVIP      iccard.o
    0x0802e7ec   0x000000fc   Code   RO         7464    i.RecallFlowHead    flowbill.o
    0x0802e8e8   0x0000007c   Code   RO         5983    i.RecallScreen      chndisp.o
    0x0802e964   0x00000098   Code   RO         8398    i.Recall_ApplRam    initappl.o
    0x0802e9fc   0x00000098   Code   RO         8399    i.Recall_Config     initappl.o
    0x0802ea94   0x000002fc   Code   RO         9150    i.ReceiptIssue      print.o
    0x0802ed90   0x000000bc   Code   RO         7779    i.RegiEnd           general.o
    0x0802ee4c   0x00000174   Code   RO         7780    i.RegiInit          general.o
    0x0802efc0   0x00000188   Code   RO         7781    i.RegiStart         general.o
    0x0802f148   0x00000030   Code   RO         9151    i.ReleaseSlip       print.o
    0x0802f178   0x00000204   Code   RO         9725    i.ReportEnd         report2.o
    0x0802f37c   0x0000018c   Code   RO        10550    i.ReportToUSB       usbdiskapp.o
    0x0802f508   0x00000044   Code   RO         9825    i.ResetReport       report.o
    0x0802f54c   0x000000a0   Code   RO         8400    i.ResetStartAddress  initappl.o
    0x0802f5ec   0x00000002   Code   RO        11255    i.Reset_printer     print_main.o
    0x0802f5ee   0x00000002   PAD
    0x0802f5f0   0x0000005c   Code   RO        11256    i.Restart_Motor     print_main.o
    0x0802f64c   0x00000130   Code   RO         6684    i.RoundBcd          extmodules.o
    0x0802f77c   0x00000016   Code   RO        10078    i.RoundTaxable      tax.o
    0x0802f792   0x00000020   Code   RO         8111    i.SCC_Ccrc          iccard.o
    0x0802f7b2   0x00000002   PAD
    0x0802f7b4   0x00000044   Code   RO         8112    i.SCC_Cript         iccard.o
    0x0802f7f8   0x0000007c   Code   RO         8113    i.SCC_SetPswd       iccard.o
    0x0802f874   0x0000000c   Code   RO         4667    i.SDIO_ClearITPendingBit  stm32f2xx_sdio.o
    0x0802f880   0x00000018   Code   RO         4679    i.SDIO_GetITStatus  stm32f2xx_sdio.o
    0x0802f898   0x00000008   Code   RO           12    i.SDIO_IRQHandler   stm32f2xx_it.o
    0x0802f8a0   0x00000020   Code   RO         4682    i.SDIO_ITConfig     stm32f2xx_sdio.o
    0x0802f8c0   0x000000c0   Code   RO         1038    i.SD_LowLevel_Init  sdio_sd.o
    0x0802f980   0x00000028   Code   RO         1041    i.SD_ProcessDMAIRQ  sdio_sd.o
    0x0802f9a8   0x000000ac   Code   RO         1042    i.SD_ProcessIRQSrc  sdio_sd.o
    0x0802fa54   0x00000018   Code   RO         4860    i.SPI_Cmd           stm32f2xx_spi.o
    0x0802fa6c   0x00000018   Code   RO        11257    i.SPI_For_Printer   print_main.o
    0x0802fa84   0x00000012   Code   RO         4868    i.SPI_I2S_GetFlagStatus  stm32f2xx_spi.o
    0x0802fa96   0x00000006   Code   RO         4871    i.SPI_I2S_ReceiveData  stm32f2xx_spi.o
    0x0802fa9c   0x00000004   Code   RO         4872    i.SPI_I2S_SendData  stm32f2xx_spi.o
    0x0802faa0   0x0000003c   Code   RO         4873    i.SPI_Init          stm32f2xx_spi.o
    0x0802fadc   0x0000005a   Code   RO          347    i.SRAM_Move         fsmc_sram.o
    0x0802fb36   0x00000026   Code   RO          348    i.SRAM_ReadBuffer   fsmc_sram.o
    0x0802fb5c   0x00000026   Code   RO          349    i.SRAM_WriteBuffer  fsmc_sram.o
    0x0802fb82   0x00000002   PAD
    0x0802fb84   0x00000058   Code   RO         1278    i.ST7565R_IO_Init   lcd_st7565r.o
    0x0802fbdc   0x00000012   Code   RO         1279    i.ST7565R_NOP       lcd_st7565r.o
    0x0802fbee   0x00000002   PAD
    0x0802fbf0   0x0000005c   Code   RO         1280    i.ST7565R_SendData  lcd_st7565r.o
    0x0802fc4c   0x00000024   Code   RO         1281    i.ST7565R_WR_CMD    lcd_st7565r.o
    0x0802fc70   0x00000024   Code   RO         1282    i.ST7565R_WR_DATA   lcd_st7565r.o
    0x0802fc94   0x00000188   Code   RO          777    i.STM32_Initial     interface.o
    0x0802fe1c   0x00000020   Code   RO         7466    i.SUB_SCANFP        flowbill.o
    0x0802fe3c   0x00000002   Code   RO           13    i.SVC_Handler       stm32f2xx_it.o
    0x0802fe3e   0x00000002   PAD
    0x0802fe40   0x00000040   Code   RO         5012    i.SYSCFG_EXTILineConfig  stm32f2xx_syscfg.o
    0x0802fe80   0x000000e4   Code   RO        15916    i.SaveGraphic       tcp_server.o
    0x0802ff64   0x0000007c   Code   RO         8401    i.Save_ApplRam      initappl.o
    0x0802ffe0   0x0000009c   Code   RO         8402    i.Save_Config       initappl.o
    0x0803007c   0x000000a4   Code   RO         8403    i.Save_ConfigApplVar  initappl.o
    0x08030120   0x0000001c   Code   RO         5984    i.ScreenFeed        chndisp.o
    0x0803013c   0x00000044   Code   RO         5985    i.ScrollScreen      chndisp.o
    0x08030180   0x000000c8   Code   RO        10551    i.SelectCSV_BIN     usbdiskapp.o
    0x08030248   0x000001cc   Code   RO         6237    i.SelectClerk       clerk.o
    0x08030414   0x00000070   Code   RO         9402    i.SelectGraphic     program.o
    0x08030484   0x000000bc   Code   RO         6685    i.SelectKeyCode     extmodules.o
    0x08030540   0x00000002   Code   RO        10023    i.SelectSalPer      salper.o
    0x08030542   0x00000014   Code   RO         6686    i.SendComm          extmodules.o
    0x08030556   0x00000002   PAD
    0x08030558   0x00000038   Code   RO         6275    i.SendComp          computer.o
    0x08030590   0x000000f4   Code   RO         8564    i.SendExtPrinter    kp.o
    0x08030684   0x000000dc   Code   RO         6276    i.SendRecord        computer.o
    0x08030760   0x00000028   Code   RO         6277    i.SendString        computer.o
    0x08030788   0x00000020   Code   RO        11258    i.Send_Byte         print_main.o
    0x080307a8   0x00000052   Code   RO         6687    i.SetBCDPoint       extmodules.o
    0x080307fa   0x00000002   PAD
    0x080307fc   0x00000044   Code   RO         6688    i.SetComm           extmodules.o
    0x08030840   0x0000007c   Code   RO         6141    i.SetEditPosition   chninput.o
    0x080308bc   0x00000094   Code   RO        11260    i.SetFontOffset_char  print_main.o
    0x08030950   0x00000264   Code   RO         6689    i.SetKeyboard       extmodules.o
    0x08030bb4   0x0000020c   Code   RO         6690    i.SetPassword       extmodules.o
    0x08030dc0   0x00000074   Code   RO        10191    i.SetPrintLayOut    buffer.o
    0x08030e34   0x0000002c   Code   RO          778    i.SetRTS            interface.o
    0x08030e60   0x0000000a   Code   RO        10337    i.SetRecIndex       menu.o
    0x08030e6a   0x00000002   PAD
    0x08030e6c   0x000000cc   Code   RO         1978    i.SetSysClock       system_stm32f2xx.o
    0x08030f38   0x00000084   Code   RO         6691    i.SetTimeDate       extmodules.o
    0x08030fbc   0x000000f8   Code   RO         9726    i.SetUpReport       report2.o
    0x080310b4   0x0000000c   Code   RO        15840    i.Set_ETHERNET_Ready  netconfig.o
    0x080310c0   0x00000020   Code   RO        11261    i.Set_HotPIN        print_main.o
    0x080310e0   0x0000004c   Code   RO        11262    i.Set_Hot_Data      print_main.o
    0x0803112c   0x00000024   Code   RO        11263    i.Set_Hot_Group     print_main.o
    0x08031150   0x00000014   Code   RO        11264    i.Set_Motor_Speed   print_main.o
    0x08031164   0x00000028   Code   RO        14094    i.Set_USBH_HID_CallBacks  usbh_hid_core.o
    0x0803118c   0x00000028   Code   RO        14207    i.Set_USBH_MSC_CallBacks  usbh_msc_core.o
    0x080311b4   0x00000028   Code   RO         9152    i.SlipMargin        print.o
    0x080311dc   0x00000080   Code   RO        11265    i.Start_Hot         print_main.o
    0x0803125c   0x0000008c   Code   RO        11266    i.Start_Motor       print_main.o
    0x080312e8   0x000000a8   Code   RO        11267    i.Start_When_Ready  print_main.o
    0x08031390   0x00000020   Code   RO        11268    i.Stop_Motor        print_main.o
    0x080313b0   0x000004d8   Code   RO        10192    i.StoreInBuffer     buffer.o
    0x08031888   0x00000100   Code   RO         8916    i.StorePbBuffer     pbbuffer.o
    0x08031988   0x00000258   Code   RO         8831    i.StorePbInvoice    pb.o
    0x08031be0   0x00000086   Code   RO         6692    i.StrToBCDValue     extmodules.o
    0x08031c66   0x00000002   PAD
    0x08031c68   0x00000080   Code   RO         6693    i.SubBCDValue12     extmodules.o
    0x08031ce8   0x00000184   Code   RO         6694    i.Subtract          extmodules.o
    0x08031e6c   0x000000c0   Code   RO         7266    i.SuspendECR        firmkey.o
    0x08031f2c   0x000002c4   Code   RO         7379    i.SuspendReceipt    fixed.o
    0x080321f0   0x00000098   Code   RO         5986    i.SuspendScreen     chndisp.o
    0x08032288   0x00000060   Code   RO        11269    i.Suspend_Motor     print_main.o
    0x080322e8   0x00000074   Code   RO           14    i.SysTick_Handler   stm32f2xx_it.o
    0x0803235c   0x0000005c   Code   RO         1980    i.SystemInit        system_stm32f2xx.o
    0x080323b8   0x000000cc   Code   RO        15917    i.TCPDecodeRecord   tcp_server.o
    0x08032484   0x00000030   Code   RO        11271    i.TESTPAPER         print_main.o
    0x080324b4   0x000001b8   Code   RO        11272    i.TIM2_IRQHandler   print_main.o
    0x0803266c   0x00000094   Code   RO        11273    i.TIM3_IRQHandler   print_main.o
    0x08032700   0x00000064   Code   RO          779    i.TIM5_Init         interface.o
    0x08032764   0x000000ac   Code   RO         1477    i.TIM6_DAC_IRQHandler  led_customer.o
    0x08032810   0x00000080   Code   RO          780    i.TIM6_Init         interface.o
    0x08032890   0x00000084   Code   RO          512    i.TIM7_IRQHandler   keyboard.o
    0x08032914   0x00000080   Code   RO          781    i.TIM7_Init         interface.o
    0x08032994   0x00000018   Code   RO         5059    i.TIM_ARRPreloadConfig  stm32f2xx_tim.o
    0x080329ac   0x00000006   Code   RO         5065    i.TIM_ClearFlag     stm32f2xx_tim.o
    0x080329b2   0x00000006   Code   RO         5066    i.TIM_ClearITPendingBit  stm32f2xx_tim.o
    0x080329b8   0x00000018   Code   RO         5071    i.TIM_Cmd           stm32f2xx_tim.o
    0x080329d0   0x00000022   Code   RO         5092    i.TIM_GetITStatus   stm32f2xx_tim.o
    0x080329f2   0x00000012   Code   RO         5096    i.TIM_ITConfig      stm32f2xx_tim.o
    0x08032a04   0x0000007c   Code   RO         5100    i.TIM_OC1Init       stm32f2xx_tim.o
    0x08032a80   0x00000014   Code   RO         5118    i.TIM_OCStructInit  stm32f2xx_tim.o
    0x08032a94   0x00000006   Code   RO         5120    i.TIM_PrescalerConfig  stm32f2xx_tim.o
    0x08032a9a   0x00000012   Code   RO         5128    i.TIM_SelectOnePulseMode  stm32f2xx_tim.o
    0x08032aac   0x00000084   Code   RO         5143    i.TIM_TimeBaseInit  stm32f2xx_tim.o
    0x08032b30   0x00001050   Code   RO        10138    i.Tender            tender.o
    0x08033b80   0x00000058   Code   RO         7966    i.TestBEEP          hardtest.o
    0x08033bd8   0x000000a4   Code   RO         8639    i.TestChangePointMust  main.o
    0x08033c7c   0x00000034   Code   RO         6695    i.TestCom123        extmodules.o
    0x08033cb0   0x00000044   Code   RO         7967    i.TestCustomer      hardtest.o
    0x08033cf4   0x00000090   Code   RO         7968    i.TestDateTime      hardtest.o
    0x08033d84   0x0000003c   Code   RO         7969    i.TestDisplay       hardtest.o
    0x08033dc0   0x00000006   Code   RO         5987    i.TestHZRight       chndisp.o
    0x08033dc6   0x00000002   PAD
    0x08033dc8   0x0000005c   Code   RO         7971    i.TestKeyboard      hardtest.o
    0x08033e24   0x00000054   Code   RO          782    i.TestLMM           interface.o
    0x08033e78   0x00000008   Code   RO         7972    i.TestOpenDrawer    hardtest.o
    0x08033e80   0x0000004c   Code   RO        11274    i.TestPrintGoingOn  print_main.o
    0x08033ecc   0x000001d8   Code   RO         7973    i.TestPrinter       hardtest.o
    0x080340a4   0x00000002   Code   RO         7974    i.TestPrnPower      hardtest.o
    0x080340a6   0x00000006   Code   RO          783    i.TestRam           interface.o
    0x080340ac   0x000002e0   Code   RO         7975    i.TestRomRam        hardtest.o
    0x0803438c   0x0000009c   Code   RO         6697    i.TestRtc           extmodules.o
    0x08034428   0x000000f0   Code   RO         7976    i.TestSerial123     hardtest.o
    0x08034518   0x00000348   Code   RO         6349    i.TransactionVoid   correc.o
    0x08034860   0x000000b4   Code   RO          252    i.UARTGet           usart.o
    0x08034914   0x000002ac   Code   RO          253    i.UARTInit          usart.o
    0x08034bc0   0x00000078   Code   RO          254    i.UARTSend          usart.o
    0x08034c38   0x00000018   Code   RO          257    i.UART_GetChar_nb   usart.o
    0x08034c50   0x0000000e   Code   RO          258    i.UART_PutChar      usart.o
    0x08034c5e   0x00000016   Code   RO          259    i.UART_PutString    usart.o
    0x08034c74   0x00000066   Code   RO         6698    i.ULong64toASC      extmodules.o
    0x08034cda   0x00000044   Code   RO         6699    i.ULongToBCDValue   extmodules.o
    0x08034d1e   0x00000050   Code   RO         6701    i.ULongtoASCL       extmodules.o
    0x08034d6e   0x00000002   PAD
    0x08034d70   0x000000d0   Code   RO           15    i.USART1_IRQHandler  stm32f2xx_it.o
    0x08034e40   0x000000e0   Code   RO           16    i.USART2_IRQHandler  stm32f2xx_it.o
    0x08034f20   0x000000e0   Code   RO           17    i.USART3_IRQHandler  stm32f2xx_it.o
    0x08035000   0x00000018   Code   RO         5617    i.USART_Cmd         stm32f2xx_usart.o
    0x08035018   0x0000001a   Code   RO         5620    i.USART_GetFlagStatus  stm32f2xx_usart.o
    0x08035032   0x00000054   Code   RO         5621    i.USART_GetITStatus  stm32f2xx_usart.o
    0x08035086   0x0000004a   Code   RO         5623    i.USART_ITConfig    stm32f2xx_usart.o
    0x080350d0   0x000000d4   Code   RO         5624    i.USART_Init        stm32f2xx_usart.o
    0x080351a4   0x00000016   Code   RO         5630    i.USART_OverSampling8Cmd  stm32f2xx_usart.o
    0x080351ba   0x0000000a   Code   RO         5631    i.USART_ReceiveData  stm32f2xx_usart.o
    0x080351c4   0x00000008   Code   RO         5634    i.USART_SendData    stm32f2xx_usart.o
    0x080351cc   0x00000028   Code   RO          260    i.USART_printf      usart.o
    0x080351f4   0x00000028   Code   RO        12042    i.USBD_USR_DeviceConfigured  usbd_usr.o
    0x0803521c   0x00000024   Code   RO        12043    i.USBD_USR_DeviceConnected  usbd_usr.o
    0x08035240   0x00000028   Code   RO        12044    i.USBD_USR_DeviceDisconnected  usbd_usr.o
    0x08035268   0x00000002   Code   RO        12045    i.USBD_USR_DeviceReset  usbd_usr.o
    0x0803526a   0x00000002   Code   RO        12046    i.USBD_USR_DeviceResumed  usbd_usr.o
    0x0803526c   0x00000028   Code   RO        12047    i.USBD_USR_DeviceSuspended  usbd_usr.o
    0x08035294   0x00000040   Code   RO        12048    i.USBD_USR_Init     usbd_usr.o
    0x080352d4   0x00000026   Code   RO        13831    i.USBH_Alloc_Channel  usbh_hcs.o
    0x080352fa   0x00000060   Code   RO        13756    i.USBH_BulkReceiveData  usbh_ioreq.o
    0x0803535a   0x0000005e   Code   RO        13757    i.USBH_BulkSendData  usbh_ioreq.o
    0x080353b8   0x0000004c   Code   RO        13945    i.USBH_ClrFeature   usbh_stdreq.o
    0x08035404   0x0000000c   Code   RO        13876    i.USBH_Connected    usbh_core.o
    0x08035410   0x00000046   Code   RO        13758    i.USBH_CtlReceiveData  usbh_ioreq.o
    0x08035456   0x00000064   Code   RO        13759    i.USBH_CtlReq       usbh_ioreq.o
    0x080354ba   0x0000006e   Code   RO        13760    i.USBH_CtlSendData  usbh_ioreq.o
    0x08035528   0x00000042   Code   RO        13761    i.USBH_CtlSendSetup  usbh_ioreq.o
    0x0803556a   0x0000001c   Code   RO        13832    i.USBH_DeAllocate_AllChannel  usbh_hcs.o
    0x08035586   0x0000003a   Code   RO        13877    i.USBH_DeInit       usbh_core.o
    0x080355c0   0x0000000c   Code   RO        13878    i.USBH_Disconnected  usbh_core.o
    0x080355cc   0x0000002e   Code   RO        13879    i.USBH_ErrorHandle  usbh_core.o
    0x080355fa   0x0000001e   Code   RO        13833    i.USBH_Free_Channel  usbh_hcs.o
    0x08035618   0x00000044   Code   RO        13946    i.USBH_GetDescriptor  usbh_stdreq.o
    0x0803565c   0x00000028   Code   RO        13834    i.USBH_GetFreeChannel  usbh_hcs.o
    0x08035684   0x00000012   Code   RO        13947    i.USBH_GetNextDesc  usbh_stdreq.o
    0x08035696   0x00000002   PAD
    0x08035698   0x0000005c   Code   RO        13948    i.USBH_Get_CfgDesc  usbh_stdreq.o
    0x080356f4   0x00000038   Code   RO        13949    i.USBH_Get_DevDesc  usbh_stdreq.o
    0x0803572c   0x00000028   Code   RO        14095    i.USBH_Get_HID_Descriptor  usbh_hid_core.o
    0x08035754   0x00000028   Code   RO        14096    i.USBH_Get_HID_ReportDescriptor  usbh_hid_core.o
    0x0803577c   0x0000003c   Code   RO        13950    i.USBH_Get_StringDesc  usbh_stdreq.o
    0x080357b8   0x000000b0   Code   RO        14097    i.USBH_HID_ClassRequest  usbh_hid_core.o
    0x08035868   0x00000104   Code   RO        14098    i.USBH_HID_Handle   usbh_hid_core.o
    0x0803596c   0x00000068   Code   RO        14099    i.USBH_HID_InterfaceDeInit  usbh_hid_core.o
    0x080359d4   0x00000158   Code   RO        14100    i.USBH_HID_InterfaceInit  usbh_hid_core.o
    0x08035b2c   0x00000224   Code   RO        13880    i.USBH_HandleControl  usbh_core.o
    0x08035d50   0x000001e0   Code   RO        13881    i.USBH_HandleEnum   usbh_core.o
    0x08035f30   0x00000044   Code   RO        13882    i.USBH_Init         usbh_core.o
    0x08035f74   0x00000078   Code   RO        13762    i.USBH_InterruptReceiveData  usbh_ioreq.o
    0x08035fec   0x00000024   Code   RO        14208    i.USBH_MSC_BOTReset  usbh_msc_core.o
    0x08036010   0x00000060   Code   RO        14166    i.USBH_MSC_BOT_Abort  usbh_msc_bot.o
    0x08036070   0x00000014   Code   RO        14209    i.USBH_MSC_ClassRequest  usbh_msc_core.o
    0x08036084   0x00000080   Code   RO        14167    i.USBH_MSC_DecodeCSW  usbh_msc_bot.o
    0x08036104   0x00000044   Code   RO        14210    i.USBH_MSC_ErrorHandle  usbh_msc_core.o
    0x08036148   0x0000002c   Code   RO        14211    i.USBH_MSC_GETMaxLUN  usbh_msc_core.o
    0x08036174   0x000001a8   Code   RO        14212    i.USBH_MSC_Handle   usbh_msc_core.o
    0x0803631c   0x00000350   Code   RO        14168    i.USBH_MSC_HandleBOTXfer  usbh_msc_bot.o
    0x0803666c   0x00000044   Code   RO        14169    i.USBH_MSC_Init     usbh_msc_bot.o
    0x080366b0   0x0000004c   Code   RO        14213    i.USBH_MSC_InterfaceDeInit  usbh_msc_core.o
    0x080366fc   0x000000d0   Code   RO        14214    i.USBH_MSC_InterfaceInit  usbh_msc_core.o
    0x080367cc   0x000000d0   Code   RO        14309    i.USBH_MSC_ModeSense6  usbh_msc_scsi.o
    0x0803689c   0x00000100   Code   RO        14310    i.USBH_MSC_Read10   usbh_msc_scsi.o
    0x0803699c   0x000000dc   Code   RO        14311    i.USBH_MSC_ReadCapacity10  usbh_msc_scsi.o
    0x08036a78   0x000000e0   Code   RO        14312    i.USBH_MSC_RequestSense  usbh_msc_scsi.o
    0x08036b58   0x000000b0   Code   RO        14313    i.USBH_MSC_TestUnitReady  usbh_msc_scsi.o
    0x08036c08   0x000000e4   Code   RO        14314    i.USBH_MSC_Write10  usbh_msc_scsi.o
    0x08036cec   0x00000064   Code   RO        13835    i.USBH_Modify_Channel  usbh_hcs.o
    0x08036d50   0x000000a8   Code   RO        12634    i.USBH_OTG_ISR_Handler  usb_hcd_int.o
    0x08036df8   0x0000009a   Code   RO        13836    i.USBH_Open_Channel  usbh_hcs.o
    0x08036e92   0x00000002   PAD
    0x08036e94   0x0000011c   Code   RO        13951    i.USBH_ParseCfgDesc  usbh_stdreq.o
    0x08036fb0   0x00000058   Code   RO        13952    i.USBH_ParseDevDesc  usbh_stdreq.o
    0x08037008   0x00000020   Code   RO        13953    i.USBH_ParseEPDesc  usbh_stdreq.o
    0x08037028   0x0000002a   Code   RO        14101    i.USBH_ParseHIDDesc  usbh_hid_core.o
    0x08037052   0x00000026   Code   RO        13954    i.USBH_ParseInterfaceDesc  usbh_stdreq.o
    0x08037078   0x00000036   Code   RO        13955    i.USBH_ParseStringDesc  usbh_stdreq.o
    0x080370ae   0x00000198   Code   RO        13883    i.USBH_Process      usbh_core.o
    0x08037246   0x00000006   Code   RO        13884    i.USBH_SOF          usbh_core.o
    0x0803724c   0x00000026   Code   RO        13956    i.USBH_SetAddress   usbh_stdreq.o
    0x08037272   0x00000026   Code   RO        13957    i.USBH_SetCfg       usbh_stdreq.o
    0x08037298   0x00000030   Code   RO        14102    i.USBH_Set_Idle     usbh_hid_core.o
    0x080372c8   0x00000030   Code   RO        14103    i.USBH_Set_Protocol  usbh_hid_core.o
    0x080372f8   0x00000018   Code   RO        13766    i.USBH_SubmitSetupRequest  usbh_ioreq.o
    0x08037310   0x0000004c   Code   RO        12106    i.USBH_USR_Configuration_DescAvailable  usbh_msc_usr.o
    0x0803735c   0x00000014   Code   RO        12107    i.USBH_USR_DeInit   usbh_msc_usr.o
    0x08037370   0x00000028   Code   RO        12108    i.USBH_USR_DeviceAddressAssigned  usbh_msc_usr.o
    0x08037398   0x00000010   Code   RO        12109    i.USBH_USR_DeviceAttached  usbh_msc_usr.o
    0x080373a8   0x0000001c   Code   RO        12110    i.USBH_USR_DeviceDisconnected  usbh_msc_usr.o
    0x080373c4   0x0000002c   Code   RO        12111    i.USBH_USR_DeviceNotSupported  usbh_msc_usr.o
    0x080373f0   0x00000040   Code   RO        12112    i.USBH_USR_DeviceSpeedDetected  usbh_msc_usr.o
    0x08037430   0x00000038   Code   RO        12113    i.USBH_USR_Device_DescAvailable  usbh_msc_usr.o
    0x08037468   0x00000010   Code   RO        12114    i.USBH_USR_EnumerationDone  usbh_msc_usr.o
    0x08037478   0x0000007c   Code   RO        12115    i.USBH_USR_Init     usbh_msc_usr.o
    0x080374f4   0x00000014   Code   RO        12116    i.USBH_USR_MSC_Application  usbh_msc_usr.o
    0x08037508   0x00000024   Code   RO        12117    i.USBH_USR_Manufacturer_String  usbh_msc_usr.o
    0x0803752c   0x00000024   Code   RO        12118    i.USBH_USR_OverCurrentDetected  usbh_msc_usr.o
    0x08037550   0x00000020   Code   RO        12119    i.USBH_USR_Product_String  usbh_msc_usr.o
    0x08037570   0x0000001c   Code   RO        12120    i.USBH_USR_ResetDevice  usbh_msc_usr.o
    0x0803758c   0x00000018   Code   RO        12121    i.USBH_USR_SerialNum_String  usbh_msc_usr.o
    0x080375a4   0x00000010   Code   RO        12122    i.USBH_USR_UnrecoveredError  usbh_msc_usr.o
    0x080375b4   0x00000004   Code   RO        12123    i.USBH_USR_UserInput  usbh_msc_usr.o
    0x080375b8   0x00000070   Code   RO         1792    i.USB_Detect        usb_application.o
    0x08037628   0x00000020   Code   RO         1797    i.USB_DiskReady     usb_application.o
    0x08037648   0x00000020   Code   RO         1801    i.USB_HandleDisconnect  usb_application.o
    0x08037668   0x00000044   Code   RO        12285    i.USB_OTG_BSP_ConfigVBUS  usb_bsp.o
    0x080376ac   0x00000020   Code   RO        12286    i.USB_OTG_BSP_DriveVBUS  usb_bsp.o
    0x080376cc   0x0000002c   Code   RO        12287    i.USB_OTG_BSP_EnableInterrupt  usb_bsp.o
    0x080376f8   0x00000064   Code   RO        12288    i.USB_OTG_BSP_Init  usb_bsp.o
    0x0803775c   0x0000000c   Code   RO        12289    i.USB_OTG_BSP_mDelay  usb_bsp.o
    0x08037768   0x0000000c   Code   RO        12290    i.USB_OTG_BSP_uDelay  usb_bsp.o
    0x08037774   0x0000011a   Code   RO        12701    i.USB_OTG_CoreInit  usb_core.o
    0x0803788e   0x000000d6   Code   RO        12703    i.USB_OTG_CoreInitHost  usb_core.o
    0x08037964   0x0000006c   Code   RO        12704    i.USB_OTG_CoreReset  usb_core.o
    0x080379d0   0x00000022   Code   RO        12705    i.USB_OTG_DisableGlobalInt  usb_core.o
    0x080379f2   0x0000005c   Code   RO        12706    i.USB_OTG_DriveVbus  usb_core.o
    0x08037a4e   0x00000034   Code   RO        12715    i.USB_OTG_EnableCommonInt  usb_core.o
    0x08037a82   0x00000022   Code   RO        12717    i.USB_OTG_EnableGlobalInt  usb_core.o
    0x08037aa4   0x00000074   Code   RO        12718    i.USB_OTG_EnableHostInt  usb_core.o
    0x08037b18   0x0000004c   Code   RO        12719    i.USB_OTG_FlushRxFifo  usb_core.o
    0x08037b64   0x00000054   Code   RO        12720    i.USB_OTG_FlushTxFifo  usb_core.o
    0x08037bb8   0x0000000c   Code   RO        12723    i.USB_OTG_GetMode   usb_core.o
    0x08037bc4   0x0000005a   Code   RO        12724    i.USB_OTG_HC_DoPing  usb_core.o
    0x08037c1e   0x00000082   Code   RO        12725    i.USB_OTG_HC_Halt   usb_core.o
    0x08037ca0   0x00000238   Code   RO        12726    i.USB_OTG_HC_Init   usb_core.o
    0x08037ed8   0x000001f6   Code   RO        12727    i.USB_OTG_HC_StartXfer  usb_core.o
    0x080380ce   0x00000018   Code   RO        12729    i.USB_OTG_InitFSLSPClkSel  usb_core.o
    0x080380e6   0x00000010   Code   RO        12731    i.USB_OTG_IsEvenFrame  usb_core.o
    0x080380f6   0x00000014   Code   RO        12732    i.USB_OTG_IsHostMode  usb_core.o
    0x0803810a   0x00000010   Code   RO        12733    i.USB_OTG_ReadCoreItr  usb_core.o
    0x0803811a   0x00000030   Code   RO        12737    i.USB_OTG_ReadHPRT0  usb_core.o
    0x0803814a   0x00000008   Code   RO        12738    i.USB_OTG_ReadHostAllChannels_intr  usb_core.o
    0x08038152   0x00000028   Code   RO        12740    i.USB_OTG_ReadPacket  usb_core.o
    0x0803817a   0x00000040   Code   RO        12741    i.USB_OTG_ResetPort  usb_core.o
    0x080381ba   0x00000002   PAD
    0x080381bc   0x000000d0   Code   RO        12742    i.USB_OTG_SelectCore  usb_core.o
    0x0803828c   0x0000004e   Code   RO        12743    i.USB_OTG_SetCurrentMode  usb_core.o
    0x080382da   0x00000002   PAD
    0x080382dc   0x0000002c   Code   RO        12635    i.USB_OTG_USBH_handle_Disconnect_ISR  usb_hcd_int.o
    0x08038308   0x00000046   Code   RO        12636    i.USB_OTG_USBH_handle_IncompletePeriodicXfer_ISR  usb_hcd_int.o
    0x0803834e   0x00000056   Code   RO        12637    i.USB_OTG_USBH_handle_hc_ISR  usb_hcd_int.o
    0x080383a4   0x00000428   Code   RO        12638    i.USB_OTG_USBH_handle_hc_n_In_ISR  usb_hcd_int.o
    0x080387cc   0x000003d0   Code   RO        12639    i.USB_OTG_USBH_handle_hc_n_Out_ISR  usb_hcd_int.o
    0x08038b9c   0x0000012e   Code   RO        12640    i.USB_OTG_USBH_handle_nptxfempty_ISR  usb_hcd_int.o
    0x08038cca   0x00000002   PAD
    0x08038ccc   0x00000120   Code   RO        12641    i.USB_OTG_USBH_handle_port_ISR  usb_hcd_int.o
    0x08038dec   0x0000012e   Code   RO        12642    i.USB_OTG_USBH_handle_ptxfempty_ISR  usb_hcd_int.o
    0x08038f1a   0x00000164   Code   RO        12643    i.USB_OTG_USBH_handle_rx_qlvl_ISR  usb_hcd_int.o
    0x0803907e   0x00000002   PAD
    0x08039080   0x0000002c   Code   RO        12644    i.USB_OTG_USBH_handle_sof_ISR  usb_hcd_int.o
    0x080390ac   0x00000040   Code   RO        12748    i.USB_OTG_WritePacket  usb_core.o
    0x080390ec   0x00000048   Code   RO         1802    i.USB_Start         usb_application.o
    0x08039134   0x00000010   Code   RO        12124    i.USR_KEYBRD_Init   usbh_msc_usr.o
    0x08039144   0x00000030   Code   RO        12125    i.USR_KEYBRD_ProcessData  usbh_msc_usr.o
    0x08039174   0x00000002   Code   RO        12126    i.USR_MOUSE_Init    usbh_msc_usr.o
    0x08039176   0x00000002   Code   RO        12127    i.USR_MOUSE_ProcessData  usbh_msc_usr.o
    0x08039178   0x00000020   Code   RO        10552    i.U_CloseFile       usbdiskapp.o
    0x08039198   0x0000004c   Code   RO        10553    i.U_CreateFile      usbdiskapp.o
    0x080391e4   0x0000000c   Code   RO        10557    i.U_FileSize        usbdiskapp.o
    0x080391f0   0x00000020   Code   RO        10558    i.U_LocateFile      usbdiskapp.o
    0x08039210   0x00000068   Code   RO        10559    i.U_OpenFile        usbdiskapp.o
    0x08039278   0x0000003c   Code   RO        10560    i.U_ReadFile        usbdiskapp.o
    0x080392b4   0x00000030   Code   RO        10561    i.U_ResetFolder     usbdiskapp.o
    0x080392e4   0x00000024   Code   RO        10562    i.U_WriteFile       usbdiskapp.o
    0x08039308   0x0000077c   Code   RO         1951    i.UpdateBIOS        ecr_iap.o
    0x08039a84   0x000002f0   Code   RO         8917    i.UpdatePbRecord    pbbuffer.o
    0x08039d74   0x00000004   Code   RO           18    i.UsageFault_Handler  stm32f2xx_it.o
    0x08039d78   0x00000038   Code   RO        10339    i.VirtualInputStr   menu.o
    0x08039db0   0x00000034   Code   RO        10340    i.VirtualInputWord  menu.o
    0x08039de4   0x00000036   Code   RO         6702    i.WORDtoASC         extmodules.o
    0x08039e1a   0x00000068   Code   RO         6703    i.WORDtoASCL        extmodules.o
    0x08039e82   0x0000002c   Code   RO         6704    i.WORDtoASCZero     extmodules.o
    0x08039eae   0x0000006a   Code   RO         6705    i.WORDtoBCD         extmodules.o
    0x08039f18   0x00000158   Code   RO         6706    i.WaitForYesNo      extmodules.o
    0x0803a070   0x00000018   Code   RO         6707    i.WaitOnLine        extmodules.o
    0x0803a088   0x0000007c   Code   RO        11275    i.Wait_Paper        print_main.o
    0x0803a104   0x0000002c   Code   RO         6708    i.WidthofWORD       extmodules.o
    0x0803a130   0x00000040   Code   RO         6238    i.WriteClerk        clerk.o
    0x0803a170   0x0000002c   Code   RO         6350    i.WriteCorrec       correc.o
    0x0803a19c   0x0000002c   Code   RO         6396    i.WriteCurr         currency.o
    0x0803a1c8   0x00000088   Code   RO         6443    i.WriteDept         depart.o
    0x0803a250   0x0000002c   Code   RO         6496    i.WriteDisc         discount.o
    0x0803a27c   0x0000002c   Code   RO         6548    i.WriteDrawer       drawer.o
    0x0803a2a8   0x0000005c   Code   RO         8114    i.WriteECRVIPVar    iccard.o
    0x0803a304   0x0000002c   Code   RO         7928    i.WriteGroup        group.o
    0x0803a330   0x00000028   Code   RO         8335    i.WriteICBlock      iccardblock.o
    0x0803a358   0x0000002c   Code   RO         8748    i.WriteModi         modifier.o
    0x0803a384   0x000000a8   Code   RO         8783    i.WriteOFFPrice     offprice.o
    0x0803a42c   0x0000005c   Code   RO        10563    i.WritePBTotal      usbdiskapp.o
    0x0803a488   0x0000002c   Code   RO         8832    i.WritePbF          pb.o
    0x0803a4b4   0x000000d0   Code   RO         8966    i.WritePlu          plu.o
    0x0803a584   0x00000040   Code   RO         8967    i.WritePluInventory  plu.o
    0x0803a5c4   0x000000f8   Code   RO         8968    i.WritePlu_At       plu.o
    0x0803a6bc   0x0000002c   Code   RO         9063    i.WritePoRa         pora.o
    0x0803a6e8   0x0000003c   Code   RO         9102    i.WritePort         port.o
    0x0803a724   0x00000024   Code   RO          784    i.WriteRam          interface.o
    0x0803a748   0x00000002   Code   RO        10024    i.WriteSalPer       salper.o
    0x0803a74a   0x00000002   PAD
    0x0803a74c   0x00000040   Code   RO        10079    i.WriteTax          tax.o
    0x0803a78c   0x0000002c   Code   RO        10139    i.WriteTender       tender.o
    0x0803a7b8   0x000000c8   Code   RO         7468    i.WriteToLogRam     flowbill.o
    0x0803a880   0x00000120   Code   RO         7782    i.WriteTotal        general.o
    0x0803a9a0   0x00000028   Code   RO        16261    i.__ARM_fpclassify  m_ws.l(fpclassify.o)
    0x0803a9c8   0x0000000e   Code   RO        16067    i._is_digit         c_w.l(__printf_wp.o)
    0x0803a9d6   0x00000002   PAD
    0x0803a9d8   0x00000078   Code   RO         1671    i.bFlashAutoSelect  flashb.o
    0x0803aa50   0x00000050   Code   RO         1676    i.bFlashDataToggle  flashb.o
    0x0803aaa0   0x000000c4   Code   RO         1677    i.bFlashMBlockErase  flashb.o
    0x0803ab64   0x00000018   Code   RO         1678    i.bFlashPause       flashb.o
    0x0803ab7c   0x00000100   Code   RO         1679    i.bFlashProgram     flashb.o
    0x0803ac7c   0x0000000a   Code   RO         1680    i.bFlashRead        flashb.o
    0x0803ac86   0x0000003c   Code   RO         1681    i.bFlashReadBuffer  flashb.o
    0x0803acc2   0x00000012   Code   RO         1682    i.bFlashReadReset   flashb.o
    0x0803acd4   0x00000008   Code   RO         1683    i.bFlashWrite       flashb.o
    0x0803acdc   0x00000090   Code   RO        12331    i.check_fs          ff.o
    0x0803ad6c   0x00000014   Code   RO        12332    i.chk_chr           ff.o
    0x0803ad80   0x000002f0   Code   RO        12333    i.chk_mounted       ff.o
    0x0803b070   0x0000001a   Code   RO        12334    i.clust2sect        ff.o
    0x0803b08a   0x000000b6   Code   RO        12335    i.create_chain      ff.o
    0x0803b140   0x00000158   Code   RO        12336    i.create_name       ff.o
    0x0803b298   0x0000005c   Code   RO        12337    i.dir_find          ff.o
    0x0803b2f4   0x00000112   Code   RO        12338    i.dir_next          ff.o
    0x0803b406   0x00000078   Code   RO        12340    i.dir_register      ff.o
    0x0803b47e   0x0000009c   Code   RO        12342    i.dir_seek          ff.o
    0x0803b51a   0x00000002   PAD
    0x0803b51c   0x00000028   Code   RO        14266    i.disk_initialize   usbh_msc_fatfs.o
    0x0803b544   0x00000060   Code   RO        14267    i.disk_ioctl        usbh_msc_fatfs.o
    0x0803b5a4   0x0000006c   Code   RO        14268    i.disk_read         usbh_msc_fatfs.o
    0x0803b610   0x00000014   Code   RO        14269    i.disk_status       usbh_msc_fatfs.o
    0x0803b624   0x0000007c   Code   RO        14270    i.disk_write        usbh_msc_fatfs.o
    0x0803b6a0   0x0000013c   Code   RO        15743    i.enc28j60Init      enc28j60.o
    0x0803b7dc   0x000000c0   Code   RO        15744    i.enc28j60PacketReceive  enc28j60.o
    0x0803b89c   0x00000066   Code   RO        15745    i.enc28j60PacketSend  enc28j60.o
    0x0803b902   0x0000002e   Code   RO        15746    i.enc28j60PhyWrite  enc28j60.o
    0x0803b930   0x00000014   Code   RO        15747    i.enc28j60Read      enc28j60.o
    0x0803b944   0x00000038   Code   RO        15748    i.enc28j60ReadBuffer  enc28j60.o
    0x0803b97c   0x00000040   Code   RO        15749    i.enc28j60ReadOp    enc28j60.o
    0x0803b9bc   0x00000034   Code   RO        15750    i.enc28j60SetBank   enc28j60.o
    0x0803b9f0   0x00000018   Code   RO        15751    i.enc28j60Write     enc28j60.o
    0x0803ba08   0x00000034   Code   RO        15752    i.enc28j60WriteBuffer  enc28j60.o
    0x0803ba3c   0x00000038   Code   RO        15753    i.enc28j60WriteOp   enc28j60.o
    0x0803ba74   0x00000010   Code   RO        15754    i.enc28j60clkout    enc28j60.o
    0x0803ba84   0x00000204   Code   RO        14361    i.etharp_arp_input  etharp.o
    0x0803bc88   0x00000090   Code   RO        14363    i.etharp_ip_input   etharp.o
    0x0803bd18   0x000000dc   Code   RO        14364    i.etharp_output     etharp.o
    0x0803bdf4   0x0000027c   Code   RO        14365    i.etharp_query      etharp.o
    0x0803c070   0x0000016c   Code   RO        14366    i.etharp_raw        etharp.o
    0x0803c1dc   0x00000030   Code   RO        14367    i.etharp_request    etharp.o
    0x0803c20c   0x00000090   Code   RO        14368    i.etharp_send_ip    etharp.o
    0x0803c29c   0x000000ac   Code   RO        14369    i.etharp_tmr        etharp.o
    0x0803c348   0x000000f0   Code   RO        14370    i.ethernet_input    etharp.o
    0x0803c438   0x00000048   Code   RO        14483    i.ethernetif_init   ethernetif.o
    0x0803c480   0x00000032   Code   RO        14484    i.ethernetif_input  ethernetif.o
    0x0803c4b2   0x0000005e   Code   RO        12343    i.f_chdir           ff.o
    0x0803c510   0x00000016   Code   RO        12346    i.f_close           ff.o
    0x0803c526   0x000001c0   Code   RO        12349    i.f_lseek           ff.o
    0x0803c6e6   0x00000194   Code   RO        12350    i.f_mkdir           ff.o
    0x0803c87a   0x00000002   PAD
    0x0803c87c   0x0000002c   Code   RO        12352    i.f_mount           ff.o
    0x0803c8a8   0x00000188   Code   RO        12353    i.f_open            ff.o
    0x0803ca30   0x00000068   Code   RO        12354    i.f_opendir         ff.o
    0x0803ca98   0x000001d0   Code   RO        12358    i.f_read            ff.o
    0x0803cc68   0x000000b6   Code   RO        12362    i.f_sync            ff.o
    0x0803cd1e   0x0000020e   Code   RO        12366    i.f_write           ff.o
    0x0803cf2c   0x000002a4   Code   RO        14371    i.find_entry        etharp.o
    0x0803d1d0   0x000000ae   Code   RO        12367    i.follow_path       ff.o
    0x0803d27e   0x00000002   PAD
    0x0803d280   0x000000bc   Code   RO        14372    i.free_etharp_q     etharp.o
    0x0803d33c   0x00000112   Code   RO        12368    i.get_fat           ff.o
    0x0803d44e   0x0000003c   Code   RO          785    i.get_fattime       interface.o
    0x0803d48a   0x0000001a   Code   RO        15485    i.htonl             inet.o
    0x0803d4a4   0x0000000c   Code   RO        15486    i.htons             inet.o
    0x0803d4b0   0x00000026   Code   RO         8115    i.icBCD2EcrBCD      iccard.o
    0x0803d4d6   0x00000012   Code   RO        15449    i.icmp_dest_unreach  icmp.o
    0x0803d4e8   0x000003d8   Code   RO        15450    i.icmp_input        icmp.o
    0x0803d8c0   0x00000108   Code   RO        15451    i.icmp_send_response  icmp.o
    0x0803d9c8   0x00000012   Code   RO        15452    i.icmp_time_exceeded  icmp.o
    0x0803d9da   0x00000014   Code   RO        15534    i.inet_chksum       inet_chksum.o
    0x0803d9ee   0x00000056   Code   RO        15535    i.inet_chksum_pbuf  inet_chksum.o
    0x0803da44   0x000000aa   Code   RO        15536    i.inet_chksum_pseudo  inet_chksum.o
    0x0803daee   0x0000004e   Code   RO        15610    i.ip_addr_isbroadcast  ip_addr.o
    0x0803db3c   0x00000160   Code   RO        15390    i.ip_frag           ip_frag.o
    0x0803dc9c   0x0000028c   Code   RO        15570    i.ip_input          ip.o
    0x0803df28   0x00000050   Code   RO        15571    i.ip_output         ip.o
    0x0803df78   0x000001a8   Code   RO        15572    i.ip_output_if      ip.o
    0x0803e120   0x000001f8   Code   RO        15391    i.ip_reass          ip_frag.o
    0x0803e318   0x000002e4   Code   RO        15392    i.ip_reass_chain_frag_into_datagram_and_validate  ip_frag.o
    0x0803e5fc   0x00000088   Code   RO        15393    i.ip_reass_dequeue_datagram  ip_frag.o
    0x0803e684   0x00000068   Code   RO        15394    i.ip_reass_enqueue_new_datagram  ip_frag.o
    0x0803e6ec   0x00000138   Code   RO        15395    i.ip_reass_free_complete_datagram  ip_frag.o
    0x0803e824   0x0000007c   Code   RO        15396    i.ip_reass_remove_oldest_datagram  ip_frag.o
    0x0803e8a0   0x00000068   Code   RO        15573    i.ip_route          ip.o
    0x0803e908   0x00000264   Code   RO          513    i.keydown           keyboard.o
    0x0803eb6c   0x0000008c   Code   RO          514    i.keyscan           keyboard.o
    0x0803ebf8   0x000000ac   Code   RO          515    i.lockscan          keyboard.o
    0x0803eca4   0x0000005c   Code   RO        14485    i.low_level_init    ethernetif.o
    0x0803ed00   0x0000005c   Code   RO        14486    i.low_level_input   ethernetif.o
    0x0803ed5c   0x00000038   Code   RO        14487    i.low_level_output  ethernetif.o
    0x0803ed94   0x00000010   Code   RO        14690    i.lwip_init         init.o
    0x0803eda4   0x00000002   Code   RO        14691    i.lwip_sanity_check  init.o
    0x0803eda6   0x0000004a   Code   RO        15537    i.lwip_standard_chksum  inet_chksum.o
    0x0803edf0   0x00000088   Code   RO         1284    i.mClearScreen      lcd_st7565r.o
    0x0803ee78   0x000000e8   Code   RO         1285    i.mDispCharXY       lcd_st7565r.o
    0x0803ef60   0x000000a4   Code   RO         1286    i.mDispCursor       lcd_st7565r.o
    0x0803f004   0x00000030   Code   RO         1288    i.mDispStringXY     lcd_st7565r.o
    0x0803f034   0x000001ac   Code   RO         1290    i.mDrawABox         lcd_st7565r.o
    0x0803f1e0   0x000000a0   Code   RO         1291    i.mDrawChar         lcd_st7565r.o
    0x0803f280   0x000000ac   Code   RO         1292    i.mDrawGPRS         lcd_st7565r.o
    0x0803f32c   0x00000002   Code   RO         1293    i.mDrawPower        lcd_st7565r.o
    0x0803f32e   0x00000002   PAD
    0x0803f330   0x00000038   Code   RO         1294    i.mEnCursor         lcd_st7565r.o
    0x0803f368   0x00000060   Code   RO         1295    i.mInitialLCD       lcd_st7565r.o
    0x0803f3c8   0x0000001c   Code   RO         1296    i.mLightLCDOff      lcd_st7565r.o
    0x0803f3e4   0x0000001c   Code   RO         1297    i.mLightLCDOn       lcd_st7565r.o
    0x0803f400   0x00000048   Code   RO         1299    i.mRefreshLine      lcd_st7565r.o
    0x0803f448   0x0000001a   Code   RO         1300    i.mSetContrast      lcd_st7565r.o
    0x0803f462   0x00000002   PAD
    0x0803f464   0x00000034   Code   RO         1301    i.mSetState         lcd_st7565r.o
    0x0803f498   0x00000150   Code   RO         8640    i.main              main.o
    0x0803f5e8   0x00000026   Code   RO        12370    i.mem_cmp           ff.o
    0x0803f60e   0x0000001a   Code   RO        12371    i.mem_cpy           ff.o
    0x0803f628   0x00000190   Code   RO        14737    i.mem_free          mem.o
    0x0803f7b8   0x00000070   Code   RO        14738    i.mem_init          mem.o
    0x0803f828   0x000002f8   Code   RO        14739    i.mem_malloc        mem.o
    0x0803fb20   0x00000214   Code   RO        14740    i.mem_realloc       mem.o
    0x0803fd34   0x00000014   Code   RO        12372    i.mem_set           ff.o
    0x0803fd48   0x000000e8   Code   RO        14780    i.memp_free         memp.o
    0x0803fe30   0x0000009c   Code   RO        14781    i.memp_init         memp.o
    0x0803fecc   0x00000180   Code   RO        14782    i.memp_malloc       memp.o
    0x0804004c   0x00000072   Code   RO        12373    i.move_window       ff.o
    0x080400be   0x00000002   PAD
    0x080400c0   0x0000001c   Code   RO          786    i.msDelay           interface.o
    0x080400dc   0x00000084   Code   RO        14824    i.netif_add         netif.o
    0x08040160   0x0000000c   Code   RO        14826    i.netif_is_up       netif.o
    0x0804016c   0x00000028   Code   RO        14828    i.netif_set_addr    netif.o
    0x08040194   0x00000010   Code   RO        14829    i.netif_set_default  netif.o
    0x080401a4   0x00000010   Code   RO        14831    i.netif_set_gw      netif.o
    0x080401b4   0x00000084   Code   RO        14832    i.netif_set_ipaddr  netif.o
    0x08040238   0x00000010   Code   RO        14833    i.netif_set_netmask  netif.o
    0x08040248   0x0000002c   Code   RO        14834    i.netif_set_up      netif.o
    0x08040274   0x0000000c   Code   RO        15490    i.ntohl             inet.o
    0x08040280   0x0000000c   Code   RO        15491    i.ntohs             inet.o
    0x0804028c   0x0000002c   Code   RO        11277    i.partial_cut       print_main.o
    0x080402b8   0x00000444   Code   RO        14906    i.pbuf_alloc        pbuf.o
    0x080406fc   0x00000160   Code   RO        14907    i.pbuf_cat          pbuf.o
    0x0804085c   0x0000001a   Code   RO        14908    i.pbuf_chain        pbuf.o
    0x08040876   0x00000012   Code   RO        14909    i.pbuf_clen         pbuf.o
    0x08040888   0x0000024c   Code   RO        14911    i.pbuf_copy         pbuf.o
    0x08040ad4   0x00000164   Code   RO        14912    i.pbuf_copy_partial  pbuf.o
    0x08040c38   0x0000017c   Code   RO        14914    i.pbuf_free         pbuf.o
    0x08040db4   0x00000170   Code   RO        14915    i.pbuf_header       pbuf.o
    0x08040f24   0x000001e4   Code   RO        14916    i.pbuf_realloc      pbuf.o
    0x08041108   0x0000000a   Code   RO        14917    i.pbuf_ref          pbuf.o
    0x08041112   0x00000002   PAD
    0x08041114   0x000001cc   Code   RO        14741    i.plug_holes        mem.o
    0x080412e0   0x0000014a   Code   RO        12374    i.put_fat           ff.o
    0x0804142a   0x00000002   PAD
    0x0804142c   0x00000030   Code   RO         1546    i.pwrADCCtrl        pwr_ctrl.o
    0x0804145c   0x00000090   Code   RO         1548    i.pwrGetStatus      pwr_ctrl.o
    0x080414ec   0x00000050   Code   RO         1549    i.pwrIO_Init        pwr_ctrl.o
    0x0804153c   0x00000012   Code   RO         1550    i.pwr_Init          pwr_ctrl.o
    0x0804154e   0x00000002   PAD
    0x08041550   0x00000068   Code   RO        14992    i.raw_input         raw.o
    0x080415b8   0x00000068   Code   RO        12375    i.remove_chain      ff.o
    0x08041620   0x00000044   Code   RO          787    i.rtc_gettime       interface.o
    0x08041664   0x00000064   Code   RO        11279    i.sel_print_mode    print_main.o
    0x080416c8   0x0000010c   Code   RO        11280    i.sel_raster_bit_image  print_main.o
    0x080417d4   0x00000028   Code   RO         1305    i.st7565SetXY       lcd_st7565r.o
    0x080417fc   0x0000005c   Code   RO         9289    i.strToBin          progopt.o
    0x08041858   0x000000ca   Code   RO        12376    i.sync              ff.o
    0x08041922   0x00000024   Code   RO        15918    i.tcp_AnswerToHost  tcp_server.o
    0x08041946   0x00000002   PAD
    0x08041948   0x00001530   Code   RO        15919    i.tcp_ProcessRecord  tcp_server.o
    0x08042e78   0x0000003c   Code   RO        15920    i.tcp_RecordToHost  tcp_server.o
    0x08042eb4   0x000000a0   Code   RO        15064    i.tcp_abandon       tcp.o
    0x08042f54   0x00000004   Code   RO        15065    i.tcp_accept        tcp.o
    0x08042f58   0x00000008   Code   RO        15066    i.tcp_accept_null   tcp.o
    0x08042f60   0x000000f8   Code   RO        15067    i.tcp_alloc         tcp.o
    0x08043058   0x00000004   Code   RO        15068    i.tcp_arg           tcp.o
    0x0804305c   0x0000019c   Code   RO        15069    i.tcp_bind          tcp.o
    0x080431f8   0x000000fc   Code   RO        15070    i.tcp_close         tcp.o
    0x080432f4   0x0000002e   Code   RO        15073    i.tcp_eff_send_mss  tcp.o
    0x08043322   0x00000002   PAD
    0x08043324   0x00000714   Code   RO        15307    i.tcp_enqueue       tcp_out.o
    0x08043a38   0x00000006   Code   RO        15074    i.tcp_err           tcp.o
    0x08043a3e   0x00000002   PAD
    0x08043a40   0x00000080   Code   RO        15075    i.tcp_fasttmr       tcp.o
    0x08043ac0   0x0000073c   Code   RO        15261    i.tcp_input         tcp_in.o
    0x080441fc   0x000000fc   Code   RO        15308    i.tcp_keepalive     tcp_out.o
    0x080442f8   0x0000005c   Code   RO        15076    i.tcp_kill_prio     tcp.o
    0x08044354   0x00000040   Code   RO        15077    i.tcp_kill_timewait  tcp.o
    0x08044394   0x0000014c   Code   RO        15262    i.tcp_listen_input  tcp_in.o
    0x080444e0   0x00000170   Code   RO        15078    i.tcp_listen_with_backlog  tcp.o
    0x08044650   0x0000000a   Code   RO        15079    i.tcp_new           tcp.o
    0x0804465a   0x00000002   PAD
    0x0804465c   0x00000078   Code   RO        15080    i.tcp_new_port      tcp.o
    0x080446d4   0x0000001c   Code   RO        15081    i.tcp_next_iss      tcp.o
    0x080446f0   0x0000023c   Code   RO        15309    i.tcp_output        tcp_out.o
    0x0804492c   0x000000f8   Code   RO        15310    i.tcp_output_segment  tcp_out.o
    0x08044a24   0x0000008a   Code   RO        15311    i.tcp_output_set_header  tcp_out.o
    0x08044aae   0x00000002   PAD
    0x08044ab0   0x000000d0   Code   RO        15263    i.tcp_parseopt      tcp_in.o
    0x08044b80   0x0000004e   Code   RO        15082    i.tcp_pcb_purge     tcp.o
    0x08044bce   0x00000002   PAD
    0x08044bd0   0x00000164   Code   RO        15083    i.tcp_pcb_remove    tcp.o
    0x08044d34   0x0000000a   Code   RO        15084    i.tcp_poll          tcp.o
    0x08044d3e   0x00000002   PAD
    0x08044d40   0x00000660   Code   RO        15264    i.tcp_process       tcp_in.o
    0x080453a0   0x000008c4   Code   RO        15265    i.tcp_receive       tcp_in.o
    0x08045c64   0x00000006   Code   RO        15085    i.tcp_recv          tcp.o
    0x08045c6a   0x0000002e   Code   RO        15086    i.tcp_recv_null     tcp.o
    0x08045c98   0x000000f4   Code   RO        15087    i.tcp_recved        tcp.o
    0x08045d8c   0x00000050   Code   RO        15312    i.tcp_rexmit        tcp_out.o
    0x08045ddc   0x0000007e   Code   RO        15313    i.tcp_rexmit_fast   tcp_out.o
    0x08045e5a   0x0000003a   Code   RO        15314    i.tcp_rexmit_rto    tcp_out.o
    0x08045e94   0x0000014c   Code   RO        15315    i.tcp_rst           tcp_out.o
    0x08045fe0   0x00000020   Code   RO        15088    i.tcp_seg_free      tcp.o
    0x08046000   0x0000001e   Code   RO        15089    i.tcp_segs_free     tcp.o
    0x0804601e   0x0000001c   Code   RO        15316    i.tcp_send_ctrl     tcp_out.o
    0x0804603a   0x00000078   Code   RO        15317    i.tcp_send_empty_ack  tcp_out.o
    0x080460b2   0x00000006   Code   RO        15090    i.tcp_sent          tcp.o
    0x080460b8   0x00000068   Code   RO        15921    i.tcp_server_accept  tcp_server.o
    0x08046120   0x00000040   Code   RO        15922    i.tcp_server_connection_close  tcp_server.o
    0x08046160   0x00000012   Code   RO        15923    i.tcp_server_error  tcp_server.o
    0x08046172   0x00000002   PAD
    0x08046174   0x000000dc   Code   RO        15924    i.tcp_server_init   tcp_server.o
    0x08046250   0x00000040   Code   RO        15925    i.tcp_server_poll   tcp_server.o
    0x08046290   0x00000144   Code   RO        15926    i.tcp_server_recv   tcp_server.o
    0x080463d4   0x000000bc   Code   RO        15927    i.tcp_server_send   tcp_server.o
    0x08046490   0x00000030   Code   RO        15928    i.tcp_server_sent   tcp_server.o
    0x080464c0   0x00000004   Code   RO        15091    i.tcp_setprio       tcp.o
    0x080464c4   0x000005bc   Code   RO        15092    i.tcp_slowtmr       tcp.o
    0x08046a80   0x000000b4   Code   RO        15266    i.tcp_timewait_input  tcp_in.o
    0x08046b34   0x00000024   Code   RO        15093    i.tcp_tmr           tcp.o
    0x08046b58   0x00000048   Code   RO        15094    i.tcp_update_rcv_ann_wnd  tcp.o
    0x08046ba0   0x00000050   Code   RO        15318    i.tcp_write         tcp_out.o
    0x08046bf0   0x00000150   Code   RO        15319    i.tcp_zero_window_probe  tcp_out.o
    0x08046d40   0x0000002c   Code   RO        11281    i.total_cut         print_main.o
    0x08046d6c   0x00000016   Code   RO        11282    i.turn_underline_mode  print_main.o
    0x08046d82   0x00000002   PAD
    0x08046d84   0x00000034   Code   RO        11283    i.tx_printer_status  print_main.o
    0x08046db8   0x00000070   Code   RO        11284    i.tx_status         print_main.o
    0x08046e28   0x0000011c   Code   RO        14600    i.udp_bind          udp.o
    0x08046f44   0x00000068   Code   RO        14601    i.udp_connect       udp.o
    0x08046fac   0x00000020   Code   RO        14602    i.udp_disconnect    udp.o
    0x08046fcc   0x00000318   Code   RO        14603    i.udp_input         udp.o
    0x080472e4   0x0000001c   Code   RO        14604    i.udp_new           udp.o
    0x08047300   0x00000006   Code   RO        14605    i.udp_recv          udp.o
    0x08047306   0x00000014   Code   RO        14607    i.udp_send          udp.o
    0x0804731a   0x00000002   PAD
    0x0804731c   0x0000004c   Code   RO        14608    i.udp_sendto        udp.o
    0x08047368   0x000001d4   Code   RO        14609    i.udp_sendto_if     udp.o
    0x0804753c   0x000000bc   Code   RO        15875    i.udp_server_init   udp_server.o
    0x080475f8   0x0000005c   Code   RO        15876    i.udp_server_receive_callback  udp_server.o
    0x08047654   0x0000016c   Code   RO        14373    i.update_arp_entry  etharp.o
    0x080477c0   0x00000044   Code   RO          789    i.usDelay           interface.o
    0x08047804   0x000000e0   Code   RO        10564    i.usbALLTheFile     usbdiskapp.o
    0x080478e4   0x00000110   Code   RO        10565    i.usbExportALL      usbdiskapp.o
    0x080479f4   0x0000011c   Code   RO        10566    i.usbExportDel      usbdiskapp.o
    0x08047b10   0x0000002c   Code   RO        10341    i.usbExportMenu     menu.o
    0x08047b3c   0x00000100   Code   RO        10567    i.usbExportNew      usbdiskapp.o
    0x08047c3c   0x00000548   Code   RO        10568    i.usbGetReport      usbdiskapp.o
    0x08048184   0x00000028   Code   RO        10342    i.usbInportMenu     menu.o
    0x080481ac   0x00000068   Code   RO        10569    i.usbPrintCorrec    usbdiskapp.o
    0x08048214   0x00000040   Code   RO        10570    i.usbPrintCorrecReport  usbdiskapp.o
    0x08048254   0x0000004c   Code   RO        10571    i.usbPrintDept      usbdiskapp.o
    0x080482a0   0x00000040   Code   RO        10572    i.usbPrintDeptReport  usbdiskapp.o
    0x080482e0   0x0000004c   Code   RO        10573    i.usbPrintDisc      usbdiskapp.o
    0x0804832c   0x00000040   Code   RO        10574    i.usbPrintDiscReport  usbdiskapp.o
    0x0804836c   0x0000004c   Code   RO        10575    i.usbPrintGroup     usbdiskapp.o
    0x080483b8   0x00000040   Code   RO        10576    i.usbPrintGroupReport  usbdiskapp.o
    0x080483f8   0x0000006c   Code   RO        10577    i.usbPrintPb        usbdiskapp.o
    0x08048464   0x00000048   Code   RO        10578    i.usbPrintPbtReport  usbdiskapp.o
    0x080484ac   0x00000044   Code   RO        10579    i.usbPrintPlu       usbdiskapp.o
    0x080484f0   0x00000054   Code   RO        10580    i.usbPrintPluReport  usbdiskapp.o
    0x08048544   0x000000a0   Code   RO        10581    i.usbPrintPointReport  usbdiskapp.o
    0x080485e4   0x00000284   Code   RO        10582    i.usbPrintReport    usbdiskapp.o
    0x08048868   0x00000040   Code   RO        10584    i.usbPrintTendReport  usbdiskapp.o
    0x080488a8   0x0000004c   Code   RO        10585    i.usbPrintTender    usbdiskapp.o
    0x080488f4   0x0000020c   Code   RO        10586    i.usbPrintTitlel    usbdiskapp.o
    0x08048b00   0x0000035c   Code   RO        10587    i.usbPrintTotal     usbdiskapp.o
    0x08048e5c   0x0000002a   Code   RO        12377    i.validate          ff.o
    0x08048e86   0x00000060   Code   RO         1684    i.wFlashProgramAWord  flashb.o
    0x08048ee6   0x00000008   Code   RO         1687    i.wFlashWrite       flashb.o
    0x08048eee   0x0000001a   Code   RO         1601    i.xprintf           monitor.o
    0x08048f08   0x00000038   Code   RO         1602    i.xputc             monitor.o
    0x08048f40   0x00000016   Code   RO         1603    i.xputs             monitor.o
    0x08048f56   0x00000212   Code   RO         1605    i.xvprintf          monitor.o
    0x08049168   0x0000002c   Code   RO        16241    locale$$code        c_w.l(lc_ctype_c.o)
    0x08049194   0x0000002c   Code   RO        16244    locale$$code        c_w.l(lc_numeric_c.o)
    0x080491c0   0x00000004   Code   RO        16168    x$fpl$printf1       fz_ws.l(printf1.o)
    0x080491c4   0x00000000   Code   RO        16260    x$fpl$usenofp       fz_ws.l(usenofp.o)
    0x080491c4   0x00000c00   Data   RO         1267    .constdata          asciifonts.o
    0x08049dc4   0x00000408   Data   RO         1307    .constdata          lcd_st7565r.o
    0x0804a1cc   0x0000005b   Data   RO         1479    .constdata          led_customer.o
    0x0804a227   0x00000001   PAD
    0x0804a228   0x0000008c   Data   RO         1688    .constdata          flashb.o
    0x0804a2b4   0x00001666   Data   RO         5944    .constdata          chinaapp.o
    0x0804b91a   0x000011f5   Data   RO         6216    .constdata          chnmess.o
    0x0804cb0f   0x0000000a   Data   RO         6279    .constdata          computer.o
    0x0804cb19   0x00000003   PAD
    0x0804cb1c   0x000002ba   Data   RO         6710    .constdata          extmodules.o
    0x0804cdd6   0x00000034   Data   RO         7267    .constdata          firmkey.o
    0x0804ce0a   0x000000a2   Data   RO         7470    .constdata          flowbill.o
    0x0804ceac   0x0000005f   Data   RO         8117    .constdata          iccard.o
    0x0804cf0b   0x000000b4   Data   RO         8565    .constdata          kp.o
    0x0804cfbf   0x00000001   PAD
    0x0804cfc0   0x00000034   Data   RO         8722    .constdata          memory.o
    0x0804cff4   0x000000f8   Data   RO         9153    .constdata          print.o
    0x0804d0ec   0x00000007   Data   RO         9290    .constdata          progopt.o
    0x0804d0f3   0x00000008   Data   RO         9404    .constdata          program.o
    0x0804d0fb   0x00000028   Data   RO         9727    .constdata          report2.o
    0x0804d123   0x00000001   PAD
    0x0804d124   0x0000057e   Data   RO        10344    .constdata          menu.o
    0x0804d6a2   0x00000400   Data   RO        10589    .constdata          usbdiskapp.o
    0x0804daa2   0x00002a50   Data   RO        11286    .constdata          print_main.o
    0x080504f2   0x00000002   PAD
    0x080504f4   0x00000c19   Data   RO        11671    .constdata          photo_abbigl.o
    0x0805110d   0x00000003   PAD
    0x08051110   0x00000675   Data   RO        11683    .constdata          photo_appetito.o
    0x08051785   0x00000003   PAD
    0x08051788   0x000007f5   Data   RO        11692    .constdata          photo_caffe.o
    0x08051f7d   0x00000003   PAD
    0x08051f80   0x00000bce   Data   RO        11701    .constdata          photo_carneval.o
    0x08052b4e   0x00000002   PAD
    0x08052b50   0x000007f5   Data   RO        11710    .constdata          photo_cornetto.o
    0x08053345   0x00000003   PAD
    0x08053348   0x000009ee   Data   RO        11719    .constdata          photo_cucina.o
    0x08053d36   0x00000002   PAD
    0x08053d38   0x00000675   Data   RO        11728    .constdata          photo_donna.o
    0x080543ad   0x00000003   PAD
    0x080543b0   0x00000c75   Data   RO        11737    .constdata          photo_eutron.o
    0x08055025   0x00000003   PAD
    0x08055028   0x00000675   Data   RO        11746    .constdata          photo_fiori.o
    0x0805569d   0x00000003   PAD
    0x080556a0   0x0000062e   Data   RO        11755    .constdata          photo_gelato.o
    0x08055cce   0x00000002   PAD
    0x08055cd0   0x00000bce   Data   RO        11764    .constdata          photo_jolly.o
    0x0805689e   0x00000002   PAD
    0x080568a0   0x00000bce   Data   RO        11773    .constdata          photo_mamma.o
    0x0805746e   0x00000002   PAD
    0x08057470   0x000009ee   Data   RO        11782    .constdata          photo_natale.o
    0x08057e5e   0x00000002   PAD
    0x08057e60   0x00000975   Data   RO        11791    .constdata          photo_pane.o
    0x080587d5   0x00000003   PAD
    0x080587d8   0x00000675   Data   RO        11800    .constdata          photo_papa.o
    0x08058e4d   0x00000003   PAD
    0x08058e50   0x00000be7   Data   RO        11809    .constdata          photo_pasqua.o
    0x08059a37   0x00000001   PAD
    0x08059a38   0x00000975   Data   RO        11818    .constdata          photo_pesce.o
    0x0805a3ad   0x00000003   PAD
    0x0805a3b0   0x000009ee   Data   RO        11827    .constdata          photo_risparmi.o
    0x0805ad9e   0x00000002   PAD
    0x0805ada0   0x00000975   Data   RO        11836    .constdata          photo_salumi.o
    0x0805b715   0x00000003   PAD
    0x0805b718   0x00000675   Data   RO        11845    .constdata          photo_selfdef.o
    0x0805bd8d   0x00000003   PAD
    0x0805bd90   0x00000675   Data   RO        11854    .constdata          photo_sport.o
    0x0805c405   0x00000003   PAD
    0x0805c408   0x000009ee   Data   RO        11863    .constdata          photo_vacanze.o
    0x0805cdf6   0x00000002   PAD
    0x0805cdf8   0x00000975   Data   RO        11872    .constdata          photo_valentin.o
    0x0805d76d   0x00000003   PAD
    0x0805d770   0x00000c18   Data   RO        11883    .constdata          print_def.o
    0x0805e388   0x00000149   Data   RO        11908    .constdata          photo_panama.o
    0x0805e4d1   0x0000012e   Data   RO        12129    .constdata          usbh_msc_usr.o
    0x0805e5ff   0x00000001   PAD
    0x0805e600   0x000000c2   Data   RO        12378    .constdata          ff.o
    0x0805e6c2   0x000001ec   Data   RO        14069    .constdata          usbh_hid_keybd.o
    0x0805e8ae   0x00000002   PAD
    0x0805e8b0   0x00000094   Data   RO        14375    .constdata          etharp.o
    0x0805e944   0x00000024   Data   RO        14784    .constdata          memp.o
    0x0805e968   0x00000014   Data   RO        15095    .constdata          tcp.o
    0x0805e97c   0x00000044   Data   RO        15268    .constdata          tcp_in.o
    0x0805e9c0   0x00000098   Data   RO        15320    .constdata          tcp_out.o
    0x0805ea58   0x00000048   Data   RO        15399    .constdata          ip_frag.o
    0x0805eaa0   0x00000048   Data   RO        15453    .constdata          icmp.o
    0x0805eae8   0x00000043   Data   RO        15574    .constdata          ip.o
    0x0805eb2b   0x00000008   Data   RO        15611    .constdata          ip_addr.o
    0x0805eb33   0x00000028   Data   RO        16055    .constdata          c_w.l(_printf_hex_int_ll_ptr.o)
    0x0805eb5b   0x00000011   Data   RO        16075    .constdata          c_w.l(__printf_flags_ss_wp.o)
    0x0805eb6c   0x00000008   Data   RO        16137    .constdata          c_w.l(_printf_wctomb.o)
    0x0805eb74   0x00000094   Data   RO        16216    .constdata          c_w.l(bigflt0.o)
    0x0805ec08   0x00000202   Data   RO         5945    .conststring        chinaapp.o
    0x0805ee0a   0x00001b6b   Data   RO         6217    .conststring        chnmess.o
    0x08060975   0x000001c4   Data   RO         6711    .conststring        extmodules.o
    0x08060b39   0x000000c6   Data   RO        10590    .conststring        usbdiskapp.o
    0x08060bff   0x00000068   Data   RO        15096    .conststring        tcp.o
    0x08060c67   0x00000001   PAD
    0x08060c68   0x00000000   Data   RO        16384    Region$$Table       anon$$obj.o
    0x08060c68   0x00000110   Data   RO        16240    locale$$data        c_w.l(lc_ctype_c.o)
    0x08060d78   0x0000001c   Data   RO        16243    locale$$data        c_w.l(lc_numeric_c.o)


    Execution Region RW_IRAM1 (Base: 0x20000000, Size: 0x00019040, Max: 0x00020000, ABSOLUTE)

    Base Addr    Size         Type   Attr      Idx    E Section Name        Object

    0x20000000   0x00000010   Data   RW           19    .data               stm32f2xx_it.o
    0x20000010   0x0000000c   Data   RW          262    .data               usart.o
    0x2000001c   0x00000067   Data   RW          517    .data               keyboard.o
    0x20000083   0x00000001   PAD
    0x20000084   0x00000014   Data   RW          790    .data               interface.o
    0x20000098   0x0000001c   Data   RW         1055    .data               sdio_sd.o
    0x200000b4   0x00000004   Data   RW         1308    .data               lcd_st7565r.o
    0x200000b8   0x00000020   Data   RW         1480    .data               led_customer.o
    0x200000d8   0x00000005   Data   RW         1551    .data               pwr_ctrl.o
    0x200000dd   0x00000003   PAD
    0x200000e0   0x00000010   Data   RW         1606    .data               monitor.o
    0x200000f0   0x00000001   Data   RW         1804    .data               usb_application.o
    0x200000f1   0x00000003   PAD
    0x200000f4   0x00000014   Data   RW         1981    .data               system_stm32f2xx.o
    0x20000108   0x00000010   Data   RW         4100    .data               stm32f2xx_rcc.o
    0x20000118   0x00000009   Data   RW         5861    .data               timer.o
    0x20000121   0x00000003   PAD
    0x20000124   0x00000058   Data   RW         5946    .data               chinaapp.o
    0x2000017c   0x00000003   Data   RW         5989    .data               chndisp.o
    0x2000017f   0x00000001   PAD
    0x20000180   0x00000009   Data   RW         6143    .data               chninput.o
    0x20000189   0x00000003   PAD
    0x2000018c   0x00000008   Data   RW         6280    .data               computer.o
    0x20000194   0x00000001   Data   RW         6444    .data               depart.o
    0x20000195   0x00000003   PAD
    0x20000198   0x0000006c   Data   RW         6712    .data               extmodules.o
    0x20000204   0x00000004   Data   RW         7268    .data               firmkey.o
    0x20000208   0x00000004   Data   RW         7380    .data               fixed.o
    0x2000020c   0x00000004   Data   RW         7471    .data               flowbill.o
    0x20000210   0x00000001   Data   RW         7783    .data               general.o
    0x20000211   0x00000002   Data   RW         8118    .data               iccard.o
    0x20000213   0x00000001   PAD
    0x20000214   0x00000002   Data   RW         8404    .data               initappl.o
    0x20000216   0x00000002   PAD
    0x20000218   0x0000002c   Data   RW         8723    .data               memory.o
    0x20000244   0x00000005   Data   RW         9405    .data               program.o
    0x20000249   0x00000001   PAD
    0x2000024a   0x00000006   Data   RW        10264    .data               balance.o
    0x20000250   0x00000004   Data   RW        10294    .data               barcode.o
    0x20000254   0x0000000c   Data   RW        10345    .data               menu.o
    0x20000260   0x0000000e   Data   RW        10591    .data               usbdiskapp.o
    0x2000026e   0x00000001   Data   RW        11287    .data               print_main.o
    0x2000026f   0x00000001   PAD
    0x20000270   0x00000110   Data   RW        11884    .data               print_def.o
    0x20000380   0x0000001d   Data   RW        12049    .data               usbd_usr.o
    0x2000039d   0x00000003   PAD
    0x200003a0   0x00000058   Data   RW        12130    .data               usbh_msc_usr.o
    0x200003f8   0x0000000b   Data   RW        12379    .data               ff.o
    0x20000403   0x00000001   PAD
    0x20000404   0x00000012   Data   RW        13885    .data               usbh_core.o
    0x20000416   0x00000003   Data   RW        13960    .data               usbh_stdreq.o
    0x20000419   0x00000003   PAD
    0x2000041c   0x0000000c   Data   RW        14043    .data               usbh_hid_mouse.o
    0x20000428   0x0000001f   Data   RW        14070    .data               usbh_hid_keybd.o
    0x20000447   0x00000001   PAD
    0x20000448   0x0000000a   Data   RW        14106    .data               usbh_hid_core.o
    0x20000452   0x00000002   PAD
    0x20000454   0x00000014   Data   RW        14171    .data               usbh_msc_bot.o
    0x20000468   0x0000001e   Data   RW        14216    .data               usbh_msc_core.o
    0x20000486   0x00000001   Data   RW        14271    .data               usbh_msc_fatfs.o
    0x20000487   0x00000001   Data   RW        14316    .data               usbh_msc_scsi.o
    0x20000488   0x00000001   Data   RW        14376    .data               etharp.o
    0x20000489   0x00000003   PAD
    0x2000048c   0x00000004   Data   RW        14610    .data               udp.o
    0x20000490   0x0000000d   Data   RW        14743    .data               mem.o
    0x2000049d   0x00000003   PAD
    0x200004a0   0x0000000c   Data   RW        14835    .data               netif.o
    0x200004ac   0x00000004   Data   RW        14998    .data               raw.o
    0x200004b0   0x0000004d   Data   RW        15097    .data               tcp.o
    0x200004fd   0x00000003   PAD
    0x20000500   0x00000020   Data   RW        15269    .data               tcp_in.o
    0x20000520   0x00000006   Data   RW        15400    .data               ip_frag.o
    0x20000526   0x00000002   PAD
    0x20000528   0x0000000c   Data   RW        15575    .data               ip.o
    0x20000534   0x00000004   Data   RW        15756    .data               enc28j60.o
    0x20000538   0x0000001f   Data   RW        15842    .data               netconfig.o
    0x20000557   0x00000001   PAD
    0x20000558   0x00000010   Data   RW        15929    .data               tcp_server.o
    0x20000568   0x000030f8   Zero   RW          261    .bss                usart.o
    0x20003660   0x0000000a   Zero   RW          516    .bss                keyboard.o
    0x2000366a   0x00000400   Zero   RW         1306    .bss                lcd_st7565r.o
    0x20003a6a   0x0000000c   Zero   RW         1478    .bss                led_customer.o
    0x20003a76   0x00000002   PAD
    0x20003a78   0x00000b14   Zero   RW         1803    .bss                usb_application.o
    0x2000458c   0x00000050   Zero   RW         5988    .bss                chndisp.o
    0x200045dc   0x00000010   Zero   RW         6142    .bss                chninput.o
    0x200045ec   0x00000400   Zero   RW         6278    .bss                computer.o
    0x200049ec   0x00000022   Zero   RW         6709    .bss                extmodules.o
    0x20004a0e   0x00000021   Zero   RW         7469    .bss                flowbill.o
    0x20004a2f   0x00000020   Zero   RW         8116    .bss                iccard.o
    0x20004a4f   0x00000001   PAD
    0x20004a50   0x00005ba9   Zero   RW         8721    .bss                memory.o
    0x2000a5f9   0x0000003d   Zero   RW         9403    .bss                program.o
    0x2000a636   0x0000001e   Zero   RW        10263    .bss                balance.o
    0x2000a654   0x000000fe   Zero   RW        10293    .bss                barcode.o
    0x2000a752   0x0000004b   Zero   RW        10343    .bss                menu.o
    0x2000a79d   0x00000003   PAD
    0x2000a7a0   0x00000484   Zero   RW        10588    .bss                usbdiskapp.o
    0x2000ac24   0x0000222c   Zero   RW        11882    .bss                print_def.o
    0x2000ce50   0x00000010   Zero   RW        12128    .bss                usbh_msc_usr.o
    0x2000ce60   0x00000200   Zero   RW        13959    .bss                usbh_stdreq.o
    0x2000d060   0x000000a6   Zero   RW        14105    .bss                usbh_hid_core.o
    0x2000d106   0x00000002   PAD
    0x2000d108   0x00000040   Zero   RW        14170    .bss                usbh_msc_bot.o
    0x2000d148   0x0000004a   Zero   RW        14215    .bss                usbh_msc_core.o
    0x2000d192   0x00000002   PAD
    0x2000d194   0x00000410   Zero   RW        14315    .bss                usbh_msc_scsi.o
    0x2000d5a4   0x000000c8   Zero   RW        14374    .bss                etharp.o
    0x2000d66c   0x00002379   Zero   RW        14488    .bss                ethernetif.o
    0x2000f9e5   0x00001014   Zero   RW        14742    .bss                mem.o
    0x200109f9   0x00000003   PAD
    0x200109fc   0x000046af   Zero   RW        14783    .bss                memp.o
    0x200150ab   0x00000001   PAD
    0x200150ac   0x0000010c   Zero   RW        15046    .bss                stats.o
    0x200151b8   0x00000014   Zero   RW        15267    .bss                tcp_in.o
    0x200151cc   0x000005e0   Zero   RW        15398    .bss                ip_frag.o
    0x200157ac   0x00000030   Zero   RW        15841    .bss                netconfig.o
    0x200157dc   0x00000060   Zero   RW        16171    .bss                c_w.l(libspace.o)
    0x2001583c   0x00000004   PAD
    0x20015840   0x00000800   Zero   RW         2027    HEAP                startup_stm32f2xx.o
    0x20016040   0x00003000   Zero   RW         2026    STACK               startup_stm32f2xx.o



  Load Region LR$$.ARM.__AT_0x40024000 (Base: 0x40024000, Size: 0x00000000, Max: 0x0000008c, ABSOLUTE)

    Execution Region ER$$.ARM.__AT_0x40024000 (Base: 0x40024000, Size: 0x00000000, Max: 0x0000008c, ABSOLUTE, UNINIT)

    **** No section assigned to this execution region ****



  Load Region LR$$.ARM.__AT_0x60004000 (Base: 0x60004000, Size: 0x00000000, Max: 0x00002000, ABSOLUTE)

    Execution Region ER$$.ARM.__AT_0x60004000 (Base: 0x60004000, Size: 0x00000000, Max: 0x00002000, ABSOLUTE, UNINIT)

    **** No section assigned to this execution region ****



  Load Region LR$$.ARM.__AT_0x60006000 (Base: 0x60006000, Size: 0x00000000, Max: 0x00002000, ABSOLUTE)

    Execution Region ER$$.ARM.__AT_0x60006000 (Base: 0x60006000, Size: 0x00000000, Max: 0x00002000, ABSOLUTE, UNINIT)

    **** No section assigned to this execution region ****



  Load Region LR$$.ARM.__AT_0x60008000 (Base: 0x60008000, Size: 0x00000000, Max: 0x00008000, ABSOLUTE)

    Execution Region ER$$.ARM.__AT_0x60008000 (Base: 0x60008000, Size: 0x00000000, Max: 0x00008000, ABSOLUTE, UNINIT)

    **** No section assigned to this execution region ****



  Load Region LR$$.ARM.__AT_0x64000000 (Base: 0x64000000, Size: 0x00000000, Max: 0x00002f14, ABSOLUTE)

    Execution Region ER$$.ARM.__AT_0x64000000 (Base: 0x64000000, Size: 0x00000000, Max: 0x00002f14, ABSOLUTE, UNINIT)

    **** No section assigned to this execution region ****

