ARM Linker, 5.03 [Build 76] [MDK-ARM Standard]

==============================================================================

Section Cross References

    flashb.o(i.bFlashAutoSelect) refers to flashb.o(i.bFlashWrite) for bFlashWrite
    flashb.o(i.bFlashAutoSelect) refers to flashb.o(i.bFlashRead) for bFlashRead
    flashb.o(i.bFlashAutoSelect) refers to flashb.o(.constdata) for BlockOffset
    flashb.o(i.bFlashBlockErase) refers to flashb.o(i.bFlashAutoSelect) for bFlashAutoSelect
    flashb.o(i.bFlashBlockErase) refers to flashb.o(i.bFlashWrite) for bFlashWrite
    flashb.o(i.bFlashBlockErase) refers to flashb.o(i.bFlashRead) for bFlashRead
    flashb.o(i.bFlashBlockErase) refers to flashb.o(i.bFlashDataToggle) for bFlashDataToggle
    flashb.o(i.bFlashBlockErase) refers to flashb.o(i.bFlashReadReset) for bFlashReadReset
    flashb.o(i.bFlashBlockErase) refers to flashb.o(.constdata) for BlockOffset
    flashb.o(i.bFlashChipErase) refers to flashb.o(i.bFlashAutoSelect) for bFlashAutoSelect
    flashb.o(i.bFlashChipErase) refers to flashb.o(i.bFlashWrite) for bFlashWrite
    flashb.o(i.bFlashChipErase) refers to flashb.o(i.bFlashDataToggle) for bFlashDataToggle
    flashb.o(i.bFlashChipErase) refers to flashb.o(i.bFlashReadReset) for bFlashReadReset
    flashb.o(i.bFlashDataToggle) refers to flashb.o(i.bFlashRead) for bFlashRead
    flashb.o(i.bFlashMBlockErase) refers to flashb.o(i.bFlashAutoSelect) for bFlashAutoSelect
    flashb.o(i.bFlashMBlockErase) refers to flashb.o(i.bFlashWrite) for bFlashWrite
    flashb.o(i.bFlashMBlockErase) refers to flashb.o(i.bFlashRead) for bFlashRead
    flashb.o(i.bFlashMBlockErase) refers to flashb.o(i.bFlashDataToggle) for bFlashDataToggle
    flashb.o(i.bFlashMBlockErase) refers to flashb.o(i.bFlashReadReset) for bFlashReadReset
    flashb.o(i.bFlashMBlockErase) refers to flashb.o(.constdata) for BlockOffset
    flashb.o(i.bFlashProgram) refers to flashb.o(i.bFlashAutoSelect) for bFlashAutoSelect
    flashb.o(i.bFlashProgram) refers to flashb.o(i.wFlashProgramAWord) for wFlashProgramAWord
    flashb.o(i.bFlashProgram) refers to flashb.o(.constdata) for BlockOffset
    flashb.o(i.bFlashReadReset) refers to flashb.o(i.bFlashWrite) for bFlashWrite
    flashb.o(i.bFlashReadReset) refers to flashb.o(i.bFlashPause) for bFlashPause
    flashb.o(i.wFlashProgramAWord) refers to monitor.o(i.xprintf) for xprintf
    flashb.o(i.wFlashProgramAWord) refers to flashb.o(i.bFlashWrite) for bFlashWrite
    flashb.o(i.wFlashProgramAWord) refers to flashb.o(i.wFlashWrite) for wFlashWrite
    flashb.o(i.wFlashProgramAWord) refers to flashb.o(i.bFlashDataToggle) for bFlashDataToggle
    flashb.o(i.wFlashProgramAWord) refers to flashb.o(i.bFlashReadReset) for bFlashReadReset
    fsmc_sram.o(i.FSMC_IOInit) refers to stm32f10x_rcc.o(i.RCC_APB2PeriphClockCmd) for RCC_APB2PeriphClockCmd
    fsmc_sram.o(i.FSMC_IOInit) refers to stm32f10x_gpio.o(i.GPIO_Init) for GPIO_Init
    fsmc_sram.o(i.FSMC_Init) refers to stm32f10x_rcc.o(i.RCC_AHBPeriphClockCmd) for RCC_AHBPeriphClockCmd
    fsmc_sram.o(i.FSMC_Init) refers to fsmc_sram.o(i.FSMC_IOInit) for FSMC_IOInit
    fsmc_sram.o(i.FSMC_Init) refers to stm32f10x_fsmc.o(i.FSMC_NORSRAMInit) for FSMC_NORSRAMInit
    fsmc_sram.o(i.FSMC_Init) refers to stm32f10x_fsmc.o(i.FSMC_NORSRAMCmd) for FSMC_NORSRAMCmd
    fsmc_sram.o(i.SRAM_ReadBuffer) refers to memcpya.o(.text) for __aeabi_memcpy
    fsmc_sram.o(i.SRAM_WriteBuffer) refers to memcpya.o(.text) for __aeabi_memcpy
    interface.o(i.Beep) refers to keyboard.o(.data) for beep_len
    interface.o(i.Bell) refers to interface.o(i.Beep) for Beep
    interface.o(i.Bios) refers to print_main.o(i.RSPrint) for RSPrint
    interface.o(i.Bios) refers to strlen.o(.text) for strlen
    interface.o(i.Bios) refers to usart.o(i.USART_printf) for USART_printf
    interface.o(i.Bios) refers to memory.o(.bss) for ApplVar
    interface.o(i.Bios_1) refers to print_main.o(i.Get_Printer_status) for Get_Printer_status
    interface.o(i.Bios_1) refers to print_main.o(i.RSPrint) for RSPrint
    interface.o(i.Bios_1) refers to led_customer.o(i.LED_On) for LED_On
    interface.o(i.Bios_1) refers to led_customer.o(i.PutsO_Saved) for PutsO_Saved
    interface.o(i.Bios_1) refers to led_customer.o(i.LED_Off) for LED_Off
    interface.o(i.Bios_1) refers to keyboard.o(i.EnableBeep) for EnableBeep
    interface.o(i.Bios_1) refers to interface.o(i.Beep) for Beep
    interface.o(i.Bios_1) refers to rtc.o(i.rtc_gettime) for rtc_gettime
    interface.o(i.Bios_1) refers to rtc.o(i.rtc_settime) for rtc_settime
    interface.o(i.Bios_1) refers to keyboard.o(i.CheckKeyboard) for CheckKeyboard
    interface.o(i.Bios_1) refers to usart.o(i.USART_printf) for USART_printf
    interface.o(i.Bios_1) refers to print_def.o(.data) for Printer_Status
    interface.o(i.Bios_1) refers to memory.o(.bss) for ApplVar
    interface.o(i.Bios_1) refers to interface.o(.data) for rtc_date
[...]
    0x0800e87c   0x00000518   Code   RO         3439    i.ExploreLog        flowbill.o
    0x0800ed94   0x0000006c   Code   RO          218    i.FSMC_IOInit       fsmc_sram.o
    0x0800ee00   0x000000a8   Code   RO          219    i.FSMC_Init         fsmc_sram.o
    0x0800eea8   0x00000034   Code   RO         8041    i.FSMC_NORSRAMCmd   stm32f10x_fsmc.o
    0x0800eedc   0x000000e0   Code   RO         8043    i.FSMC_NORSRAMInit  stm32f10x_fsmc.o
    0x0800efbc   0x00000050   Code   RO         5174    i.FeedSlip          print.o
    0x0800f00c   0x000001c4   Code   RO         1186    i.FindSCR           sdio_sd.o
    0x0800f1d0   0x00000224   Code   RO         2608    i.FisTestProc       extmodules.o
    0x0800f3f4   0x00000b90   Code   RO         3359    i.Fixed             fixed.o
    0x0800ff84   0x000000b0   Code   RO         3925    i.FormPrtConfInf    hardtest.o
    0x08010034   0x00000058   Code   RO         3692    i.FormatAmt         format.o
    0x0801008c   0x00000064   Code   RO         3693    i.FormatAmtStr      format.o
    0x080100f0   0x000003d4   Code   RO         2609    i.FormatBCD         extmodules.o
    0x080104c4   0x00000014   Code   RO         3694    i.FormatQty         format.o
    0x080104d8   0x00000064   Code   RO         3695    i.FormatQtyStr      format.o
    0x0801053c   0x0000008c   Code   RO         3696    i.FormatStrQtyPriAmt  format.o
    0x080105c8   0x00000040   Code   RO         8153    i.GPIO_EXTILineConfig  stm32f10x_gpio.o
    0x08010608   0x00000112   Code   RO         8156    i.GPIO_Init         stm32f10x_gpio.o
    0x0801071a   0x00000002   PAD
    0x0801071c   0x00000090   Code   RO         8158    i.GPIO_PinRemapConfig  stm32f10x_gpio.o
    0x080107ac   0x00000004   Code   RO         8164    i.GPIO_SetBits      stm32f10x_gpio.o
    0x080107b0   0x00000008   Code   RO         4687    i.GetActiveItemStr  menu.o
    0x080107b8   0x00000154   Code   RO         5373    i.GetBCDValue       program.o
    0x0801090c   0x00000070   Code   RO         5312    i.GetByte           progopt.o
    0x0801097c   0x00000034   Code   RO         5374    i.GetByteValue      program.o
    0x080109b0   0x00000088   Code   RO          281    i.GetCTS            interface.o
    0x08010a38   0x00000024   Code   RO         2207    i.GetClerkOffSet    clerk.o
    0x08010a5c   0x00000020   Code   RO         2327    i.GetCorrecOffSet   correc.o
    0x08010a7c   0x00000020   Code   RO         2373    i.GetCurrOffSet     currency.o
    0x08010a9c   0x000000c8   Code   RO         2374    i.GetCurrency       currency.o
    0x08010b64   0x000000ac   Code   RO         2610    i.GetDaysFrom1900   extmodules.o
    0x08010c10   0x00000020   Code   RO         2414    i.GetDeptOffSet     depart.o
    0x08010c30   0x0000007c   Code   RO         5313    i.GetDevicePort     progopt.o
    0x08010cac   0x00000020   Code   RO         2465    i.GetDiscOffSet     discount.o
    0x08010ccc   0x00000020   Code   RO         2513    i.GetDrawerOffSet   drawer.o
    0x08010cec   0x00000020   Code   RO        10324    i.GetEPRxAddr       usb_regs.o
    0x08010d0c   0x00000024   Code   RO        10325    i.GetEPRxCount      usb_regs.o
    0x08010d30   0x00000020   Code   RO        10327    i.GetEPTxAddr       usb_regs.o
    0x08010d50   0x00000044   Code   RO         4577    i.GetEntry          main.o
    0x08010d94   0x00000020   Code   RO         3256    i.GetFirmkeyID      firmkey.o
    0x08010db4   0x00000020   Code   RO         3895    i.GetGroupOffSet    group.o
    0x08010dd4   0x00000044   Code   RO         5314    i.GetHexBytes       progopt.o
    0x08010e18   0x0000001c   Code   RO         4287    i.GetICBlockOffSet  iccardblock.o
    0x08010e34   0x00000064   Code   RO         4688    i.GetInputByListItems  menu.o
    0x08010e98   0x00000114   Code   RO         3257    i.GetInputForMenu   firmkey.o
    0x08010fac   0x00000058   Code   RO         5006    i.GetLinkNumber     plu.o
    0x08011004   0x00000020   Code   RO         4810    i.GetModiOffSet     modifier.o
    0x08011024   0x00000190   Code   RO         4811    i.GetModifier       modifier.o
    0x080111b4   0x00000070   Code   RO         2116    i.GetNumric         chninput.o
    0x08011224   0x00000020   Code   RO         4840    i.GetOFFPriceOffSet  offprice.o
    0x08011244   0x00000834   Code   RO         5315    i.GetOpt            progopt.o
    0x08011a78   0x00000020   Code   RO         4879    i.GetPbFOffSet      pb.o
    0x08011a98   0x00000170   Code   RO         4880    i.GetPbNumber       pb.o
    0x08011c08   0x0000002c   Code   RO         4881    i.GetPbtOffSet      pb.o
    0x08011c34   0x00000034   Code   RO         5007    i.GetPluNumber      plu.o
    0x08011c68   0x00000020   Code   RO         5008    i.GetPluOffSet      plu.o
    0x08011c88   0x000000e8   Code   RO         2415    i.GetPluPrint       depart.o
    0x08011d70   0x00000020   Code   RO         5105    i.GetPoRaOffSet     pora.o
    0x08011d90   0x00000084   Code   RO         5316    i.GetPortRate       progopt.o
    0x08011e14   0x00000080   Code   RO         3341    i.GetReceiptNumber  fiscal.o
    0x08011e94   0x00000438   Code   RO         4657    i.GetRecordSize     memory.o
    0x080122cc   0x00000448   Code   RO         5821    i.GetReport         report.o
    0x08012714   0x00000038   Code   RO         1967    i.GetStrFr          chndisp.o
    0x0801274c   0x00000130   Code   RO         2612    i.GetStrFrKBD       extmodules.o
    0x0801287c   0x0000017c   Code   RO         5377    i.GetString         program.o
    0x080129f8   0x000001c0   Code   RO         2117    i.GetStringCHN      chninput.o
    0x08012bb8   0x0000017c   Code   RO         5822    i.GetSystemReport   report.o
    0x08012d34   0x000001f0   Code   RO         6262    i.GetTaskFromPool   print_main.o
    0x08012f24   0x00000020   Code   RO         6093    i.GetTaxOffSet      tax.o
    0x08012f44   0x00000020   Code   RO         6149    i.GetTenderOffSet   tender.o
    0x08012f64   0x00000074   Code   RO         2613    i.GetTimeDate       extmodules.o
    0x08012fd8   0x000000d8   Code   RO         6185    i.GetTimeZones      timer.o
    0x080130b0   0x00000070   Code   RO         4052    i.GetValue          iccard.o
    0x08013120   0x00000038   Code   RO         2614    i.GetWeekDay        extmodules.o
    0x08013158   0x0000003c   Code   RO         3747    i.GetWordEntry      general.o
    0x08013194   0x00000090   Code   RO         5378    i.GetWordValue      program.o
    0x08013224   0x00000098   Code   RO         6263    i.Get_Printer_status  print_main.o
    0x080132bc   0x00000034   Code   RO        10018    i.Get_SerialNum     hw_config.o
    0x080132f0   0x00000060   Code   RO          601    i.Getch             keyboard.o
    0x08013350   0x00000034   Code   RO         1969    i.GotoXY            chndisp.o
    0x08013384   0x0000006c   Code   RO         1425    i.GregorianDay      rtc.o
    0x080133f0   0x0000004c   Code   RO         2615    i.HEXtoASC          extmodules.o
    0x0801343c   0x00000070   Code   RO         2616    i.HEXtoASCX0        extmodules.o
    0x080134ac   0x000000c0   Code   RO          282    i.HW_GPIOInit       interface.o
    0x0801356c   0x00000004   Code   RO          926    i.HardFault_Handler  stm32f10x_it.o
    0x08013570   0x000002c0   Code   RO         3926    i.HardTest          hardtest.o
    0x08013830   0x00000194   Code   RO         4053    i.ICToMFR           iccard.o
    0x080139c4   0x00000070   Code   RO        10692    i.In0_Process       usb_core.o
    0x08013a34   0x00000012   Code   RO         4689    i.IncRecIndex       menu.o
    0x08013a46   0x00000002   Code   RO         4330    i.InitAgree         initappl.o
    0x08013a48   0x00000a94   Code   RO         4331    i.InitApplication   initappl.o
    0x080144dc   0x0000006c   Code   RO         4332    i.InitClerk         initappl.o
    0x08014548   0x00000054   Code   RO         4333    i.InitCorrec        initappl.o
    0x0801459c   0x00000058   Code   RO         4334    i.InitCurr          initappl.o
    0x080145f4   0x00000104   Code   RO         4335    i.InitDept          initappl.o
    0x080146f8   0x00000058   Code   RO         4336    i.InitDisc          initappl.o
    0x08014750   0x00000054   Code   RO         4337    i.InitDrawer        initappl.o
    0x080147a4   0x00000024   Code   RO         4054    i.InitECRVIP        iccard.o
    0x080147c8   0x00000030   Code   RO         4338    i.InitGraph         initappl.o
    0x080147f8   0x0000007c   Code   RO         4339    i.InitGroup         initappl.o
    0x08014874   0x00000050   Code   RO         4340    i.InitKeyMacro      initappl.o
    0x080148c4   0x00000070   Code   RO         4341    i.InitModifier      initappl.o
    0x08014934   0x00000044   Code   RO          678    i.InitMonitor       monitor.o
    0x08014978   0x00000058   Code   RO         4342    i.InitOFFPrice      initappl.o
    0x080149d0   0x0000010c   Code   RO         4343    i.InitPbF           initappl.o
    0x08014adc   0x0000014c   Code   RO         4344    i.InitPlu           initappl.o
    0x08014c28   0x00000054   Code   RO         4345    i.InitPoRa          initappl.o
    0x08014c7c   0x0000004c   Code   RO         4346    i.InitPort          initappl.o
    0x08014cc8   0x00000002   Code   RO         4347    i.InitSalPer        initappl.o
    0x08014cca   0x00000002   PAD
    0x08014ccc   0x0000009c   Code   RO         5380    i.InitSysFlag       program.o
    0x08014d68   0x00000054   Code   RO         4348    i.InitTax           initappl.o
    0x08014dbc   0x00000054   Code   RO         4349    i.InitTender        initappl.o
    0x08014e10   0x0000004c   Code   RO         3440    i.Init_Flow         flowbill.o
    0x08014e5c   0x0000011c   Code   RO         4055    i.Initial_CHIP      iccard.o
    0x08014f78   0x00000144   Code   RO         4350    i.Initial_DateTime  initappl.o
    0x080150bc   0x000000a0   Code   RO         2119    i.InputEXASCII      chninput.o
    0x0801515c   0x00000094   Code   RO         2618    i.InputWord         extmodules.o
    0x080151f0   0x000000bc   Code   RO         2619    i.InputYesNo        extmodules.o
    0x080152ac   0x0000003e   Code   RO        10019    i.IntToUnicode      hw_config.o
    0x080152ea   0x00000002   PAD
    0x080152ec   0x0000008c   Code   RO         5317    i.InvertBit         progopt.o
    0x08015378   0x000001c4   Code   RO         4506    i.IssueKp           kp.o
    0x0801553c   0x0000000c   Code   RO         2620    i.JFeed             extmodules.o
    0x08015548   0x000000b8   Code   RO         4578    i.KbHit             main.o
    0x08015600   0x0000000c   Code   RO          602    i.KeyBoardDeInit    keyboard.o
    0x0801560c   0x00000010   Code   RO          603    i.KeyBoardInit      keyboard.o
    0x0801561c   0x00000310   Code   RO         4579    i.KeyInput          main.o
    0x0801592c   0x00000068   Code   RO         4507    i.KpEnd             kp.o
    0x08015994   0x00000184   Code   RO         4508    i.KpHeader          kp.o
    0x08015b18   0x0000000e   Code   RO         1489    i.LED_Delay         led_customer.o
    0x08015b26   0x00000002   PAD
    0x08015b28   0x00000064   Code   RO         1490    i.LED_Init          led_customer.o
    0x08015b8c   0x00000024   Code   RO         1491    i.LED_Off           led_customer.o
    0x08015bb0   0x0000000c   Code   RO         1492    i.LED_On            led_customer.o
    0x08015bbc   0x00000064   Code   RO         1493    i.LED_Refresh       led_customer.o
    0x08015c20   0x00000040   Code   RO         1494    i.LED_SendBit       led_customer.o
    0x08015c60   0x00000070   Code   RO         1495    i.LED_SendData      led_customer.o
    0x08015cd0   0x00000024   Code   RO        10020    i.Leave_LowPowerMode  hw_config.o
    0x08015cf4   0x000000b4   Code   RO         2621    i.LeftShiftBCD      extmodules.o
    0x08015da8   0x00000794   Code   RO         2120    i.LineEditor        chninput.o
    0x0801653c   0x0000001c   Code   RO         4288    i.ListICBlock       iccardblock.o
    0x08016558   0x000009b4   Code   RO         4690    i.ListItems         menu.o
    0x08016f0c   0x00000320   Code   RO         3441    i.LoadReceipLog     flowbill.o
    0x0801722c   0x00000154   Code   RO         5009    i.LookPlu           plu.o
    0x08017380   0x0000029c   Code   RO         4056    i.MFRToIC           iccard.o
    0x0801761c   0x000001f4   Code   RO         2622    i.MGFunctions       extmodules.o
    0x08017810   0x000000a0   Code   RO         5753    i.MakeTime          report2.o
    0x080178b0   0x00000004   Code   RO          927    i.MemManage_Handler  stm32f10x_it.o
    0x080178b4   0x00000030   Code   RO         6265    i.Move_Motor        print_main.o
    0x080178e4   0x00000288   Code   RO         2623    i.Multiply          extmodules.o
    0x08017b6c   0x00000002   Code   RO          928    i.NMI_Handler       stm32f10x_it.o
    0x08017b6e   0x00000002   Code   RO        10693    i.NOP_Process       usb_core.o
    0x08017b70   0x00000074   Code   RO         7005    i.NVIC_Init         misc.o
    0x08017be4   0x00000014   Code   RO         7006    i.NVIC_PriorityGroupConfig  misc.o
    0x08017bf8   0x00000028   Code   RO         1188    i.NVIC_SDConfiguration  sdio_sd.o
    0x08017c20   0x00000270   Code   RO         5381    i.NewProgSysFlag    program.o
    0x08017e90   0x00000038   Code   RO         3360    i.NewReceipt        fixed.o
    0x08017ec8   0x00000338   Code   RO         6186    i.NewTimeDate       timer.o
    0x08018200   0x00000134   Code   RO        10694    i.NoData_Setup0     usb_core.o
    0x08018334   0x00000014   Code   RO         2514    i.OpenDrawer        drawer.o
    0x08018348   0x00000030   Code   RO         1970    i.OpenMess          chndisp.o
    0x08018378   0x00000050   Code   RO        10695    i.Out0_Process      usb_core.o
    0x080183c8   0x00000026   Code   RO         4580    i.OutPrint          main.o
    0x080183ee   0x00000002   PAD
    0x080183f0   0x0000004c   Code   RO         4581    i.OutPrintEx        main.o
    0x0801843c   0x00000028   Code   RO        10861    i.PMAToUserBufferCopy  usb_mem.o
    0x08018464   0x000000a4   Code   RO         6266    i.PRNDataPort_Init  print_main.o
    0x08018508   0x00000002   Code   RO         6267    i.PRNFeedPort_Init  print_main.o
    0x0801850a   0x00000002   PAD
    0x0801850c   0x00000054   Code   RO         6268    i.PRNPePwPort_Init  print_main.o
    0x08018560   0x000000e0   Code   RO         6269    i.PRNTIMER_Init     print_main.o
    0x08018640   0x00000074   Code   RO         6270    i.PRNTempPort_Init  print_main.o
    0x080186b4   0x0000000c   Code   RO         8510    i.PWR_BackupAccessCmd  stm32f10x_pwr.o
    0x080186c0   0x00000394   Code   RO         5106    i.PaidOutRa         pora.o
    0x08018a54   0x0000011c   Code   RO         4057    i.PayByChipCard     iccard.o
    0x08018b70   0x000002c0   Code   RO         4966    i.PbBuffer          pbbuffer.o
    0x08018e30   0x0000139c   Code   RO         4882    i.PbFunction        pb.o
    0x0801a1cc   0x00000258   Code   RO         4883    i.PbTotal           pb.o
    0x0801a424   0x00000002   Code   RO          929    i.PendSV_Handler    stm32f10x_it.o
    0x0801a426   0x00000022   Code   RO         5823    i.PeriodSkip        report.o
    0x0801a448   0x000000f0   Code   RO         5824    i.Plu_XReport       report.o
    0x0801a538   0x0000015c   Code   RO         4058    i.PointsByChipCard  iccard.o
    0x0801a694   0x000001ac   Code   RO         4059    i.PointsByECRVIP    iccard.o
    0x0801a840   0x00000028   Code   RO         2625    i.PosOfFuncKey      extmodules.o
    0x0801a868   0x00000048   Code   RO        10696    i.Post0_Process     usb_core.o
    0x0801a8b0   0x00000040   Code   RO         9973    i.PowerOn           usb_pwr.o
    0x0801a8f0   0x0000007c   Code   RO         5175    i.PrePrintHead      print.o
    0x0801a96c   0x00000754   Code   RO         5176    i.PrintAllons       print.o
    0x0801b0c0   0x00000014   Code   RO         5177    i.PrintAmt          print.o
    0x0801b0d4   0x00000254   Code   RO         4509    i.PrintArticle      kp.o
    0x0801b328   0x00000520   Code   RO         4060    i.PrintChipCard     iccard.o
    0x0801b848   0x000004b8   Code   RO         3927    i.PrintConfInf      hardtest.o
    0x0801bd00   0x000000d4   Code   RO         5825    i.PrintCorrec       report.o
    0x0801bdd4   0x00000040   Code   RO         5826    i.PrintCorrecReport  report.o
    0x0801be14   0x00000040   Code   RO         5827    i.PrintCurrReport   report.o
    0x0801be54   0x00000084   Code   RO         5828    i.PrintCurrency     report.o
    0x0801bed8   0x000000a8   Code   RO         5829    i.PrintDept         report.o
    0x0801bf80   0x00000040   Code   RO         5830    i.PrintDeptReport   report.o
    0x0801bfc0   0x00000380   Code   RO         5010    i.PrintDept_PLU     plu.o
    0x0801c340   0x00000074   Code   RO         5831    i.PrintDisc         report.o
    0x0801c3b4   0x00000040   Code   RO         5832    i.PrintDiscReport   report.o
    0x0801c3f4   0x00000040   Code   RO         5833    i.PrintDrawReport   report.o
    0x0801c434   0x00000084   Code   RO         5834    i.PrintDrawer       report.o
    0x0801c4b8   0x000002b0   Code   RO         4061    i.PrintECRVIP       iccard.o
    0x0801c768   0x000000cc   Code   RO         3442    i.PrintFlowQtyAmt   flowbill.o
    0x0801c834   0x00000070   Code   RO         2627    i.PrintGraphics     extmodules.o
    0x0801c8a4   0x00000084   Code   RO         5835    i.PrintGroup        report.o
    0x0801c928   0x00000040   Code   RO         5836    i.PrintGroupReport  report.o
    0x0801c968   0x0000007c   Code   RO         5178    i.PrintHead1        print.o
    0x0801c9e4   0x000000ec   Code   RO         4289    i.PrintICBlock      iccardblock.o
    0x0801cad0   0x0000004c   Code   RO         4062    i.PrintICMessage    iccard.o
    0x0801cb1c   0x000000a0   Code   RO         2628    i.PrintKeyboard     extmodules.o
    0x0801cbbc   0x00000168   Code   RO         4510    i.PrintKp           kp.o
    0x0801cd24   0x00000024   Code   RO         5179    i.PrintLine         print.o
    0x0801cd48   0x0000003c   Code   RO         3928    i.PrintLine2        hardtest.o
    0x0801cd84   0x000000b0   Code   RO         4692    i.PrintMGMenu       menu.o
    0x0801ce34   0x00000024   Code   RO         3748    i.PrintMessage      general.o
    0x0801ce58   0x00000064   Code   RO         2416    i.PrintModifiers    depart.o
    0x0801cebc   0x00000054   Code   RO         4884    i.PrintNewBal       pb.o
    0x0801cf10   0x00000074   Code   RO         3361    i.PrintNumber       fixed.o
    0x0801cf84   0x0000034c   Code   RO         5837    i.PrintOpenPb       report.o
    0x0801d2d0   0x0000007c   Code   RO         5838    i.PrintPb           report.o
    0x0801d34c   0x00000074   Code   RO         5839    i.PrintPbF          report.o
    0x0801d3c0   0x00000048   Code   RO         5840    i.PrintPbFReport    report.o
    0x0801d408   0x000001b4   Code   RO         4885    i.PrintPbHeader     pb.o
    0x0801d5bc   0x0000027c   Code   RO         4967    i.PrintPbItem       pbbuffer.o
    0x0801d838   0x000000f4   Code   RO         4511    i.PrintPbKp         kp.o
    0x0801d92c   0x000000cc   Code   RO         3750    i.PrintPbTrailer    general.o
    0x0801d9f8   0x00000048   Code   RO         5841    i.PrintPbtReport    report.o
    0x0801da40   0x000000a8   Code   RO         5842    i.PrintPlu          report.o
    0x0801dae8   0x00000054   Code   RO         5843    i.PrintPluReport    report.o
    0x0801db3c   0x00000084   Code   RO         5844    i.PrintPoRa         report.o
    0x0801dbc0   0x00000040   Code   RO         5845    i.PrintPoRaReport   report.o
    0x0801dc00   0x00000130   Code   RO         5846    i.PrintPointReport  report.o
    0x0801dd30   0x00000124   Code   RO         5754    i.PrintPointType    report2.o
    0x0801de54   0x00000014   Code   RO         5180    i.PrintQty          print.o
    0x0801de68   0x00000678   Code   RO         5181    i.PrintQtyAmt       print.o
    0x0801e4e0   0x000000f8   Code   RO         5182    i.PrintRJ           print.o
    0x0801e5d8   0x00000044   Code   RO         5847    i.PrintRange        report.o
    0x0801e61c   0x000003b0   Code   RO         5183    i.PrintRegiInfo     print.o
    0x0801e9cc   0x000006a0   Code   RO         5848    i.PrintReport       report.o
    0x0801f06c   0x00000108   Code   RO         5755    i.PrintReportHeader  report2.o
    0x0801f174   0x0000009c   Code   RO         5849    i.PrintReportType   report.o
    0x0801f210   0x00000068   Code   RO         3751    i.PrintSaleQty      general.o
    0x0801f278   0x0000015c   Code   RO         3258    i.PrintSetupMenu    firmkey.o
    0x0801f3d4   0x00000170   Code   RO         5184    i.PrintSlip         print.o
    0x0801f544   0x00000120   Code   RO         5185    i.PrintSlipPage     print.o
    0x0801f664   0x00000012   Code   RO         5186    i.PrintStr          print.o
    0x0801f676   0x00000002   PAD
    0x0801f678   0x000000a8   Code   RO         2629    i.PrintStr_Center   extmodules.o
    0x0801f720   0x00000144   Code   RO         5850    i.PrintTax          report.o
    0x0801f864   0x00000040   Code   RO         5851    i.PrintTaxReport    report.o
    0x0801f8a4   0x00000040   Code   RO         5852    i.PrintTendReport   report.o
    0x0801f8e4   0x00000084   Code   RO         5853    i.PrintTender       report.o
    0x0801f968   0x0000063c   Code   RO         3752    i.PrintTotal        general.o
    0x0801ffa4   0x00000118   Code   RO         3929    i.PrintVersion      hardtest.o
    0x080200bc   0x00000294   Code   RO         4693    i.PrintXZMenu       menu.o
    0x08020350   0x000000f8   Code   RO         6271    i.Print_Download_Image  print_main.o
    0x08020448   0x00000074   Code   RO         6273    i.Print_Initial     print_main.o
    0x080204bc   0x00000010   Code   RO         6274    i.PrnTemperature    print_main.o
    0x080204cc   0x000001d0   Code   RO         6275    i.Prn_CalcHotTime   print_main.o
    0x0802069c   0x00000044   Code   RO         6276    i.Prn_task00_Stop   print_main.o
    0x080206e0   0x000000bc   Code   RO         6277    i.Prn_task01_Start  print_main.o
    0x0802079c   0x000000f0   Code   RO         6278    i.Prn_task02_PrintChar  print_main.o
    0x0802088c   0x00000078   Code   RO         6279    i.Prn_task03_PrintGraphic  print_main.o
    0x08020904   0x000000f4   Code   RO         6280    i.Prn_task04_FeedPaper  print_main.o
    0x080209f8   0x00000058   Code   RO         6281    i.Prn_task05_FeedHalf  print_main.o
    0x08020a50   0x00000c64   Code   RO         1901    i.ProBuf            buffer.o
    0x080216b4   0x000004f8   Code   RO         1902    i.ProcessBuffer     buffer.o
    0x08021bac   0x00000ea4   Code   RO         2417    i.ProcessDept       depart.o
    0x08022a50   0x00000248   Code   RO         1903    i.ProcessDeptRecord  buffer.o
    0x08022c98   0x000000c8   Code   RO         3362    i.ProcessFuncLook   fixed.o
    0x08022d60   0x000001c8   Code   RO         4582    i.ProcessFunctions  main.o
    0x08022f28   0x00000448   Code   RO         4583    i.ProcessKey        main.o
    0x08023370   0x0000011c   Code   RO         3363    i.ProcessKeyMacro   fixed.o
    0x0802348c   0x00000334   Code   RO         5011    i.ProcessOnePlu     plu.o
    0x080237c0   0x00000540   Code   RO         4968    i.ProcessPbBuffer   pbbuffer.o
    0x08023d00   0x000001ec   Code   RO         5012    i.ProcessPlu        plu.o
    0x08023eec   0x00001958   Code   RO         2241    i.ProcessRecord     computer.o
    0x08025844   0x000000c4   Code   RO         5756    i.ProcessXFunc      report2.o
    0x08025908   0x000000ec   Code   RO         5757    i.ProcessZFunc      report2.o
    0x080259f4   0x000000f8   Code   RO         5384    i.ProgBalance       program.o
    0x08025aec   0x0000007c   Code   RO         5385    i.ProgBarcodeReader  program.o
    0x08025b68   0x00000330   Code   RO         4063    i.ProgChargeChip    iccard.o
    0x08025e98   0x0000018c   Code   RO         4064    i.ProgClearChip     iccard.o
    0x08026024   0x00000130   Code   RO         5386    i.ProgClerk         program.o
    0x08026154   0x000000c4   Code   RO         5387    i.ProgCorrec        program.o
    0x08026218   0x00000150   Code   RO         5388    i.ProgCurr          program.o
    0x08026368   0x000002c0   Code   RO         5389    i.ProgDEPTFields    program.o
    0x08026628   0x00000228   Code   RO         5390    i.ProgDate          program.o
    0x08026850   0x00000208   Code   RO         5391    i.ProgDept          program.o
    0x08026a58   0x0000011c   Code   RO         5392    i.ProgDevice        program.o
    0x08026b74   0x0000022c   Code   RO         5393    i.ProgDisc          program.o
    0x08026da0   0x000000c0   Code   RO         5394    i.ProgDraw          program.o
    0x08026e60   0x00000284   Code   RO         4065    i.ProgECRVIPPoints  iccard.o
    0x080270e4   0x000000dc   Code   RO         5395    i.ProgExtPrinter    program.o
    0x080271c0   0x000000e8   Code   RO         5396    i.ProgGroup         program.o
    0x080272a8   0x00000164   Code   RO         5397    i.ProgHeader        program.o
    0x0802740c   0x00000048   Code   RO         5398    i.ProgHost          program.o
    0x08027454   0x0000027c   Code   RO         5399    i.ProgIC            program.o
    0x080276d0   0x0000013c   Code   RO         5400    i.ProgICBlock       program.o
    0x0802780c   0x0000056c   Code   RO         4066    i.ProgInitialChip   iccard.o
    0x08027d78   0x0000018c   Code   RO         5402    i.ProgKPrn          program.o
    0x08027f04   0x0000015c   Code   RO         5403    i.ProgKeyMacro      program.o
    0x08028060   0x000000cc   Code   RO         5404    i.ProgModi          program.o
    0x0802812c   0x00000108   Code   RO         5406    i.ProgNewVIP        program.o
    0x08028234   0x00000208   Code   RO         5407    i.ProgOFF           program.o
    0x0802843c   0x00000358   Code   RO         5408    i.ProgPLUFields     program.o
    0x08028794   0x00000124   Code   RO         5409    i.ProgPbF           program.o
    0x080288b8   0x00000128   Code   RO         5410    i.ProgPbInfo        program.o
    0x080289e0   0x000001f0   Code   RO         5411    i.ProgPlu           program.o
    0x08028bd0   0x00000108   Code   RO         5412    i.ProgPoRa          program.o
    0x08028cd8   0x00000140   Code   RO         5413    i.ProgPointType     program.o
    0x08028e18   0x00000238   Code   RO         4067    i.ProgPoints        iccard.o
    0x08029050   0x0000015c   Code   RO         5414    i.ProgPrnGraph      program.o
    0x080291ac   0x000001b8   Code   RO         5415    i.ProgPromotion     program.o
    0x08029364   0x0000013c   Code   RO         5416    i.ProgReport        program.o
    0x080294a0   0x00000002   Code   RO         5417    i.ProgSalPer        program.o
    0x080294a2   0x00000002   PAD
    0x080294a4   0x000001cc   Code   RO         5418    i.ProgSlip          program.o
    0x08029670   0x000000c8   Code   RO         5419    i.ProgSlipHead      program.o
    0x08029738   0x000002ec   Code   RO         5420    i.ProgSysFlag       program.o
    0x08029a24   0x000000a0   Code   RO         5421    i.ProgSysMes        program.o
    0x08029ac4   0x0000010c   Code   RO         5422    i.ProgTax           program.o
    0x08029bd0   0x00000124   Code   RO         5423    i.ProgTend          program.o
    0x08029cf4   0x00000108   Code   RO         5424    i.ProgTime          program.o
    0x08029dfc   0x00000160   Code   RO         5425    i.ProgTrailer       program.o
    0x08029f5c   0x000000c8   Code   RO         5426    i.ProgZone          program.o
    0x0802a024   0x000001c4   Code   RO         5299    i.ProgramDump       progdump.o
    0x0802a1e8   0x0000005c   Code   RO         3753    i.PromotionBeep     general.o
    0x0802a244   0x00000140   Code   RO         3754    i.PromtionCheck     general.o
    0x0802a384   0x000000d4   Code   RO         1496    i.PutsO             led_customer.o
    0x0802a458   0x00000014   Code   RO         1497    i.PutsO_Saved       led_customer.o
    0x0802a46c   0x0000004c   Code   RO         4290    i.QueryICBlock      iccardblock.o
    0x0802a4b8   0x00000018   Code   RO         8570    i.RCC_ADCCLKConfig  stm32f10x_rcc.o
    0x0802a4d0   0x00000020   Code   RO         8571    i.RCC_AHBPeriphClockCmd  stm32f10x_rcc.o
    0x0802a4f0   0x00000020   Code   RO         8572    i.RCC_APB1PeriphClockCmd  stm32f10x_rcc.o
    0x0802a510   0x00000020   Code   RO         8574    i.RCC_APB2PeriphClockCmd  stm32f10x_rcc.o
    0x0802a530   0x00000014   Code   RO         8578    i.RCC_ClearFlag     stm32f10x_rcc.o
    0x0802a544   0x000000d4   Code   RO         8582    i.RCC_GetClocksFreq  stm32f10x_rcc.o
    0x0802a618   0x0000003c   Code   RO         8583    i.RCC_GetFlagStatus  stm32f10x_rcc.o
    0x0802a654   0x00000034   Code   RO         8590    i.RCC_LSEConfig     stm32f10x_rcc.o
    0x0802a688   0x0000000c   Code   RO         8597    i.RCC_RTCCLKCmd     stm32f10x_rcc.o
    0x0802a694   0x00000010   Code   RO         8598    i.RCC_RTCCLKConfig  stm32f10x_rcc.o
    0x0802a6a4   0x0000000c   Code   RO         8600    i.RCC_USBCLKConfig  stm32f10x_rcc.o
    0x0802a6b0   0x000001c0   Code   RO         4068    i.RD_ChipCard       iccard.o
    0x0802a870   0x0000001e   Code   RO         2631    i.RFeed             extmodules.o
    0x0802a88e   0x00000002   PAD
    0x0802a890   0x00000418   Code   RO         6282    i.RSPrint           print_main.o
    0x0802aca8   0x00000014   Code   RO         8772    i.RTC_EnterConfigMode  stm32f10x_rtc.o
    0x0802acbc   0x00000014   Code   RO         8773    i.RTC_ExitConfigMode  stm32f10x_rtc.o
    0x0802acd0   0x0000002c   Code   RO         8774    i.RTC_GetCounter    stm32f10x_rtc.o
    0x0802acfc   0x00000020   Code   RO         8778    i.RTC_ITConfig      stm32f10x_rtc.o
    0x0802ad1c   0x0000001c   Code   RO         8780    i.RTC_SetCounter    stm32f10x_rtc.o
    0x0802ad38   0x00000020   Code   RO         8781    i.RTC_SetPrescaler  stm32f10x_rtc.o
    0x0802ad58   0x00000014   Code   RO         8782    i.RTC_WaitForLastTask  stm32f10x_rtc.o
    0x0802ad6c   0x00000020   Code   RO         8783    i.RTC_WaitForSynchro  stm32f10x_rtc.o
    0x0802ad8c   0x00000058   Code   RO         3930    i.RWRand            hardtest.o
    0x0802ade4   0x00000084   Code   RO         2208    i.ReadClerk         clerk.o
    0x0802ae68   0x00000034   Code   RO         2632    i.ReadComm          extmodules.o
    0x0802ae9c   0x0000002c   Code   RO         2328    i.ReadCorrec        correc.o
    0x0802aec8   0x0000001c   Code   RO         2375    i.ReadCurr          currency.o
    0x0802aee4   0x00000084   Code   RO         2418    i.ReadDept          depart.o
    0x0802af68   0x0000002c   Code   RO         2467    i.ReadDisc          discount.o
    0x0802af94   0x0000001c   Code   RO         2515    i.ReadDrawer        drawer.o
    0x0802afb0   0x00000074   Code   RO         4069    i.ReadECRVIPVar     iccard.o
    0x0802b024   0x000001f4   Code   RO         4070    i.ReadFactory       iccard.o
    0x0802b218   0x00000118   Code   RO         2633    i.ReadFlagsList     extmodules.o
    0x0802b330   0x00000044   Code   RO         3443    i.ReadFrLogRam      flowbill.o
    0x0802b374   0x0000003c   Code   RO         4694    i.ReadFromMsg       menu.o
    0x0802b3b0   0x00000030   Code   RO         2634    i.ReadFuncLook      extmodules.o
    0x0802b3e0   0x00000050   Code   RO         2635    i.ReadGraphic       extmodules.o
    0x0802b430   0x0000002c   Code   RO         3896    i.ReadGroup         group.o
    0x0802b45c   0x00000020   Code   RO         2636    i.ReadHeader        extmodules.o
    0x0802b47c   0x00000014   Code   RO         4291    i.ReadICBlock       iccardblock.o
    0x0802b490   0x0000012c   Code   RO         4695    i.ReadItemCaption   menu.o
    0x0802b5bc   0x00000030   Code   RO         4512    i.ReadKP            kp.o
    0x0802b5ec   0x00000024   Code   RO         2637    i.ReadKeyDesList    extmodules.o
    0x0802b610   0x00000024   Code   RO         2638    i.ReadKeyMacro      extmodules.o
    0x0802b634   0x00000028   Code   RO         4812    i.ReadModi          modifier.o
    0x0802b65c   0x00000028   Code   RO         2639    i.ReadNumric        extmodules.o
    0x0802b684   0x000000a8   Code   RO         4843    i.ReadOFFPrice      offprice.o
    0x0802b72c   0x00000014   Code   RO         4886    i.ReadPBTable       pb.o
    0x0802b740   0x0000001c   Code   RO         4887    i.ReadPbF           pb.o
    0x0802b75c   0x000002cc   Code   RO         5013    i.ReadPlu           plu.o
    0x0802ba28   0x00000028   Code   RO         5014    i.ReadPluStock      plu.o
    0x0802ba50   0x0000001c   Code   RO         5107    i.ReadPoRa          pora.o
    0x0802ba6c   0x00000034   Code   RO         5142    i.ReadPort          port.o
    0x0802baa0   0x00000024   Code   RO          283    i.ReadRam           interface.o
    0x0802bac4   0x0000000c   Code   RO         4696    i.ReadRecIndex      menu.o
    0x0802bad0   0x000000f8   Code   RO         2242    i.ReadRecord        computer.o
    0x0802bbc8   0x00000020   Code   RO         2640    i.ReadRepUnit       extmodules.o
    0x0802bbe8   0x00000002   Code   RO         6047    i.ReadSalPer        salper.o
    0x0802bbea   0x00000002   PAD
    0x0802bbec   0x00000020   Code   RO         2641    i.ReadSlipHeader    extmodules.o
    0x0802bc0c   0x0000003c   Code   RO         6094    i.ReadTax           tax.o
    0x0802bc48   0x0000002c   Code   RO         6150    i.ReadTender        tender.o
    0x0802bc74   0x0000012c   Code   RO         3755    i.ReadTotal         general.o
    0x0802bda0   0x00000020   Code   RO         2642    i.ReadTrail         extmodules.o
    0x0802bdc0   0x00000010   Code   RO        10106    i.ReadUSB           usb_endp.o
    0x0802bdd0   0x000000cc   Code   RO         2243    i.ReadUSBRecord     computer.o
    0x0802be9c   0x00000020   Code   RO         2643    i.ReadXZReport      extmodules.o
    0x0802bebc   0x00000058   Code   RO         2644    i.ReadZone          extmodules.o
    0x0802bf14   0x000000bc   Code   RO         3444    i.Read_Flow         flowbill.o
    0x0802bfd0   0x00000048   Code   RO         4071    i.RecallECRVIP      iccard.o
    0x0802c018   0x000000fc   Code   RO         3445    i.RecallFlowHead    flowbill.o
    0x0802c114   0x00000080   Code   RO         1971    i.RecallScreen      chndisp.o
    0x0802c194   0x00000098   Code   RO         4351    i.Recall_ApplRam    initappl.o
    0x0802c22c   0x00000098   Code   RO         4352    i.Recall_Config     initappl.o
    0x0802c2c4   0x000002fc   Code   RO         5187    i.ReceiptIssue      print.o
    0x0802c5c0   0x000000a4   Code   RO         3756    i.RegiEnd           general.o
    0x0802c664   0x00000174   Code   RO         3757    i.RegiInit          general.o
    0x0802c7d8   0x00000188   Code   RO         3758    i.RegiStart         general.o
    0x0802c960   0x00000030   Code   RO         5188    i.ReleaseSlip       print.o
    0x0802c990   0x00000204   Code   RO         5758    i.ReportEnd         report2.o
    0x0802cb94   0x00000044   Code   RO         5854    i.ResetReport       report.o
    0x0802cbd8   0x000000a0   Code   RO         4353    i.ResetStartAddress  initappl.o
    0x0802cc78   0x00000002   Code   RO         6283    i.Reset_printer     print_main.o
    0x0802cc7a   0x00000002   PAD
    0x0802cc7c   0x0000005c   Code   RO         6284    i.Restart_Motor     print_main.o
    0x0802ccd8   0x000000d0   Code   RO         9974    i.Resume            usb_pwr.o
    0x0802cda8   0x00000024   Code   RO         9975    i.Resume_Init       usb_pwr.o
    0x0802cdcc   0x00000130   Code   RO         2645    i.RoundBcd          extmodules.o
    0x0802cefc   0x00000016   Code   RO         6095    i.RoundTaxable      tax.o
    0x0802cf12   0x00000020   Code   RO         4072    i.SCC_Ccrc          iccard.o
    0x0802cf32   0x00000002   PAD
    0x0802cf34   0x00000044   Code   RO         4073    i.SCC_Cript         iccard.o
    0x0802cf78   0x0000007c   Code   RO         4074    i.SCC_SetPswd       iccard.o
    0x0802cff4   0x0000015c   Code   RO         1189    i.SDEnWideBus       sdio_sd.o
    0x0802d150   0x0000000c   Code   RO         8861    i.SDIO_ClearFlag    stm32f10x_sdio.o
    0x0802d15c   0x0000000c   Code   RO         8862    i.SDIO_ClearITPendingBit  stm32f10x_sdio.o
    0x0802d168   0x0000000c   Code   RO         8863    i.SDIO_ClockCmd     stm32f10x_sdio.o
    0x0802d174   0x00000030   Code   RO         8867    i.SDIO_DataConfig   stm32f10x_sdio.o
    0x0802d1a4   0x00000024   Code   RO         8869    i.SDIO_DeInit       stm32f10x_sdio.o
    0x0802d1c8   0x0000000c   Code   RO         8870    i.SDIO_GetCommandResponse  stm32f10x_sdio.o
    0x0802d1d4   0x00000018   Code   RO         8873    i.SDIO_GetFlagStatus  stm32f10x_sdio.o
    0x0802d1ec   0x00000010   Code   RO         8875    i.SDIO_GetPowerState  stm32f10x_sdio.o
    0x0802d1fc   0x00000018   Code   RO         8876    i.SDIO_GetResponse  stm32f10x_sdio.o
    0x0802d214   0x00000008   Code   RO          930    i.SDIO_IRQHandler   stm32f10x_it.o
    0x0802d21c   0x00000020   Code   RO         8877    i.SDIO_ITConfig     stm32f10x_sdio.o
    0x0802d23c   0x00000030   Code   RO         8878    i.SDIO_Init         stm32f10x_sdio.o
    0x0802d26c   0x0000000c   Code   RO         8879    i.SDIO_ReadData     stm32f10x_sdio.o
    0x0802d278   0x0000002c   Code   RO         8881    i.SDIO_SendCommand  stm32f10x_sdio.o
    0x0802d2a4   0x0000000c   Code   RO         8883    i.SDIO_SetPowerState  stm32f10x_sdio.o
    0x0802d2b0   0x000000b4   Code   RO         1192    i.SD_EnableWideBusOperation  sdio_sd.o
    0x0802d364   0x00000350   Code   RO         1194    i.SD_GetCardInfo    sdio_sd.o
    0x0802d6b4   0x00000090   Code   RO         1200    i.SD_Init           sdio_sd.o
    0x0802d744   0x00000168   Code   RO         1201    i.SD_InitializeCards  sdio_sd.o
    0x0802d8ac   0x00000074   Code   RO         1205    i.SD_LowLevel_Init  sdio_sd.o
    0x0802d920   0x000001b8   Code   RO         1207    i.SD_PowerON        sdio_sd.o
    0x0802dad8   0x00000058   Code   RO         1208    i.SD_ProcessIRQSrc  sdio_sd.o
    0x0802db30   0x00000040   Code   RO         1211    i.SD_SelectDeselect  sdio_sd.o
    0x0802db70   0x00000018   Code   RO         9051    i.SPI_Cmd           stm32f10x_spi.o
    0x0802db88   0x00000018   Code   RO         6285    i.SPI_For_Printer   print_main.o
    0x0802dba0   0x00000012   Code   RO         9059    i.SPI_I2S_GetFlagStatus  stm32f10x_spi.o
    0x0802dbb2   0x00000004   Code   RO         9063    i.SPI_I2S_SendData  stm32f10x_spi.o
    0x0802dbb6   0x0000003c   Code   RO         9064    i.SPI_Init          stm32f10x_spi.o
    0x0802dbf2   0x0000005a   Code   RO          221    i.SRAM_Move         fsmc_sram.o
    0x0802dc4c   0x00000026   Code   RO          222    i.SRAM_ReadBuffer   fsmc_sram.o
    0x0802dc72   0x00000026   Code   RO          223    i.SRAM_WriteBuffer  fsmc_sram.o
    0x0802dc98   0x00000054   Code   RO         1563    i.ST7565R_IO_Init   lcd_st7565r.o
    0x0802dcec   0x00000012   Code   RO         1564    i.ST7565R_NOP       lcd_st7565r.o
    0x0802dcfe   0x00000002   PAD
    0x0802dd00   0x00000058   Code   RO         1565    i.ST7565R_SendData  lcd_st7565r.o
    0x0802dd58   0x00000024   Code   RO         1566    i.ST7565R_WR_CMD    lcd_st7565r.o
    0x0802dd7c   0x00000024   Code   RO         1567    i.ST7565R_WR_DATA   lcd_st7565r.o
    0x0802dda0   0x000000d4   Code   RO          284    i.STM32_Initial     interface.o
    0x0802de74   0x00000020   Code   RO         3447    i.SUB_SCANFP        flowbill.o
    0x0802de94   0x00000002   Code   RO          931    i.SVC_Handler       stm32f10x_it.o
    0x0802de96   0x00000002   PAD
    0x0802de98   0x0000002c   Code   RO        10107    i.SaveToUSBQuery    usb_endp.o
    0x0802dec4   0x00000084   Code   RO         4354    i.Save_ApplRam      initappl.o
    0x0802df48   0x0000009c   Code   RO         4355    i.Save_Config       initappl.o
    0x0802dfe4   0x000000a8   Code   RO         4356    i.Save_ConfigApplVar  initappl.o
    0x0802e08c   0x0000001c   Code   RO         1972    i.ScreenFeed        chndisp.o
    0x0802e0a8   0x00000044   Code   RO         1973    i.ScrollScreen      chndisp.o
    0x0802e0ec   0x000001cc   Code   RO         2209    i.SelectClerk       clerk.o
    0x0802e2b8   0x00000070   Code   RO         5427    i.SelectGraphic     program.o
    0x0802e328   0x000000bc   Code   RO         2646    i.SelectKeyCode     extmodules.o
    0x0802e3e4   0x00000002   Code   RO         6048    i.SelectSalPer      salper.o
    0x0802e3e6   0x00000002   PAD
    0x0802e3e8   0x000000a8   Code   RO         2647    i.SendABCD          extmodules.o
    0x0802e490   0x00000020   Code   RO         2648    i.SendALong         extmodules.o
    0x0802e4b0   0x00000014   Code   RO         2650    i.SendComm          extmodules.o
    0x0802e4c4   0x00000038   Code   RO         2244    i.SendComp          computer.o
    0x0802e4fc   0x000000f4   Code   RO         4513    i.SendExtPrinter    kp.o
    0x0802e5f0   0x000000f0   Code   RO         2245    i.SendRecord        computer.o
    0x0802e6e0   0x00000028   Code   RO         2246    i.SendString        computer.o
    0x0802e708   0x00000010   Code   RO        10108    i.SendUSB           usb_endp.o
    0x0802e718   0x000000ee   Code   RO         2247    i.SendUSBRecord     computer.o
    0x0802e806   0x00000010   Code   RO        10109    i.SendUSBString     usb_endp.o
    0x0802e816   0x00000002   PAD
    0x0802e818   0x00000020   Code   RO         6286    i.Send_Byte         print_main.o
    0x0802e838   0x00000052   Code   RO         2651    i.SetBCDPoint       extmodules.o
    0x0802e88a   0x00000002   PAD
    0x0802e88c   0x00000010   Code   RO        10335    i.SetBTABLE         usb_regs.o
    0x0802e89c   0x00000044   Code   RO         2652    i.SetComm           extmodules.o
    0x0802e8e0   0x00000048   Code   RO        10697    i.SetDeviceAddress  usb_core.o
    0x0802e928   0x00000024   Code   RO        10349    i.SetEPRxAddr       usb_regs.o
    0x0802e94c   0x0000004c   Code   RO        10350    i.SetEPRxCount      usb_regs.o
    0x0802e998   0x00000038   Code   RO        10351    i.SetEPRxStatus     usb_regs.o
    0x0802e9d0   0x0000002c   Code   RO        10352    i.SetEPRxValid      usb_regs.o
    0x0802e9fc   0x00000020   Code   RO        10353    i.SetEPTxAddr       usb_regs.o
    0x0802ea1c   0x0000001c   Code   RO        10354    i.SetEPTxCount      usb_regs.o
    0x0802ea38   0x00000038   Code   RO        10355    i.SetEPTxStatus     usb_regs.o
    0x0802ea70   0x0000002c   Code   RO        10356    i.SetEPTxValid      usb_regs.o
    0x0802ea9c   0x0000001c   Code   RO        10357    i.SetEPType         usb_regs.o
    0x0802eab8   0x0000007c   Code   RO         2121    i.SetEditPosition   chninput.o
    0x0802eb34   0x00000094   Code   RO         6288    i.SetFontOffset_char  print_main.o
    0x0802ebc8   0x00000264   Code   RO         2653    i.SetKeyboard       extmodules.o
    0x0802ee2c   0x0000020c   Code   RO         2654    i.SetPassword       extmodules.o
    0x0802f038   0x00000074   Code   RO         1904    i.SetPrintLayOut    buffer.o
    0x0802f0ac   0x0000002c   Code   RO          285    i.SetRTS            interface.o
    0x0802f0d8   0x0000000a   Code   RO         4697    i.SetRecIndex       menu.o
    0x0802f0e2   0x00000008   Code   RO         6953    i.SetSysClock       system_stm32f10x.o
    0x0802f0ea   0x00000002   PAD
    0x0802f0ec   0x000000dc   Code   RO         6954    i.SetSysClockTo72   system_stm32f10x.o
    0x0802f1c8   0x00000084   Code   RO         2655    i.SetTimeDate       extmodules.o
    0x0802f24c   0x000000f8   Code   RO         5759    i.SetUpReport       report2.o
    0x0802f344   0x00000020   Code   RO         6289    i.Set_HotPIN        print_main.o
    0x0802f364   0x0000004c   Code   RO         6290    i.Set_Hot_Data      print_main.o
    0x0802f3b0   0x00000024   Code   RO         6291    i.Set_Hot_Group     print_main.o
    0x0802f3d4   0x00000012   Code   RO         6292    i.Set_Motor_Speed   print_main.o
    0x0802f3e6   0x00000002   PAD
    0x0802f3e8   0x00000028   Code   RO        10021    i.Set_System        hw_config.o
    0x0802f410   0x00000012   Code   RO        10022    i.Set_USBClock      hw_config.o
    0x0802f422   0x00000002   PAD
    0x0802f424   0x000000b8   Code   RO        10698    i.Setup0_Process    usb_core.o
    0x0802f4dc   0x00000028   Code   RO         5189    i.SlipMargin        print.o
    0x0802f504   0x00000148   Code   RO        10699    i.Standard_ClearFeature  usb_core.o
    0x0802f64c   0x0000002c   Code   RO        10700    i.Standard_GetConfiguration  usb_core.o
    0x0802f678   0x00000024   Code   RO        10701    i.Standard_GetDescriptorData  usb_core.o
    0x0802f69c   0x0000002c   Code   RO        10702    i.Standard_GetInterface  usb_core.o
    0x0802f6c8   0x000000f8   Code   RO        10703    i.Standard_GetStatus  usb_core.o
    0x0802f7c0   0x00000048   Code   RO        10704    i.Standard_SetConfiguration  usb_core.o
    0x0802f808   0x00000028   Code   RO        10705    i.Standard_SetDeviceFeature  usb_core.o
    0x0802f830   0x000000b8   Code   RO        10706    i.Standard_SetEndPointFeature  usb_core.o
    0x0802f8e8   0x0000006c   Code   RO        10707    i.Standard_SetInterface  usb_core.o
    0x0802f954   0x00000080   Code   RO         6293    i.Start_Hot         print_main.o
    0x0802f9d4   0x0000008c   Code   RO         6294    i.Start_Motor       print_main.o
    0x0802fa60   0x000000a8   Code   RO         6295    i.Start_When_Ready  print_main.o
    0x0802fb08   0x00000020   Code   RO         6296    i.Stop_Motor        print_main.o
    0x0802fb28   0x000004d8   Code   RO         1905    i.StoreInBuffer     buffer.o
    0x08030000   0x00000100   Code   RO         4969    i.StorePbBuffer     pbbuffer.o
    0x08030100   0x00000258   Code   RO         4888    i.StorePbInvoice    pb.o
    0x08030358   0x00000086   Code   RO         2656    i.StrToBCDValue     extmodules.o
    0x080303de   0x00000002   PAD
    0x080303e0   0x00000080   Code   RO         2657    i.SubBCDValue12     extmodules.o
    0x08030460   0x00000184   Code   RO         2658    i.Subtract          extmodules.o
    0x080305e4   0x000000a8   Code   RO         9976    i.Suspend           usb_pwr.o
    0x0803068c   0x000000a0   Code   RO         3259    i.SuspendECR        firmkey.o
    0x0803072c   0x000002c4   Code   RO         3364    i.SuspendReceipt    fixed.o
    0x080309f0   0x000000c0   Code   RO         1974    i.SuspendScreen     chndisp.o
    0x08030ab0   0x0000005c   Code   RO         6297    i.Suspend_Motor     print_main.o
    0x08030b0c   0x00000088   Code   RO          932    i.SysTick_Handler   stm32f10x_it.o
    0x08030b94   0x00000060   Code   RO         6956    i.SystemInit        system_stm32f10x.o
    0x08030bf4   0x00000030   Code   RO         6299    i.TESTPAPER         print_main.o
    0x08030c24   0x000001b8   Code   RO         6300    i.TIM2_IRQHandler   print_main.o
    0x08030ddc   0x00000094   Code   RO         6301    i.TIM3_IRQHandler   print_main.o
    0x08030e70   0x0000007c   Code   RO          286    i.TIM5_Init         interface.o
    0x08030eec   0x000000ac   Code   RO         1499    i.TIM6_IRQHandler   led_customer.o
    0x08030f98   0x00000080   Code   RO          287    i.TIM6_Init         interface.o
    0x08031018   0x000000a0   Code   RO          604    i.TIM7_IRQHandler   keyboard.o
    0x080310b8   0x00000078   Code   RO          288    i.TIM7_Init         interface.o
    0x08031130   0x00000018   Code   RO         9194    i.TIM_ARRPreloadConfig  stm32f10x_tim.o
    0x08031148   0x00000006   Code   RO         9200    i.TIM_ClearFlag     stm32f10x_tim.o
    0x0803114e   0x00000006   Code   RO         9201    i.TIM_ClearITPendingBit  stm32f10x_tim.o
    0x08031154   0x00000018   Code   RO         9206    i.TIM_Cmd           stm32f10x_tim.o
    0x0803116c   0x00000022   Code   RO         9227    i.TIM_GetITStatus   stm32f10x_tim.o
    0x0803118e   0x00000012   Code   RO         9231    i.TIM_ITConfig      stm32f10x_tim.o
    0x080311a0   0x00000098   Code   RO         9235    i.TIM_OC1Init       stm32f10x_tim.o
    0x08031238   0x00000014   Code   RO         9253    i.TIM_OCStructInit  stm32f10x_tim.o
    0x0803124c   0x00000006   Code   RO         9255    i.TIM_PrescalerConfig  stm32f10x_tim.o
    0x08031252   0x00000012   Code   RO         9262    i.TIM_SelectOnePulseMode  stm32f10x_tim.o
    0x08031264   0x000000a4   Code   RO         9277    i.TIM_TimeBaseInit  stm32f10x_tim.o
    0x08031308   0x00001050   Code   RO         6151    i.Tender            tender.o
    0x08032358   0x00000058   Code   RO         3931    i.TestBEEP          hardtest.o
    0x080323b0   0x000000a4   Code   RO         4584    i.TestChangePointMust  main.o
    0x08032454   0x00000034   Code   RO         2659    i.TestCom123        extmodules.o
    0x08032488   0x00000044   Code   RO         3932    i.TestCustomer      hardtest.o
    0x080324cc   0x00000090   Code   RO         3933    i.TestDateTime      hardtest.o
    0x0803255c   0x0000003c   Code   RO         3934    i.TestDisplay       hardtest.o
    0x08032598   0x00000002   Code   RO         3935    i.TestFlashBWrite   hardtest.o
    0x0803259a   0x00000006   Code   RO         1975    i.TestHZRight       chndisp.o
    0x080325a0   0x0000005c   Code   RO         3936    i.TestKeyboard      hardtest.o
    0x080325fc   0x00000050   Code   RO          289    i.TestLMM           interface.o
    0x0803264c   0x00000168   Code   RO         3937    i.TestOpenDrawer    hardtest.o
    0x080327b4   0x0000004c   Code   RO         6302    i.TestPrintGoingOn  print_main.o
    0x08032800   0x000001d8   Code   RO         3938    i.TestPrinter       hardtest.o
    0x080329d8   0x00000002   Code   RO         3939    i.TestPrnPower      hardtest.o
    0x080329da   0x00000006   Code   RO          290    i.TestRam           interface.o
    0x080329e0   0x0000030c   Code   RO         3940    i.TestRomRam        hardtest.o
    0x08032cec   0x0000009c   Code   RO         2661    i.TestRtc           extmodules.o
    0x08032d88   0x000000f0   Code   RO         3941    i.TestSerial123     hardtest.o
    0x08032e78   0x00000348   Code   RO         2329    i.TransactionVoid   correc.o
    0x080331c0   0x000000bc   Code   RO         1094    i.UARTGet           usart.o
    0x0803327c   0x00000284   Code   RO         1095    i.UARTInit          usart.o
    0x08033500   0x00000078   Code   RO         1096    i.UARTSend          usart.o
    0x08033578   0x00000018   Code   RO         1098    i.UART_GetChar      usart.o
    0x08033590   0x0000000e   Code   RO         1100    i.UART_PutChar      usart.o
    0x0803359e   0x00000016   Code   RO         1101    i.UART_PutString    usart.o
    0x080335b4   0x00000066   Code   RO         2662    i.ULong64toASC      extmodules.o
    0x0803361a   0x00000044   Code   RO         2663    i.ULongToBCDValue   extmodules.o
    0x0803365e   0x00000050   Code   RO         2665    i.ULongtoASCL       extmodules.o
    0x080336ae   0x00000002   PAD
    0x080336b0   0x000000d0   Code   RO          933    i.USART1_IRQHandler  stm32f10x_it.o
    0x08033780   0x000000f0   Code   RO          934    i.USART2_IRQHandler  stm32f10x_it.o
    0x08033870   0x000000f0   Code   RO          935    i.USART3_IRQHandler  stm32f10x_it.o
    0x08033960   0x00000018   Code   RO         9742    i.USART_Cmd         stm32f10x_usart.o
    0x08033978   0x0000001a   Code   RO         9745    i.USART_GetFlagStatus  stm32f10x_usart.o
    0x08033992   0x00000054   Code   RO         9746    i.USART_GetITStatus  stm32f10x_usart.o
    0x080339e6   0x0000004a   Code   RO         9748    i.USART_ITConfig    stm32f10x_usart.o
    0x08033a30   0x000000d8   Code   RO         9749    i.USART_Init        stm32f10x_usart.o
    0x08033b08   0x00000016   Code   RO         9755    i.USART_OverSampling8Cmd  stm32f10x_usart.o
    0x08033b1e   0x0000000a   Code   RO         9756    i.USART_ReceiveData  stm32f10x_usart.o
    0x08033b28   0x00000008   Code   RO         9759    i.USART_SendData    stm32f10x_usart.o
    0x08033b30   0x00000028   Code   RO         1102    i.USART_printf      usart.o
    0x08033b58   0x0000005c   Code   RO        10110    i.USBGet            usb_endp.o
    0x08033bb4   0x0000000c   Code   RO          936    i.USBWakeUp_IRQHandler  stm32f10x_it.o
    0x08033bc0   0x00000028   Code   RO         1778    i.USB_COMM_Ready    usb_app.o
    0x08033be8   0x00000002   Code   RO        10023    i.USB_Cable_Config  hw_config.o
    0x08033bea   0x00000002   PAD
    0x08033bec   0x0000003c   Code   RO        10808    i.USB_Init          usb_init.o
    0x08033c28   0x0000003c   Code   RO        10024    i.USB_Interrupts_Config  hw_config.o
    0x08033c64   0x000001bc   Code   RO        10186    i.USB_Istr          usb_istr.o
    0x08033e20   0x00000008   Code   RO          937    i.USB_LP_CAN1_RX0_IRQHandler  stm32f10x_it.o
    0x08033e28   0x00000024   Code   RO        10665    i.USB_SIL_Init      usb_sil.o
    0x08033e4c   0x00000014   Code   RO         1780    i.USB_Start         usb_app.o
    0x08033e60   0x00000690   Code   RO         1758    i.UpdateBIOS        ecr_iap.o
    0x080344f0   0x000002f0   Code   RO         4970    i.UpdatePbRecord    pbbuffer.o
    0x080347e0   0x00000004   Code   RO          938    i.UsageFault_Handler  stm32f10x_it.o
    0x080347e4   0x00000038   Code   RO        10862    i.UserToPMABufferCopy  usb_mem.o
    0x0803481c   0x00000038   Code   RO         4699    i.VirtualInputStr   menu.o
    0x08034854   0x00000034   Code   RO         4700    i.VirtualInputWord  menu.o
    0x08034888   0x00000064   Code   RO        10204    i.Virtual_Com_Port_Data_Setup  usb_prop.o
    0x080348ec   0x00000014   Code   RO        10205    i.Virtual_Com_Port_GetConfigDescriptor  usb_prop.o
    0x08034900   0x00000014   Code   RO        10206    i.Virtual_Com_Port_GetDeviceDescriptor  usb_prop.o
    0x08034914   0x0000001c   Code   RO        10207    i.Virtual_Com_Port_GetLineCoding  usb_prop.o
    0x08034930   0x00000028   Code   RO        10208    i.Virtual_Com_Port_GetStringDescriptor  usb_prop.o
    0x08034958   0x00000016   Code   RO        10209    i.Virtual_Com_Port_Get_Interface_Setting  usb_prop.o
    0x0803496e   0x00000002   PAD
    0x08034970   0x00000028   Code   RO        10210    i.Virtual_Com_Port_NoData_Setup  usb_prop.o
    0x08034998   0x000000e8   Code   RO        10211    i.Virtual_Com_Port_Reset  usb_prop.o
    0x08034a80   0x00000018   Code   RO        10212    i.Virtual_Com_Port_SetConfiguration  usb_prop.o
    0x08034a98   0x0000000c   Code   RO        10213    i.Virtual_Com_Port_SetDeviceAddress  usb_prop.o
    0x08034aa4   0x0000001c   Code   RO        10214    i.Virtual_Com_Port_SetLineCoding  usb_prop.o
    0x08034ac0   0x00000014   Code   RO        10215    i.Virtual_Com_Port_Status_In  usb_prop.o
    0x08034ad4   0x00000002   Code   RO        10216    i.Virtual_Com_Port_Status_Out  usb_prop.o
    0x08034ad6   0x00000002   PAD
    0x08034ad8   0x00000028   Code   RO        10217    i.Virtual_Com_Port_init  usb_prop.o
    0x08034b00   0x00000036   Code   RO         2666    i.WORDtoASC         extmodules.o
    0x08034b36   0x00000068   Code   RO         2667    i.WORDtoASCL        extmodules.o
    0x08034b9e   0x0000002c   Code   RO         2668    i.WORDtoASCZero     extmodules.o
    0x08034bca   0x0000006a   Code   RO         2669    i.WORDtoBCD         extmodules.o
    0x08034c34   0x00000158   Code   RO         2670    i.WaitForYesNo      extmodules.o
    0x08034d8c   0x00000018   Code   RO         2671    i.WaitOnLine        extmodules.o
    0x08034da4   0x00000078   Code   RO         6303    i.Wait_Paper        print_main.o
    0x08034e1c   0x0000002c   Code   RO         2672    i.WidthofWORD       extmodules.o
    0x08034e48   0x00000040   Code   RO         2210    i.WriteClerk        clerk.o
    0x08034e88   0x0000002c   Code   RO         2330    i.WriteCorrec       correc.o
    0x08034eb4   0x0000002c   Code   RO         2376    i.WriteCurr         currency.o
    0x08034ee0   0x00000088   Code   RO         2419    i.WriteDept         depart.o
    0x08034f68   0x0000002c   Code   RO         2468    i.WriteDisc         discount.o
    0x08034f94   0x0000002c   Code   RO         2516    i.WriteDrawer       drawer.o
    0x08034fc0   0x0000005c   Code   RO         4075    i.WriteECRVIPVar    iccard.o
    0x0803501c   0x0000002c   Code   RO         3897    i.WriteGroup        group.o
    0x08035048   0x00000028   Code   RO         4292    i.WriteICBlock      iccardblock.o
    0x08035070   0x0000002c   Code   RO         4813    i.WriteModi         modifier.o
    0x0803509c   0x000000a8   Code   RO         4844    i.WriteOFFPrice     offprice.o
    0x08035144   0x0000002c   Code   RO         4889    i.WritePbF          pb.o
    0x08035170   0x000000d0   Code   RO         5015    i.WritePlu          plu.o
    0x08035240   0x00000040   Code   RO         5016    i.WritePluInventory  plu.o
    0x08035280   0x000000f8   Code   RO         5017    i.WritePlu_At       plu.o
    0x08035378   0x0000002c   Code   RO         5108    i.WritePoRa         pora.o
    0x080353a4   0x0000003c   Code   RO         5143    i.WritePort         port.o
    0x080353e0   0x00000024   Code   RO          291    i.WriteRam          interface.o
    0x08035404   0x00000040   Code   RO         6096    i.WriteTax          tax.o
    0x08035444   0x0000002c   Code   RO         6152    i.WriteTender       tender.o
    0x08035470   0x000000c8   Code   RO         3449    i.WriteToLogRam     flowbill.o
    0x08035538   0x00000120   Code   RO         3759    i.WriteTotal        general.o
    0x08035658   0x00000028   Code   RO        11115    i.__0sprintf$8      mc_w.l(printf8.o)
    0x08035680   0x00000024   Code   RO        11145    i.__0vsprintf       mc_w.l(printfa.o)
    0x080356a4   0x00000008   Code   RO        11192    i.__aeabi_errno_addr  mc_w.l(errno.o)
    0x080356ac   0x0000000e   Code   RO        11254    i.__scatterload_copy  mc_w.l(handlers.o)
    0x080356ba   0x00000002   Code   RO        11255    i.__scatterload_null  mc_w.l(handlers.o)
    0x080356bc   0x0000000e   Code   RO        11256    i.__scatterload_zeroinit  mc_w.l(handlers.o)
    0x080356ca   0x00000002   PAD
    0x080356cc   0x0000015c   Code   RO        11146    i._fp_digits        mc_w.l(printfa.o)
    0x08035828   0x00000408   Code   RO        11120    i._printf_core      mc_w.l(printf8.o)
    0x08035c30   0x000006f0   Code   RO        11147    i._printf_core      mc_w.l(printfa.o)
    0x08036320   0x00000026   Code   RO        11121    i._printf_post_padding  mc_w.l(printf8.o)
    0x08036346   0x00000026   Code   RO        11148    i._printf_post_padding  mc_w.l(printfa.o)
    0x0803636c   0x00000030   Code   RO        11122    i._printf_pre_padding  mc_w.l(printf8.o)
    0x0803639c   0x00000030   Code   RO        11149    i._printf_pre_padding  mc_w.l(printfa.o)
    0x080363cc   0x0000000a   Code   RO        11124    i._sputc            mc_w.l(printf8.o)
    0x080363d6   0x0000000a   Code   RO        11151    i._sputc            mc_w.l(printfa.o)
    0x080363e0   0x00000078   Code   RO           15    i.bFlashAutoSelect  flashb.o
    0x08036458   0x00000050   Code   RO           20    i.bFlashDataToggle  flashb.o
    0x080364a8   0x000000c4   Code   RO           21    i.bFlashMBlockErase  flashb.o
    0x0803656c   0x00000018   Code   RO           22    i.bFlashPause       flashb.o
    0x08036584   0x00000100   Code   RO           23    i.bFlashProgram     flashb.o
    0x08036684   0x0000000a   Code   RO           24    i.bFlashRead        flashb.o
    0x0803668e   0x0000003c   Code   RO           25    i.bFlashReadBuffer  flashb.o
    0x080366ca   0x00000012   Code   RO           26    i.bFlashReadReset   flashb.o
    0x080366dc   0x00000008   Code   RO           27    i.bFlashWrite       flashb.o
    0x080366e4   0x00000002   Code   RO         2673    i.chkAutoReceiptKey  extmodules.o
    0x080366e6   0x00000026   Code   RO         4076    i.icBCD2EcrBCD      iccard.o
    0x0803670c   0x00000264   Code   RO          605    i.keydown           keyboard.o
    0x08036970   0x00000084   Code   RO          606    i.keyscan           keyboard.o
    0x080369f4   0x00000054   Code   RO         1568    i.mBalnkScreen      lcd_st7565r.o
    0x08036a48   0x00000090   Code   RO         1569    i.mClearScreen      lcd_st7565r.o
    0x08036ad8   0x000000cc   Code   RO         1570    i.mDispCharXY       lcd_st7565r.o
    0x08036ba4   0x00000098   Code   RO         1571    i.mDispCursor       lcd_st7565r.o
    0x08036c3c   0x00000002   Code   RO         1572    i.mDispLogo         lcd_st7565r.o
    0x08036c3e   0x00000030   Code   RO         1573    i.mDispStringXY     lcd_st7565r.o
    0x08036c6e   0x00000002   PAD
    0x08036c70   0x00000130   Code   RO         1575    i.mDrawABox         lcd_st7565r.o
    0x08036da0   0x000000d0   Code   RO         1576    i.mDrawChar         lcd_st7565r.o
    0x08036e70   0x00000104   Code   RO         1579    i.mDrawPower        lcd_st7565r.o
    0x08036f74   0x00000038   Code   RO         1580    i.mEnCursor         lcd_st7565r.o
    0x08036fac   0x0000006c   Code   RO         1581    i.mInitialLCD       lcd_st7565r.o
    0x08037018   0x0000001c   Code   RO         1582    i.mLightLCDOff      lcd_st7565r.o
    0x08037034   0x0000001c   Code   RO         1583    i.mLightLCDOn       lcd_st7565r.o
    0x08037050   0x0000004c   Code   RO         1585    i.mRefreshLine      lcd_st7565r.o
    0x0803709c   0x0000001a   Code   RO         1586    i.mSetContrast      lcd_st7565r.o
    0x080370b6   0x00000002   PAD
    0x080370b8   0x00000034   Code   RO         1587    i.mSetState         lcd_st7565r.o
    0x080370ec   0x00000114   Code   RO         4585    i.main              main.o
    0x08037200   0x0000007c   Code   RO         1428    i.mktimev           rtc.o
    0x0803727c   0x00000018   Code   RO          292    i.msDelay           interface.o
    0x08037294   0x0000002c   Code   RO         6305    i.partial_cut       print_main.o
    0x080372c0   0x00000030   Code   RO          755    i.pwrADCCtrl        pwr_ctrl.o
    0x080372f0   0x0000008c   Code   RO          757    i.pwrGetStatus      pwr_ctrl.o
    0x0803737c   0x00000078   Code   RO          758    i.pwrIO_Init        pwr_ctrl.o
    0x080373f4   0x00000012   Code   RO          759    i.pwr_Init          pwr_ctrl.o
    0x08037406   0x00000054   Code   RO         1429    i.rtc_Config        rtc.o
    0x0803745a   0x00000014   Code   RO         1430    i.rtc_gettime       rtc.o
    0x0803746e   0x00000044   Code   RO         1431    i.rtc_init          rtc.o
    0x080374b2   0x00000020   Code   RO         1432    i.rtc_settime       rtc.o
    0x080374d2   0x00000002   PAD
    0x080374d4   0x00000064   Code   RO         6307    i.sel_print_mode    print_main.o
    0x08037538   0x0000010c   Code   RO         6308    i.sel_raster_bit_image  print_main.o
    0x08037644   0x00000028   Code   RO         1591    i.st7565SetXY       lcd_st7565r.o
    0x0803766c   0x0000005c   Code   RO         5318    i.strToBin          progopt.o
    0x080376c8   0x000000c8   Code   RO         1433    i.to_tm             rtc.o
    0x08037790   0x0000002c   Code   RO         6309    i.total_cut         print_main.o
    0x080377bc   0x00000016   Code   RO         6310    i.turn_underline_mode  print_main.o
    0x080377d2   0x00000002   PAD
    0x080377d4   0x00000034   Code   RO         6311    i.tx_printer_status  print_main.o
    0x08037808   0x00000070   Code   RO         6312    i.tx_status         print_main.o
    0x08037878   0x00000044   Code   RO          293    i.usDelay           interface.o
    0x080378bc   0x000000a8   Code   RO           28    i.wFlashProgramAWord  flashb.o
    0x08037964   0x00000008   Code   RO           31    i.wFlashWrite       flashb.o
    0x0803796c   0x0000001a   Code   RO          682    i.xprintf           monitor.o
    0x08037986   0x00000002   PAD
    0x08037988   0x00000038   Code   RO          683    i.xputc             monitor.o
    0x080379c0   0x00000016   Code   RO          684    i.xputs             monitor.o
    0x080379d6   0x00000212   Code   RO          686    i.xvprintf          monitor.o
    0x08037be8   0x00000de0   Data   RO            1    .constdata          asciifonts.o
    0x080389c8   0x0000008c   Data   RO           32    .constdata          flashb.o
    0x08038a54   0x00000030   Data   RO         1434    .constdata          rtc.o
    0x08038a84   0x0000005b   Data   RO         1500    .constdata          led_customer.o
    0x08038adf   0x00000408   Data   RO         1593    .constdata          lcd_st7565r.o
    0x08038ee7   0x00000001   PAD
    0x08038ee8   0x00001666   Data   RO         1942    .constdata          chinaapp.o
    0x0803a54e   0x0000114c   Data   RO         2192    .constdata          chnmess.o
    0x0803b69a   0x0000000b   Data   RO         2249    .constdata          computer.o
    0x0803b6a5   0x00000003   PAD
    0x0803b6a8   0x000010ee   Data   RO         2675    .constdata          extmodules.o
    0x0803c796   0x00000038   Data   RO         3260    .constdata          firmkey.o
    0x0803c7ce   0x000000a2   Data   RO         3451    .constdata          flowbill.o
    0x0803c870   0x0000005f   Data   RO         4078    .constdata          iccard.o
    0x0803c8cf   0x000000b4   Data   RO         4514    .constdata          kp.o
    0x0803c983   0x00000001   PAD
    0x0803c984   0x00000034   Data   RO         4663    .constdata          memory.o
    0x0803c9b8   0x000003be   Data   RO         4702    .constdata          menu.o
    0x0803cd76   0x000000f8   Data   RO         5190    .constdata          print.o
    0x0803ce6e   0x00000008   Data   RO         5429    .constdata          program.o
    0x0803ce76   0x00000028   Data   RO         5760    .constdata          report2.o
    0x0803ce9e   0x00000002   PAD
    0x0803cea0   0x00000c18   Data   RO         6223    .constdata          print_def.o
    0x0803dab8   0x00002a50   Data   RO         6314    .constdata          print_main.o
    0x08040508   0x00000c19   Data   RO         6716    .constdata          photo_abbigl.o
    0x08041121   0x00000003   PAD
    0x08041124   0x00000675   Data   RO         6725    .constdata          photo_appetito.o
    0x08041799   0x00000003   PAD
    0x0804179c   0x000007f5   Data   RO         6743    .constdata          photo_caffe.o
    0x08041f91   0x00000003   PAD
    0x08041f94   0x00000bce   Data   RO         6752    .constdata          photo_carneval.o
    0x08042b62   0x00000002   PAD
    0x08042b64   0x000007f5   Data   RO         6761    .constdata          photo_cornetto.o
    0x08043359   0x00000003   PAD
    0x0804335c   0x000009ee   Data   RO         6770    .constdata          photo_cucina.o
    0x08043d4a   0x00000002   PAD
    0x08043d4c   0x00000675   Data   RO         6779    .constdata          photo_donna.o
    0x080443c1   0x00000003   PAD
    0x080443c4   0x00000c75   Data   RO         6788    .constdata          photo_eutron.o
    0x08045039   0x00000003   PAD
    0x0804503c   0x00000675   Data   RO         6797    .constdata          photo_fiori.o
    0x080456b1   0x00000003   PAD
    0x080456b4   0x0000062e   Data   RO         6806    .constdata          photo_gelato.o
    0x08045ce2   0x00000002   PAD
    0x08045ce4   0x00000bce   Data   RO         6815    .constdata          photo_jolly.o
    0x080468b2   0x00000002   PAD
    0x080468b4   0x00000bce   Data   RO         6836    .constdata          photo_mamma.o
    0x08047482   0x00000002   PAD
    0x08047484   0x000009ee   Data   RO         6845    .constdata          photo_natale.o
    0x08047e72   0x00000002   PAD
    0x08047e74   0x00000149   Data   RO         6854    .constdata          photo_panama.o
    0x08047fbd   0x00000003   PAD
    0x08047fc0   0x00000975   Data   RO         6863    .constdata          photo_pane.o
    0x08048935   0x00000003   PAD
    0x08048938   0x00000675   Data   RO         6872    .constdata          photo_papa.o
    0x08048fad   0x00000003   PAD
    0x08048fb0   0x00000be7   Data   RO         6881    .constdata          photo_pasqua.o
    0x08049b97   0x00000001   PAD
    0x08049b98   0x00000975   Data   RO         6890    .constdata          photo_pesce.o
    0x0804a50d   0x00000003   PAD
    0x0804a510   0x000009ee   Data   RO         6899    .constdata          photo_risparmi.o
    0x0804aefe   0x00000002   PAD
    0x0804af00   0x00000975   Data   RO         6908    .constdata          photo_salumi.o
    0x0804b875   0x00000003   PAD
    0x0804b878   0x00000675   Data   RO         6917    .constdata          photo_selfdef.o
    0x0804beed   0x00000003   PAD
    0x0804bef0   0x00000675   Data   RO         6926    .constdata          photo_sport.o
    0x0804c565   0x00000003   PAD
    0x0804c568   0x000009ee   Data   RO         6935    .constdata          photo_vacanze.o
    0x0804cf56   0x00000002   PAD
    0x0804cf58   0x00000975   Data   RO         6944    .constdata          photo_valentin.o
    0x0804d8cd   0x000000b1   Data   RO        10088    .constdata          usb_desc.o
    0x0804d97e   0x00000081   Data   RO        11218    .constdata          mc_w.l(ctype_o.o)
    0x0804d9ff   0x00000001   PAD
    0x0804da00   0x00000004   Data   RO        11219    .constdata          mc_w.l(ctype_o.o)
    0x0804da04   0x00000219   Data   RO         1943    .conststring        chinaapp.o
    0x0804dc1d   0x000015e1   Data   RO         2193    .conststring        chnmess.o
    0x0804f1fe   0x00000177   Data   RO         2676    .conststring        extmodules.o
    0x0804f375   0x00000003   PAD
    0x0804f378   0x00000020   Data   RO        11252    Region$$Table       anon$$obj.o


    Execution Region RW_IRAM1 (Base: 0x20000000, Size: 0x0000d0c0, Max: 0x00010000, ABSOLUTE, COMPRESSED[0x00000278])

    Base Addr    Size         Type   Attr      Idx    E Section Name        Object

    0x20000000   0x00000014   Data   RW          294    .data               interface.o
    0x20000014   0x0000005b   Data   RW          608    .data               keyboard.o
    0x2000006f   0x00000001   PAD
    0x20000070   0x0000000c   Data   RW          687    .data               monitor.o
    0x2000007c   0x0000005b   Data   RW          760    .data               pwr_ctrl.o
    0x200000d7   0x00000001   PAD
    0x200000d8   0x00000012   Data   RW          939    .data               stm32f10x_it.o
    0x200000ea   0x00000002   PAD
    0x200000ec   0x0000000c   Data   RW         1104    .data               usart.o
    0x200000f8   0x0000001c   Data   RW         1221    .data               sdio_sd.o
    0x20000114   0x00000030   Data   RW         1435    .data               rtc.o
    0x20000144   0x00000024   Data   RW         1501    .data               led_customer.o
    0x20000168   0x00000006   Data   RW         1594    .data               lcd_st7565r.o
    0x2000016e   0x00000002   PAD
    0x20000170   0x00000008   Data   RW         1782    .data               usb_app.o
    0x20000178   0x00000006   Data   RW         1851    .data               balance.o
    0x2000017e   0x00000002   PAD
    0x20000180   0x00000004   Data   RW         1877    .data               barcode.o
    0x20000184   0x00000058   Data   RW         1944    .data               chinaapp.o
    0x200001dc   0x00000003   Data   RW         1977    .data               chndisp.o
    0x200001df   0x00000001   PAD
    0x200001e0   0x00000009   Data   RW         2123    .data               chninput.o
    0x200001e9   0x00000003   PAD
    0x200001ec   0x00000008   Data   RW         2250    .data               computer.o
    0x200001f4   0x00000001   Data   RW         2420    .data               depart.o
    0x200001f5   0x00000003   PAD
    0x200001f8   0x00000070   Data   RW         2677    .data               extmodules.o
    0x20000268   0x00000004   Data   RW         3261    .data               firmkey.o
    0x2000026c   0x00000004   Data   RW         3365    .data               fixed.o
    0x20000270   0x00000004   Data   RW         3452    .data               flowbill.o
    0x20000274   0x00000001   Data   RW         3760    .data               general.o
    0x20000275   0x00000002   Data   RW         4079    .data               iccard.o
    0x20000277   0x00000001   PAD
    0x20000278   0x00000002   Data   RW         4357    .data               initappl.o
    0x2000027a   0x00000002   PAD
    0x2000027c   0x0000002c   Data   RW         4664    .data               memory.o
    0x200002a8   0x0000000c   Data   RW         4703    .data               menu.o
    0x200002b4   0x00000005   Data   RW         5430    .data               program.o
    0x200002b9   0x00000009   Data   RW         6187    .data               timer.o
    0x200002c2   0x00000002   PAD
    0x200002c4   0x00000110   Data   RW         6224    .data               print_def.o
    0x200003d4   0x00000001   Data   RW         6315    .data               print_main.o
    0x200003d5   0x00000003   PAD
    0x200003d8   0x00000014   Data   RW         6957    .data               system_stm32f10x.o
    0x200003ec   0x00000014   Data   RW         8602    .data               stm32f10x_rcc.o
    0x20000400   0x0000000e   Data   RW         9978    .data               usb_pwr.o
    0x2000040e   0x00000002   PAD
    0x20000410   0x00000010   Data   RW        10026    .data               hw_config.o
    0x20000420   0x0000001a   Data   RW        10089    .data               usb_desc.o
    0x2000043a   0x00000002   PAD
    0x2000043c   0x00000004   Data   RW        10113    .data               usb_endp.o
    0x20000440   0x00000046   Data   RW        10187    .data               usb_istr.o
    0x20000486   0x00000002   PAD
    0x20000488   0x00000094   Data   RW        10218    .data               usb_prop.o
    0x2000051c   0x00000004   Data   RW        10708    .data               usb_core.o
    0x20000520   0x00000014   Data   RW        10810    .data               usb_init.o
    0x20000534   0x00000004   Data   RW        10833    .data               usb_int.o
    0x20000538   0x00000004   Data   RW        11195    .data               mc_w.l(errno.o)
    0x2000053c   0x0000000a   Zero   RW          607    .bss                keyboard.o
    0x20000546   0x00000002   PAD
    0x20000548   0x00000cf8   Zero   RW         1103    .bss                usart.o
    0x20001240   0x000000cc   Zero   RW         1220    .bss                sdio_sd.o
    0x2000130c   0x00000400   Zero   RW         1592    .bss                lcd_st7565r.o
    0x2000170c   0x0000001e   Zero   RW         1850    .bss                balance.o
    0x2000172a   0x000000fe   Zero   RW         1876    .bss                barcode.o
    0x20001828   0x000000b8   Zero   RW         1976    .bss                chndisp.o
    0x200018e0   0x00000015   Zero   RW         2122    .bss                chninput.o
    0x200018f5   0x00000400   Zero   RW         2248    .bss                computer.o
    0x20001cf5   0x00000003   PAD
    0x20001cf8   0x0000002e   Zero   RW         2674    .bss                extmodules.o
    0x20001d26   0x00000021   Zero   RW         3450    .bss                flowbill.o
    0x20001d47   0x00000020   Zero   RW         4077    .bss                iccard.o
    0x20001d67   0x00000001   PAD
    0x20001d68   0x00005c16   Zero   RW         4662    .bss                memory.o
    0x2000797e   0x0000004b   Zero   RW         4701    .bss                menu.o
    0x200079c9   0x0000003d   Zero   RW         5428    .bss                program.o
    0x20007a06   0x00000002   PAD
    0x20007a08   0x0000222c   Zero   RW         6222    .bss                print_def.o
    0x20009c34   0x00000020   Zero   RW         9977    .bss                usb_pwr.o
    0x20009c54   0x00000040   Zero   RW        10025    .bss                hw_config.o
    0x20009c94   0x00000410   Zero   RW        10112    .bss                usb_endp.o
    0x2000a0a4   0x0000001c   Zero   RW        10809    .bss                usb_init.o
    0x2000a0c0   0x00003000   Zero   RW         6998    STACK               startup_stm32f10x_hd.o



  Load Region LR$$.ARM.__AT_0x60004000 (Base: 0x60004000, Size: 0x00000000, Max: 0x00002000, ABSOLUTE)

    Execution Region ER$$.ARM.__AT_0x60004000 (Base: 0x60004000, Size: 0x00002000, Max: 0x00002000, ABSOLUTE, UNINIT)

    Base Addr    Size         Type   Attr      Idx    E Section Name        Object

    0x60004000   0x00002000   Zero   RW         4658    .ARM.__AT_0x60004000  memory.o



  Load Region LR$$.ARM.__AT_0x60006000 (Base: 0x60006000, Size: 0x00000000, Max: 0x00002000, ABSOLUTE)

    Execution Region ER$$.ARM.__AT_0x60006000 (Base: 0x60006000, Size: 0x00002000, Max: 0x00002000, ABSOLUTE, UNINIT)

    Base Addr    Size         Type   Attr      Idx    E Section Name        Object

    0x60006000   0x00002000   Zero   RW         4659    .ARM.__AT_0x60006000  memory.o



  Load Region LR$$.ARM.__AT_0x60008000 (Base: 0x60008000, Size: 0x00000000, Max: 0x00008000, ABSOLUTE)

    Execution Region ER$$.ARM.__AT_0x60008000 (Base: 0x60008000, Size: 0x00008000, Max: 0x00008000, ABSOLUTE, UNINIT)

    Base Addr    Size         Type   Attr      Idx    E Section Name        Object

    0x60008000   0x00008000   Zero   RW         4660    .ARM.__AT_0x60008000  memory.o



  Load Region LR$$.ARM.__AT_0x64000000 (Base: 0x64000000, Size: 0x00000000, Max: 0x00002f84, ABSOLUTE)

    Execution Region ER$$.ARM.__AT_0x64000000 (Base: 0x64000000, Size: 0x00002f84, Max: 0x00002f84, ABSOLUTE, UNINIT)

    Base Addr    Size         Type   Attr      Idx    E Section Name        Object

    0x64000000   0x00002f81   Zero   RW         4661    .ARM.__AT_0x64000000  memory.o



  Load Region LR$$.ARM.__AT_0x6403F000 (Base: 0x6403f000, Size: 0x00000000, Max: 0x0000008c, ABSOLUTE)

    Execution Region ER$$.ARM.__AT_0x6403F000 (Base: 0x6403f000, Size: 0x0000008c, Max: 0x0000008c, ABSOLUTE, UNINIT)

    Base Addr    Size         Type   Attr      Idx    E Section Name        Object

    0x6403f000   0x0000008a   Zero   RW         6313    .ARM.__AT_0x6403F000  print_main.o


==============================================================================

Image component sizes


      Code (inc. data)   RO Data    RW Data    ZI Data      Debug   Object Name

         0          0       3552          0          0       4721   asciifonts.o
       832         56          0          6         30       2240   balance.o
      1068         62          0          4        254       2094   barcode.o
      6624        256          0          0          0       6990   buffer.o
         0          0       6271         88          0       1380   chinaapp.o
      1744         80          0          3        184      12187   chndisp.o
      3564        172          0          9         21       6780   chninput.o
         0          0      10029          0          0       5026   chnmess.o
       692         58          0          0          0       2036   clerk.o
      8456        428         11          8       1024      12668   computer.o
         0          0          0          0          0         32   core_cm3.o
      1948        110          0          0          0       3465   correc.o
       604         68          0          0          0       2975   currency.o
      4492        200          0          1          0       5211   depart.o
      4512        200          0          0          0       4920   discount.o
       720         78          0          0          0       3046   drawer.o
      1680         40          0          0          0      17056   ecr_iap.o
     14272        944       4709        112         46      59587   extmodules.o
      9088        810         56          4          0      11238   firmkey.o
       244         26          0          0          0       1046   fiscal.o
      4512        266          0          4          0       6144   fixed.o
       948         64        140          0          0     311777   flashb.o
     10854        764        162          4         33      29497   flowbill.o
       704         38          0          0          0       4733   format.o
       442         18          0          0          0       3207   fsmc_sram.o
      6060        346          0          1          0      12777   general.o
       308         36          0          0          0       1654   group.o
      5996        674          0          0          0      11394   hardtest.o
       386         36          0         16         64       6599   hw_config.o
     12954        824         95          2         32      26735   iccard.o
       428         76          0          0          0       2780   iccardblock.o
      6068        680          0          2          0      15708   initappl.o
      2534        252          0         20          0      83156   interface.o
      1288        140          0         91         10       6323   keyboard.o
      2656        172        180          0          0       7114   kp.o
      2082        170       1032          6       1024      13510   lcd_st7565r.o
       842        104         91         36          0       6135   led_customer.o
      3502        250          0          0          0       7544   main.o
      1080         32         52         44      84887       3358   memory.o
      4042        236        958         12         75      12511   menu.o
       136         24          0          0          0       1575   misc.o
       516         66          0          0          0       1761   modifier.o
       702         30          0         12          0       4153   monitor.o
       368         28          0          0          0       1319   offprice.o
      7700        352          0          0          0       9879   pb.o
      3692        134          0          0          0       5252   pbbuffer.o
         0          0       3097          0          0        526   photo_abbigl.o
         0          0       1653          0          0        542   photo_appetito.o
         0          0       2037          0          0        520   photo_caffe.o
         0          0       3022          0          0        542   photo_carneval.o
         0          0       2037          0          0        542   photo_cornetto.o
         0          0       2542          0          0        526   photo_cucina.o
         0          0       1653          0          0        520   photo_donna.o
         0          0       3189          0          0        526   photo_eutron.o
         0          0       1653          0          0        520   photo_fiori.o
         0          0       1582          0          0        526   photo_gelato.o
         0          0       3022          0          0        520   photo_jolly.o
         0          0       3022          0          0        520   photo_mamma.o
         0          0       2542          0          0        526   photo_natale.o
         0          0        329          0          0        526   photo_panama.o
         0          0       2421          0          0        514   photo_pane.o
         0          0       1653          0          0        514   photo_papa.o
         0          0       3047          0          0        526   photo_pasqua.o
         0          0       2421          0          0        520   photo_pesce.o
         0          0       2542          0          0        542   photo_risparmi.o
         0          0       2421          0          0        526   photo_salumi.o
         0          0       1653          0          0        532   photo_selfdef.o
         0          0       1653          0          0        520   photo_sport.o
         0          0       2542          0          0        532   photo_vacanze.o
         0          0       2421          0          0        542   photo_valentin.o
         0          0          0          0          0       1592   photo_vuoto.o
      5864        340          0          0          0      10760   plu.o
      1120         66          0          0          0       2498   pora.o
       200         38          0          0          0       1285   port.o
      7402        290        248          0          0      14816   print.o
         0          0       3096        272       8748      10416   print_def.o
      9210       1072      10832          1        138      45626   print_main.o
       452         46          0          0          0        722   progdump.o
      2820        264          0          0          0       5829   progopt.o
     16650       1770          8          5         61      32336   program.o
       522         48          0         91          0       3167   pwr_ctrl.o
      8466        618          0          0          0      21537   report.o
      2448        218         40          0          0       5743   report2.o
       636         20         48         48          0       4119   rtc.o
         4          0          0          0          0        728   salper.o
      3908        216          0         28        204      20497   sdio_sd.o
       156          4          0          0          0        899   search.o
        36          8        304          0      12288        776   startup_stm32f10x_hd.o
       330         10          0          0          0       5216   stm32f10x_adc.o
        56         10          0          0          0       2239   stm32f10x_bkp.o
       416          8          0          0          0       3462   stm32f10x_dma.o
       200         18          0          0          0       2144   stm32f10x_exti.o
       276          6          0          0          0       1857   stm32f10x_fsmc.o
       486         10          0          0          0       3967   stm32f10x_gpio.o
       980         80          0         18          0      11456   stm32f10x_it.o
        12          6          0          0          0        518   stm32f10x_pwr.o
       504         78          0         20          0       8751   stm32f10x_rcc.o
       228         42          0          0          0       4202   stm32f10x_rtc.o
       344         80          0          0          0       9241   stm32f10x_sdio.o
       106          0          0          0          0       3328   stm32f10x_spi.o
       472         62          0          0          0       7101   stm32f10x_tim.o
       464          6          0          0          0       6734   stm32f10x_usart.o
       324         26          0         20          0       2073   system_stm32f10x.o
      1970        106          0          0          0       5260   tax.o
      4396        200          0          0          0       4383   tender.o
      1988         76          0          9          0       2557   timer.o
      1324         70          0         12       3320       7806   usart.o
        60          8          0          8          0       2073   usb_app.o
      2966        282          0          4          0      14271   usb_core.o
         0          0        177         26          0       1059   usb_desc.o
       308         44          0          4       1040       6275   usb_endp.o
        60         24          0         20         28       4078   usb_init.o
       616         28          0          4          0       1680   usb_int.o
       444         34          0         70          0       1575   usb_istr.o
        96         10          0          0          0       1772   usb_mem.o
       628        102          0        148          0      11089   usb_prop.o
       476         52          0         14         32       3516   usb_pwr.o
       648        110          0          0          0       9547   usb_regs.o
        36          8          0          0          0        479   usb_sil.o

    ----------------------------------------------------------------------
    222548      16014      96346       1336     113556    1106998   Object Totals
         0          0         32          0          0          0   (incl. Generated)
       100          0         69         29         13          0   (incl. Padding)

    ----------------------------------------------------------------------

      Code (inc. data)   RO Data    RW Data    ZI Data      Debug   Library Member Name

        92          0          0          0          0          0   __dczerorl2.o
        28          0          0          0          0         68   _chval.o
       158          0          0          0          0         92   _strtoul.o
        26          0          0          0          0         80   atoi.o
         8          4        133          0          0         68   ctype_o.o
         0          0          0          0          0          0   entry.o
         0          0          0          0          0          0   entry10a.o
         0          0          0          0          0          0   entry11a.o
         8          4          0          0          0          0   entry2.o
         4          0          0          0          0          0   entry5.o
         0          0          0          0          0          0   entry7b.o
         0          0          0          0          0          0   entry8b.o
         8          4          0          0          0          0   entry9a.o
         8          4          0          4          0         68   errno.o
        30          0          0          0          0          0   handlers.o
        36          8          0          0          0         68   init.o
         0          0          0          0          0          0   iusefp.o
        30          0          0          0          0         68   llshl.o
        36          0          0          0          0         68   llsshr.o
        32          0          0          0          0         68   llushr.o
        26          0          0          0          0         80   memcmp.o
        36          0          0          0          0         68   memcpya.o
        36          0          0          0          0        108   memseta.o
      1168         50          0          0          0        420   printf8.o
      2256         86          0          0          0        508   printfa.o
        24          0          0          0          0         68   strcat.o
        20          0          0          0          0         68   strchr.o
        18          0          0          0          0         68   strcpy.o
        14          0          0          0          0         68   strlen.o
        30          0          0          0          0         80   strncmp.o
        24          0          0          0          0         76   strncpy.o
       112          0          0          0          0         88   strtol.o
        44          0          0          0          0         80   uidiv.o
        98          0          0          0          0         92   uldiv.o
        40          2          0          0          0         68   cdrcmple.o
       334          0          0          0          0        148   dadd.o
       222          0          0          0          0        100   ddiv.o
       190          0          0          0          0        176   depilogue.o
        48          0          0          0          0         68   dfixul.o
       228          0          0          0          0         96   dmul.o

    ----------------------------------------------------------------------
      5476        162        134          4          0       3176   Library Totals
         4          0          1          0          0          0   (incl. Padding)

    ----------------------------------------------------------------------

      Code (inc. data)   RO Data    RW Data    ZI Data      Debug   Library Name

      4410        160        133          4          0       2520   mc_w.l
      1062          2          0          0          0        656   mf_w.l

    ----------------------------------------------------------------------
      5476        162        134          4          0       3176   Library Totals

    ----------------------------------------------------------------------

==============================================================================


      Code (inc. data)   RO Data    RW Data    ZI Data      Debug   

    228024      16176      96480       1340     113556    1058694   Grand Totals
    228024      16176      96480        632     113556    1058694   ELF Image Totals (compressed)
    228024      16176      96480        632          0          0   ROM Totals

==============================================================================

    Total RO  Size (Code + RO Data)               324504 ( 316.90kB)
    Total RW  Size (RW Data + ZI Data)            114896 ( 112.20kB)
    Total ROM Size (Code + RO Data + RW Data)     325136 ( 317.52kB)

==============================================================================

