Component: ARM Compiler 5.06 update 1 (build 61) Tool: armlink [4d35a8]

==============================================================================

Section Cross References

    flashb.o(i.bFlashAutoSelect) refers to flashb.o(i.bFlashWrite) for bFlashWrite
    flashb.o(i.bFlashAutoSelect) refers to flashb.o(i.bFlashRead) for bFlashRead
    flashb.o(i.bFlashAutoSelect) refers to flashb.o(.constdata) for BlockOffset
    flashb.o(i.bFlashBlockErase) refers to flashb.o(i.bFlashAutoSelect) for bFlashAutoSelect
    flashb.o(i.bFlashBlockErase) refers to flashb.o(i.bFlashWrite) for bFlashWrite
    flashb.o(i.bFlashBlockErase) refers to flashb.o(i.bFlashRead) for bFlashRead
    flashb.o(i.bFlashBlockErase) refers to flashb.o(i.bFlashDataToggle) for bFlashDataToggle
    flashb.o(i.bFlashBlockErase) refers to flashb.o(i.bFlashReadReset) for bFlashReadReset
    flashb.o(i.bFlashBlockErase) refers to flashb.o(.constdata) for BlockOffset
    flashb.o(i.bFlashChipErase) refers to flashb.o(i.bFlashAutoSelect) for bFlashAutoSelect
    flashb.o(i.bFlashChipErase) refers to flashb.o(i.bFlashWrite) for bFlashWrite
    flashb.o(i.bFlashChipErase) refers to flashb.o(i.bFlashDataToggle) for bFlashDataToggle
    flashb.o(i.bFlashChipErase) refers to flashb.o(i.bFlashReadReset) for bFlashReadReset
    flashb.o(i.bFlashDataToggle) refers to flashb.o(i.bFlashRead) for bFlashRead
    flashb.o(i.bFlashMBlockErase) refers to flashb.o(i.bFlashAutoSelect) for bFlashAutoSelect
    flashb.o(i.bFlashMBlockErase) refers to flashb.o(i.bFlashWrite) for bFlashWrite
    flashb.o(i.bFlashMBlockErase) refers to flashb.o(i.bFlashRead) for bFlashRead
    flashb.o(i.bFlashMBlockErase) refers to flashb.o(i.bFlashDataToggle) for bFlashDataToggle
    flashb.o(i.bFlashMBlockErase) refers to flashb.o(i.bFlashReadReset) for bFlashReadReset
    flashb.o(i.bFlashMBlockErase) refers to flashb.o(.constdata) for BlockOffset
    flashb.o(i.bFlashProgram) refers to flashb.o(i.bFlashAutoSelect) for bFlashAutoSelect
    flashb.o(i.bFlashProgram) refers to flashb.o(i.wFlashProgramAWord) for wFlashProgramAWord
    flashb.o(i.bFlashProgram) refers to flashb.o(.constdata) for BlockOffset
    flashb.o(i.bFlashReadReset) refers to flashb.o(i.bFlashWrite) for bFlashWrite
    flashb.o(i.bFlashReadReset) refers to flashb.o(i.bFlashPause) for bFlashPause
    flashb.o(i.wFlashProgramAWord) refers to flashb.o(i.bFlashWrite) for bFlashWrite
    flashb.o(i.wFlashProgramAWord) refers to flashb.o(i.wFlashWrite) for wFlashWrite
    flashb.o(i.wFlashProgramAWord) refers to flashb.o(i.bFlashDataToggle) for bFlashDataToggle
    flashb.o(i.wFlashProgramAWord) refers to flashb.o(i.bFlashReadReset) for bFlashReadReset
    fsmc_sram.o(i.FSMC_IOInit) refers to stm32f10x_rcc.o(i.RCC_APB2PeriphClockCmd) for RCC_APB2PeriphClockCmd
    fsmc_sram.o(i.FSMC_IOInit) refers to stm32f10x_gpio.o(i.GPIO_Init) for GPIO_Init
    fsmc_sram.o(i.FSMC_Init) refers to stm32f10x_rcc.o(i.RCC_AHBPeriphClockCmd) for RCC_AHBPeriphClockCmd
    fsmc_sram.o(i.FSMC_Init) refers to fsmc_sram.o(i.FSMC_IOInit) for FSMC_IOInit
    fsmc_sram.o(i.FSMC_Init) refers to stm32f10x_fsmc.o(i.FSMC_NORSRAMInit) for FSMC_NORSRAMInit
    fsmc_sram.o(i.FSMC_Init) refers to stm32f10x_fsmc.o(i.FSMC_NORSRAMCmd) for FSMC_NORSRAMCmd
    fsmc_sram.o(i.SRAM_ReadBuffer) refers to memcpya.o(.text) for __aeabi_memcpy
    fsmc_sram.o(i.SRAM_WriteBuffer) refers to memcpya.o(.text) for __aeabi_memcpy
    interface.o(i.Beep) refers to keyboard.o(.data) for beep_len
    interface.o(i.Bell) refers to interface.o(i.Beep) for Beep
    interface.o(i.Bios) refers to usart.o(i.USART_printf) for USART_printf
    interface.o(i.Bios_1) refers to led_customer.o(i.LED_On) for LED_On
    interface.o(i.Bios_1) refers to led_customer.o(i.PutsO_Saved) for PutsO_Saved
    interface.o(i.Bios_1) refers to led_customer.o(i.LED_Off) for LED_Off
    interface.o(i.Bios_1) refers to keyboard.o(i.EnableBeep) for EnableBeep
    interface.o(i.Bios_1) refers to interface.o(i.Beep) for Beep
    interface.o(i.Bios_1) refers to rtc.o(i.rtc_gettime) for rtc_gettime
    interface.o(i.Bios_1) refers to rtc.o(i.rtc_settime) for rtc_settime
    interface.o(i.Bios_1) refers to keyboard.o(i.CheckKeyboard) for CheckKeyboard
    interface.o(i.Bios_1) refers to usart.o(i.USART_printf) for USART_printf
    interface.o(i.Bios_1) refers to interface.o(.data) for rtc_date
    interface.o(i.Bios_2) refers to usart.o(i.USART_printf) for USART_printf
    interface.o(i.Bios_FM_CheckPresence) refers to spi_m25p80.o(i.FMDetect) for FMDetect
    interface.o(i.Bios_TestMAC) refers to interface.o(i.usDelay) for usDelay
    interface.o(i.ClsXRam) refers to memseta.o(.text) for __aeabi_memclr4
    interface.o(i.ClsXRam) refers to keyboard.o(i.Getch) for Getch
    interface.o(i.ClsXRam) refers to main.o(i.KbHit) for KbHit
    interface.o(i.ClsXRam) refers to interface.o(i.Beep) for Beep
[...]
    0x08002a14   0x00000104   Code   RO         4079    i.CC_WriteMFR       iccard.o
    0x08002b18   0x00000028   Code   RO        10481    i.CH395CMDCheckExist  ch395.o
    0x08002b40   0x00000030   Code   RO        10483    i.CH395CMDGetGlobIntStatus_ALL  ch395.o
    0x08002b70   0x0000002c   Code   RO        10484    i.CH395CMDGetMACAddr  ch395.o
    0x08002b9c   0x00000044   Code   RO        10490    i.CH395CMDInitCH395  ch395.o
    0x08002be0   0x0000002c   Code   RO        10492    i.CH395CMDSetGWIPAddr  ch395.o
    0x08002c0c   0x0000002c   Code   RO        10493    i.CH395CMDSetIPAddr  ch395.o
    0x08002c38   0x0000002c   Code   RO        10496    i.CH395CMDSetMASKAddr  ch395.o
    0x08002c64   0x0000004c   Code   RO        10504    i.CH395CloseSocket  ch395.o
    0x08002cb0   0x00000020   Code   RO        10510    i.CH395GetCmdStatus  ch395.o
    0x08002cd0   0x00000054   Code   RO        10513    i.CH395GetRecvData  ch395.o
    0x08002d24   0x00000030   Code   RO        10514    i.CH395GetRecvLength  ch395.o
    0x08002d54   0x0000002c   Code   RO        10515    i.CH395GetSocketInt  ch395.o
    0x08002d80   0x0000003c   Code   RO        10517    i.CH395Init         ch395.o
    0x08002dbc   0x00000012   Code   RO        10518    i.CH395KeepLiveCNT  ch395.o
    0x08002dce   0x00000028   Code   RO        10519    i.CH395KeepLiveIDLE  ch395.o
    0x08002df6   0x00000028   Code   RO        10520    i.CH395KeepLiveINTVL  ch395.o
    0x08002e1e   0x00000002   PAD
    0x08002e20   0x0000004c   Code   RO        10521    i.CH395OpenSocket   ch395.o
    0x08002e6c   0x00000048   Code   RO        10523    i.CH395SendData     ch395.o
    0x08002eb4   0x00000040   Code   RO        10525    i.CH395SetSocketDesIP  ch395.o
    0x08002ef4   0x0000002c   Code   RO        10526    i.CH395SetSocketDesPort  ch395.o
    0x08002f20   0x00000028   Code   RO        10528    i.CH395SetSocketProtType  ch395.o
    0x08002f48   0x0000002c   Code   RO        10531    i.CH395SetSocketSourPort  ch395.o
    0x08002f74   0x000000a0   Code   RO        10535    i.CH395SocketInitOpen  ch395.o
    0x08003014   0x0000004c   Code   RO        10539    i.CH395TCPListen    ch395.o
    0x08003060   0x000000b4   Code   RO        10542    i.CH395_PORT_INIT   ch395.o
    0x08003114   0x0000037c   Code   RO         1896    i.CalculateNetTax   buffer.o
    0x08003490   0x00000574   Code   RO         2517    i.CalculateScPwdDisc  discount.o
    0x08003a04   0x00000a0c   Code   RO         2518    i.CalculateSubDisc  discount.o
    0x08004410   0x000003f0   Code   RO         6163    i.CalculateTax      tax.o
    0x08004800   0x00000194   Code   RO         6164    i.CalculateTax2     tax.o
    0x08004994   0x00000016   Code   RO         2639    i.CenterForDisplay  extmodules.o
    0x080049aa   0x00000002   PAD
    0x080049ac   0x0000012c   Code   RO         2640    i.ChangePoint       extmodules.o
    0x08004ad8   0x00000058   Code   RO         2641    i.ChangePoint2      extmodules.o
    0x08004b30   0x00000034   Code   RO         3436    i.ChangeQty         flowbill.o
    0x08004b64   0x000000b0   Code   RO         4080    i.Charge_CHIP       iccard.o
    0x08004c14   0x000000f4   Code   RO         5440    i.CheckBitValue     program.o
    0x08004d08   0x00000014   Code   RO         5890    i.CheckBreak        report.o
    0x08004d1c   0x000000c4   Code   RO         3777    i.CheckBreakKey     general.o
    0x08004de0   0x00000050   Code   RO         4081    i.CheckCardNo       iccard.o
    0x08004e30   0x000000b4   Code   RO         5242    i.CheckChar         print.o
    0x08004ee4   0x00000012   Code   RO         2643    i.CheckComm         extmodules.o
    0x08004ef6   0x00000002   PAD
    0x08004ef8   0x00000138   Code   RO         3778    i.CheckError        general.o
    0x08005030   0x00000cd8   Code   RO         3276    i.CheckFirmKey      firmkey.o
    0x08005d08   0x000000a8   Code   RO         4640    i.CheckFunctionEntry  main.o
    0x08005db0   0x00000048   Code   RO         4641    i.CheckICCard       main.o
    0x08005df8   0x000001f8   Code   RO         1871    i.CheckInStore      barcode.o
    0x08005ff0   0x000001f4   Code   RO         2128    i.CheckInput        chninput.o
    0x080061e4   0x00000030   Code   RO          594    i.CheckKeyboard     keyboard.o
    0x08006214   0x000000d0   Code   RO         3437    i.CheckLogBuff      flowbill.o
    0x080062e4   0x00000074   Code   RO         3779    i.CheckMaxEntry     general.o
    0x08006358   0x00000318   Code   RO         5064    i.CheckMixMatch     plu.o
    0x08006670   0x00000838   Code   RO         3277    i.CheckMode         firmkey.o
    0x08006ea8   0x000000e4   Code   RO         1897    i.CheckModifier     buffer.o
    0x08006f8c   0x000000c4   Code   RO         3387    i.CheckMultiply     fixed.o
    0x08007050   0x0000001c   Code   RO         2644    i.CheckNotZero      extmodules.o
    0x0800706c   0x00000010   Code   RO         2645    i.CheckOnLine       extmodules.o
    0x0800707c   0x0000014c   Code   RO         2646    i.CheckPWD          extmodules.o
    0x080071c8   0x000004dc   Code   RO         3961    i.CheckPluFile      hardtest.o
    0x080076a4   0x000002b8   Code   RO         4557    i.CheckPrinter      kp.o
    0x0800795c   0x00000288   Code   RO         5065    i.CheckRandomPlu    plu.o
    0x08007be4   0x0000016c   Code   RO         5243    i.CheckSlip         print.o
    0x08007d50   0x0000001a   Code   RO          276    i.CheckSum          interface.o
    0x08007d6a   0x00000002   PAD
    0x08007d6c   0x000003bc   Code   RO         6256    i.CheckTime         timer.o
    0x08008128   0x00000150   Code   RO         5891    i.CheckTotal        report.o
    0x08008278   0x000002b0   Code   RO         4082    i.ChipCard          iccard.o
    0x08008528   0x00000138   Code   RO         2129    i.ChnInput          chninput.o
    0x08008660   0x00000018   Code   RO          595    i.CleanKeyboard     keyboard.o
    0x08008678   0x000001a8   Code   RO         5823    i.ClearAllReport    report2.o
    0x08008820   0x00000014   Code   RO         4366    i.ClearApplMemory   initappl.o
    0x08008834   0x0000008c   Code   RO         3780    i.ClearEntry        general.o
    0x080088c0   0x0000003c   Code   RO         5244    i.ClearFlashChar    print.o
    0x080088fc   0x00000020   Code   RO         1969    i.ClearLine         chndisp.o
    0x0800891c   0x00000104   Code   RO         3438    i.ClearLogFor       flowbill.o
    0x08008a20   0x000000e4   Code   RO         4938    i.ClearPb           pb.o
    0x08008b04   0x00000010   Code   RO         4744    i.ClearVirtualInput  menu.o
    0x08008b14   0x00000124   Code   RO         4083    i.Clear_CHIP        iccard.o
    0x08008c38   0x00000028   Code   RO         1970    i.ClsArea           chndisp.o
    0x08008c60   0x0000001e   Code   RO         1972    i.ClsState1         chndisp.o
    0x08008c7e   0x0000001e   Code   RO         1973    i.ClsState12        chndisp.o
    0x08008c9c   0x0000001e   Code   RO         1974    i.ClsState2         chndisp.o
    0x08008cba   0x00000002   PAD
    0x08008cbc   0x00000098   Code   RO          278    i.ClsXRam           interface.o
    0x08008d54   0x0000003c   Code   RO         1142    i.CmdError          sdio_sd.o
    0x08008d90   0x00000054   Code   RO         4558    i.CmdExtPrinter     kp.o
    0x08008de4   0x0000014c   Code   RO         1143    i.CmdResp1Error     sdio_sd.o
    0x08008f30   0x00000060   Code   RO         1144    i.CmdResp2Error     sdio_sd.o
    0x08008f90   0x00000048   Code   RO         1145    i.CmdResp3Error     sdio_sd.o
    0x08008fd8   0x000000b0   Code   RO         1146    i.CmdResp6Error     sdio_sd.o
    0x08009088   0x00000064   Code   RO         1147    i.CmdResp7Error     sdio_sd.o
    0x080090ec   0x00000098   Code   RO         5245    i.CmdSlip           print.o
    0x08009184   0x00000a48   Code   RO         3439    i.Collect_Data      flowbill.o
    0x08009bcc   0x000000ac   Code   RO         3440    i.Collect_Given     flowbill.o
    0x08009c78   0x000000cc   Code   RO         2647    i.CompareBCD        extmodules.o
    0x08009d44   0x0000003e   Code   RO         2648    i.CompareBCDValue   extmodules.o
    0x08009d82   0x00000002   PAD
    0x08009d84   0x00000048   Code   RO         2252    i.Computer          computer.o
    0x08009dcc   0x00000090   Code   RO         2650    i.Correct_BCDValue1  extmodules.o
    0x08009e5c   0x00000400   Code   RO         2383    i.Correction        correc.o
    0x0800a25c   0x000000d0   Code   RO         2425    i.Currency          currency.o
    0x0800a32c   0x000000a0   Code   RO         4559    i.CutExtPrinter     kp.o
    0x0800a3cc   0x00000018   Code   RO         7331    i.DMA_Cmd           stm32f10x_dma.o
    0x0800a3e4   0x0000014c   Code   RO         7332    i.DMA_DeInit        stm32f10x_dma.o
    0x0800a530   0x0000003c   Code   RO         7337    i.DMA_Init          stm32f10x_dma.o
    0x0800a56c   0x0000008c   Code   RO         2652    i.DateTimeToStr     extmodules.o
    0x0800a5f8   0x00000048   Code   RO         2653    i.DaysAMonth        extmodules.o
    0x0800a640   0x00000058   Code   RO         5212    i.DeCodeProto       port.o
    0x0800a698   0x00000084   Code   RO         2654    i.DeDateToStr       extmodules.o
    0x0800a71c   0x00000002   Code   RO          932    i.DebugMon_Handler  stm32f10x_it.o
    0x0800a71e   0x00000012   Code   RO         4745    i.DecRecIndex       menu.o
    0x0800a730   0x00000072   Code   RO         4084    i.DecodeDateSelf    iccard.o
    0x0800a7a2   0x00000002   PAD
    0x0800a7a4   0x00000038   Code   RO         5441    i.DeleteHeader      program.o
    0x0800a7dc   0x00000038   Code   RO         5442    i.DeleteSlipHead    program.o
    0x0800a814   0x00000038   Code   RO         5443    i.DeleteTrailer     program.o
    0x0800a84c   0x000000d0   Code   RO         2657    i.DeptPluKeysCount  extmodules.o
    0x0800a91c   0x00000bd4   Code   RO         2519    i.Discount          discount.o
    0x0800b4f0   0x000000a8   Code   RO         3727    i.DispAmtStr        format.o
    0x0800b598   0x000000c4   Code   RO         1975    i.DispCharXY        chndisp.o
    0x0800b65c   0x000000cc   Code   RO         3441    i.DispDateRecNo     flowbill.o
    0x0800b728   0x00000194   Code   RO         3442    i.DispDept          flowbill.o
    0x0800b8bc   0x000000b0   Code   RO         3443    i.DispDirectDisc    flowbill.o
    0x0800b96c   0x0000006c   Code   RO         2571    i.DispDrawerTotal   drawer.o
    0x0800b9d8   0x00000002   Code   RO         3444    i.DispEcrNum        flowbill.o
    0x0800b9da   0x00000002   PAD
    0x0800b9dc   0x0000003c   Code   RO         3445    i.DispEnd           flowbill.o
    0x0800ba18   0x000001f4   Code   RO         5892    i.DispGrandTotal    report.o
    0x0800bc0c   0x00000048   Code   RO         4746    i.DispIndex         menu.o
    0x0800bc54   0x00000002   Code   RO         3446    i.DispInsertIC      flowbill.o
    0x0800bc56   0x00000002   PAD
    0x0800bc58   0x0000005c   Code   RO         1976    i.DispLFStr         chndisp.o
    0x0800bcb4   0x00000002   Code   RO         3447    i.DispMessage       flowbill.o
    0x0800bcb6   0x00000002   Code   RO         3448    i.DispModeLock      flowbill.o
    0x0800bcb8   0x00000002   Code   RO         3449    i.DispNULL          flowbill.o
    0x0800bcba   0x00000002   PAD
    0x0800bcbc   0x0000010c   Code   RO         3450    i.DispNew           flowbill.o
    0x0800bdc8   0x00000078   Code   RO         3451    i.DispNonAdd        flowbill.o
    0x0800be40   0x0000008c   Code   RO         3452    i.DispOperator      flowbill.o
    0x0800becc   0x00000040   Code   RO         3453    i.DispPbClose       flowbill.o
    0x0800bf0c   0x0000007c   Code   RO         3454    i.DispPbOpen        flowbill.o
    0x0800bf88   0x000000b0   Code   RO         3455    i.DispPbTransTo     flowbill.o
    0x0800c038   0x000000e8   Code   RO         3456    i.DispPercentDisc   flowbill.o
    0x0800c120   0x000001d4   Code   RO         3457    i.DispPlu           flowbill.o
    0x0800c2f4   0x00000068   Code   RO         3458    i.DispPoRa          flowbill.o
    0x0800c35c   0x0000005c   Code   RO         3728    i.DispQtyStr        format.o
    0x0800c3b8   0x00000002   Code   RO         3459    i.DispRPEnd         flowbill.o
    0x0800c3ba   0x00000002   PAD
    0x0800c3bc   0x000003ec   Code   RO         3460    i.DispRefreshIC     flowbill.o
    0x0800c7a8   0x00000002   Code   RO         3461    i.DispSetPrice      flowbill.o
    0x0800c7aa   0x00000002   PAD
    0x0800c7ac   0x00000108   Code   RO         1978    i.DispStrXY         chndisp.o
    0x0800c8b4   0x0000004a   Code   RO         1979    i.DispStr_Right     chndisp.o
    0x0800c8fe   0x00000002   PAD
    0x0800c900   0x00000058   Code   RO         2658    i.DispSubTotal      extmodules.o
    0x0800c958   0x000000bc   Code   RO         3462    i.DispSubTotalDirDisc  flowbill.o
    0x0800ca14   0x0000010c   Code   RO         3463    i.DispSubTotalDisc  flowbill.o
    0x0800cb20   0x0000003c   Code   RO         3464    i.DispSubTotals     flowbill.o
    0x0800cb5c   0x00000130   Code   RO         3465    i.DispTAX           flowbill.o
    0x0800cc8c   0x000000b8   Code   RO         3466    i.DispTender        flowbill.o
    0x0800cd44   0x00000068   Code   RO         3467    i.DispVAT           flowbill.o
    0x0800cdac   0x0000004c   Code   RO         3468    i.DispVoid          flowbill.o
    0x0800cdf8   0x00000064   Code   RO         3469    i.DispZERO          flowbill.o
    0x0800ce5c   0x00000118   Code   RO         1980    i.DisplayChar       chndisp.o
    0x0800cf74   0x0000004c   Code   RO         2659    i.DisplayDecXY      extmodules.o
    0x0800cfc0   0x00000284   Code   RO         4085    i.DisplayECRVIP     iccard.o
    0x0800d244   0x000005a0   Code   RO         3280    i.DisplayOption     firmkey.o
    0x0800d7e4   0x000001d0   Code   RO         3781    i.DisplayPointerTotal  general.o
    0x0800d9b4   0x00000078   Code   RO         3782    i.DisplayPrompt     general.o
    0x0800da2c   0x00000002   Code   RO         3281    i.DisplayRecNo      firmkey.o
    0x0800da2e   0x00000002   PAD
    0x0800da30   0x00000424   Code   RO         3282    i.DisplaySetup      firmkey.o
    0x0800de54   0x00000094   Code   RO         3283    i.DisplaySetup1stMenu  firmkey.o
    0x0800dee8   0x00000068   Code   RO         3783    i.DisplayTotal      general.o
    0x0800df50   0x00000074   Code   RO         5824    i.DisplayXZMenu     report2.o
    0x0800dfc4   0x000002d8   Code   RO         2662    i.Display_RGBuf     extmodules.o
    0x0800e29c   0x00000228   Code   RO         2663    i.Divide            extmodules.o
    0x0800e4c4   0x00000194   Code   RO         2572    i.Drawer            drawer.o
    0x0800e658   0x00000018   Code   RO          280    i.DrawerOpen        interface.o
    0x0800e670   0x000000dc   Code   RO         2664    i.ECRFuncCodeToName  extmodules.o
    0x0800e74c   0x00000218   Code   RO         4086    i.ECRVIPLogin       iccard.o
    0x0800e964   0x00000038   Code   RO          933    i.EXTI2_IRQHandler  stm32f10x_it.o
    0x0800e99c   0x00000030   Code   RO          934    i.EXTI9_5_IRQHandler  stm32f10x_it.o
    0x0800e9cc   0x000000d4   Code   RO          596    i.EXTILine_Init     keyboard.o
    0x0800eaa0   0x0000000c   Code   RO         7402    i.EXTI_ClearITPendingBit  stm32f10x_exti.o
    0x0800eaac   0x00000028   Code   RO         7406    i.EXTI_GetITStatus  stm32f10x_exti.o
    0x0800ead4   0x00000094   Code   RO         7407    i.EXTI_Init         stm32f10x_exti.o
    0x0800eb68   0x00000030   Code   RO         4087    i.EcrBCD2icBCD      iccard.o
    0x0800eb98   0x0000002c   Code   RO         2666    i.EmptyComm         extmodules.o
    0x0800ebc4   0x0000000c   Code   RO          597    i.EnableBeep        keyboard.o
    0x0800ebd0   0x0000006e   Code   RO         4088    i.EncodeDateSelf    iccard.o
    0x0800ec3e   0x0000003c   Code   RO         2667    i.EncordDate        extmodules.o
    0x0800ec7a   0x00000038   Code   RO        10544    i.Ethernet_Start    ch395.o
    0x0800ecb2   0x00000002   PAD
    0x0800ecb4   0x0000012c   Code   RO         5444    i.Exchange2Port     program.o
    0x0800ede0   0x0000055c   Code   RO         3470    i.ExploreLog        flowbill.o
    0x0800f33c   0x0000006c   Code   RO          218    i.FSMC_IOInit       fsmc_sram.o
    0x0800f3a8   0x000000a8   Code   RO          219    i.FSMC_Init         fsmc_sram.o
    0x0800f450   0x00000034   Code   RO         7640    i.FSMC_NORSRAMCmd   stm32f10x_fsmc.o
    0x0800f484   0x000000e6   Code   RO         7642    i.FSMC_NORSRAMInit  stm32f10x_fsmc.o
    0x0800f56a   0x00000002   PAD
    0x0800f56c   0x00000050   Code   RO         5246    i.FeedSlip          print.o
    0x0800f5bc   0x000001c8   Code   RO         1148    i.FindSCR           sdio_sd.o
    0x0800f784   0x00000d8c   Code   RO         3388    i.Fixed             fixed.o
    0x08010510   0x000000ac   Code   RO         3962    i.FormPrtConfInf    hardtest.o
    0x080105bc   0x0000005c   Code   RO         3729    i.FormatAmt         format.o
    0x08010618   0x00000064   Code   RO         3730    i.FormatAmtStr      format.o
    0x0801067c   0x00000444   Code   RO         2668    i.FormatBCD         extmodules.o
    0x08010ac0   0x00000014   Code   RO         3731    i.FormatQty         format.o
    0x08010ad4   0x00000064   Code   RO         3732    i.FormatQtyStr      format.o
    0x08010b38   0x0000008c   Code   RO         3733    i.FormatStrQtyPriAmt  format.o
    0x08010bc4   0x00000040   Code   RO         7752    i.GPIO_EXTILineConfig  stm32f10x_gpio.o
    0x08010c04   0x00000116   Code   RO         7755    i.GPIO_Init         stm32f10x_gpio.o
    0x08010d1a   0x00000002   PAD
    0x08010d1c   0x00000090   Code   RO         7757    i.GPIO_PinRemapConfig  stm32f10x_gpio.o
    0x08010dac   0x00000004   Code   RO         7762    i.GPIO_ResetBits    stm32f10x_gpio.o
    0x08010db0   0x00000004   Code   RO         7763    i.GPIO_SetBits      stm32f10x_gpio.o
    0x08010db4   0x00000008   Code   RO         4747    i.GetActiveItemStr  menu.o
    0x08010dbc   0x00000154   Code   RO         5445    i.GetBCDValue       program.o
    0x08010f10   0x00000070   Code   RO         5384    i.GetByte           progopt.o
    0x08010f80   0x00000034   Code   RO         5446    i.GetByteValue      program.o
    0x08010fb4   0x00000088   Code   RO          281    i.GetCTS            interface.o
    0x0801103c   0x00000028   Code   RO         2222    i.GetClerkOffSet    clerk.o
    0x08011064   0x00000024   Code   RO         2384    i.GetCorrecOffSet   correc.o
    0x08011088   0x00000024   Code   RO         2426    i.GetCurrOffSet     currency.o
    0x080110ac   0x000000c8   Code   RO         2427    i.GetCurrency       currency.o
    0x08011174   0x000000ac   Code   RO         2669    i.GetDaysFrom1900   extmodules.o
    0x08011220   0x00000024   Code   RO         2467    i.GetDeptOffSet     depart.o
    0x08011244   0x0000007c   Code   RO         5385    i.GetDevicePort     progopt.o
    0x080112c0   0x00000024   Code   RO         2520    i.GetDiscOffSet     discount.o
    0x080112e4   0x00000024   Code   RO         2573    i.GetDrawerOffSet   drawer.o
    0x08011308   0x00000044   Code   RO         4642    i.GetEntry          main.o
    0x0801134c   0x00000028   Code   RO         3285    i.GetFirmkeyID      firmkey.o
    0x08011374   0x00000024   Code   RO         3932    i.GetGroupOffSet    group.o
    0x08011398   0x0000014c   Code   RO         5447    i.GetHEXValue       program.o
    0x080114e4   0x00000044   Code   RO         5386    i.GetHexBytes       progopt.o
    0x08011528   0x00000020   Code   RO         4324    i.GetICBlockOffSet  iccardblock.o
    0x08011548   0x000000d8   Code   RO         5448    i.GetIP             program.o
    0x08011620   0x00000064   Code   RO         4748    i.GetInputByListItems  menu.o
    0x08011684   0x00000114   Code   RO         3286    i.GetInputForMenu   firmkey.o
    0x08011798   0x00000058   Code   RO         5067    i.GetLinkNumber     plu.o
    0x080117f0   0x00000024   Code   RO         4870    i.GetModiOffSet     modifier.o
    0x08011814   0x000001a0   Code   RO         4871    i.GetModifier       modifier.o
    0x080119b4   0x00000070   Code   RO         2131    i.GetNumric         chninput.o
    0x08011a24   0x00000024   Code   RO         4900    i.GetOFFPriceOffSet  offprice.o
    0x08011a48   0x00000844   Code   RO         5387    i.GetOpt            progopt.o
    0x0801228c   0x00000024   Code   RO         4939    i.GetPbFOffSet      pb.o
    0x080122b0   0x00000198   Code   RO         4940    i.GetPbNumber       pb.o
    0x08012448   0x0000002c   Code   RO         4941    i.GetPbtOffSet      pb.o
    0x08012474   0x00000034   Code   RO         5068    i.GetPluNumber      plu.o
    0x080124a8   0x00000024   Code   RO         5069    i.GetPluOffSet      plu.o
    0x080124cc   0x000000f0   Code   RO         2468    i.GetPluPrint       depart.o
    0x080125bc   0x00000024   Code   RO         5177    i.GetPoRaOffSet     pora.o
    0x080125e0   0x00000084   Code   RO         5388    i.GetPortRate       progopt.o
    0x08012664   0x00000084   Code   RO         3370    i.GetReceiptNumber  fiscal.o
    0x080126e8   0x0000050c   Code   RO         4717    i.GetRecordSize     memory.o
    0x08012bf4   0x00000448   Code   RO         5893    i.GetReport         report.o
    0x0801303c   0x00000038   Code   RO         1982    i.GetStrFr          chndisp.o
    0x08013074   0x00000130   Code   RO         2671    i.GetStrFrKBD       extmodules.o
    0x080131a4   0x00000180   Code   RO         5449    i.GetString         program.o
    0x08013324   0x000001c4   Code   RO         2132    i.GetStringCHN      chninput.o
    0x080134e8   0x0000017c   Code   RO         5894    i.GetSystemReport   report.o
    0x08013664   0x00000024   Code   RO         6165    i.GetTaxOffSet      tax.o
    0x08013688   0x00000024   Code   RO         6221    i.GetTenderOffSet   tender.o
    0x080136ac   0x00000074   Code   RO         2672    i.GetTimeDate       extmodules.o
    0x08013720   0x000000f8   Code   RO         6257    i.GetTimeZones      timer.o
    0x08013818   0x00000070   Code   RO         4089    i.GetValue          iccard.o
    0x08013888   0x00000038   Code   RO         2673    i.GetWeekDay        extmodules.o
    0x080138c0   0x00000068   Code   RO         3784    i.GetWordEntry      general.o
    0x08013928   0x00000094   Code   RO         5450    i.GetWordValue      program.o
    0x080139bc   0x00000060   Code   RO          598    i.Getch             keyboard.o
    0x08013a1c   0x00000010   Code   RO          599    i.GetchLockVal      keyboard.o
    0x08013a2c   0x0000003c   Code   RO         1984    i.GotoXY            chndisp.o
    0x08013a68   0x0000006c   Code   RO         1387    i.GregorianDay      rtc.o
    0x08013ad4   0x0000004c   Code   RO         2674    i.HEXtoASC          extmodules.o
    0x08013b20   0x00000070   Code   RO         2675    i.HEXtoASCX0        extmodules.o
    0x08013b90   0x000000dc   Code   RO          282    i.HW_GPIOInit       interface.o
    0x08013c6c   0x00000004   Code   RO          935    i.HardFault_Handler  stm32f10x_it.o
    0x08013c70   0x000002ac   Code   RO         3963    i.HardTest          hardtest.o
    0x08013f1c   0x00000148   Code   RO         4090    i.ICToMFR           iccard.o
    0x08014064   0x0000005e   Code   RO         5451    i.IPToNum           program.o
    0x080140c2   0x00000012   Code   RO         4749    i.IncRecIndex       menu.o
    0x080140d4   0x00000002   Code   RO         4367    i.InitAgree         initappl.o
    0x080140d6   0x00000002   PAD
    0x080140d8   0x00000a0c   Code   RO         4368    i.InitApplication   initappl.o
    0x08014ae4   0x00000048   Code   RO        10546    i.InitCH395InfParam  ch395.o
    0x08014b2c   0x0000006c   Code   RO         4369    i.InitClerk         initappl.o
    0x08014b98   0x00000054   Code   RO         4370    i.InitCorrec        initappl.o
    0x08014bec   0x00000058   Code   RO         4371    i.InitCurr          initappl.o
    0x08014c44   0x0000010c   Code   RO         4372    i.InitDept          initappl.o
    0x08014d50   0x00000058   Code   RO         4373    i.InitDisc          initappl.o
    0x08014da8   0x00000054   Code   RO         4374    i.InitDrawer        initappl.o
    0x08014dfc   0x00000020   Code   RO         4091    i.InitECRVIP        iccard.o
    0x08014e1c   0x00000030   Code   RO         4375    i.InitGraph         initappl.o
    0x08014e4c   0x00000080   Code   RO         4376    i.InitGroup         initappl.o
    0x08014ecc   0x00000050   Code   RO         4377    i.InitKeyMacro      initappl.o
    0x08014f1c   0x00000070   Code   RO         4378    i.InitModifier      initappl.o
    0x08014f8c   0x00000044   Code   RO          687    i.InitMonitor       monitor.o
    0x08014fd0   0x0000005c   Code   RO         4379    i.InitOFFPrice      initappl.o
    0x0801502c   0x00000118   Code   RO         4380    i.InitPbF           initappl.o
    0x08015144   0x00000134   Code   RO         4381    i.InitPlu           initappl.o
    0x08015278   0x00000054   Code   RO         4382    i.InitPoRa          initappl.o
    0x080152cc   0x0000004c   Code   RO         4383    i.InitPort          initappl.o
    0x08015318   0x00000002   Code   RO         4384    i.InitSalPer        initappl.o
    0x0801531a   0x00000002   PAD
    0x0801531c   0x00000048   Code   RO        10547    i.InitSocketParam   ch395.o
    0x08015364   0x000000a4   Code   RO         5452    i.InitSysFlag       program.o
    0x08015408   0x00000054   Code   RO         4385    i.InitTax           initappl.o
    0x0801545c   0x00000058   Code   RO         4386    i.InitTender        initappl.o
    0x080154b4   0x0000005c   Code   RO         3471    i.Init_Flow         flowbill.o
    0x08015510   0x00000118   Code   RO         4092    i.Initial_CHIP      iccard.o
    0x08015628   0x00000144   Code   RO         4387    i.Initial_DateTime  initappl.o
    0x0801576c   0x000000a0   Code   RO         2134    i.InputEXASCII      chninput.o
    0x0801580c   0x000001bc   Code   RO         2678    i.InputWord         extmodules.o
    0x080159c8   0x000000bc   Code   RO         2679    i.InputYesNo        extmodules.o
    0x08015a84   0x00000088   Code   RO         5389    i.InvertBit         progopt.o
    0x08015b0c   0x000001c8   Code   RO         4561    i.IssueKp           kp.o
    0x08015cd4   0x0000000c   Code   RO         2680    i.JFeed             extmodules.o
    0x08015ce0   0x0000006c   Code   RO         4643    i.KbHit             main.o
    0x08015d4c   0x00000018   Code   RO          600    i.KeyBoardDeInit    keyboard.o
    0x08015d64   0x00000038   Code   RO          601    i.KeyBoardInit      keyboard.o
    0x08015d9c   0x00000308   Code   RO         4644    i.KeyInput          main.o
    0x080160a4   0x0000006c   Code   RO         4562    i.KpEnd             kp.o
    0x08016110   0x00000194   Code   RO         4563    i.KpHeader          kp.o
    0x080162a4   0x0000000e   Code   RO         1451    i.LED_Delay         led_customer.o
    0x080162b2   0x00000002   PAD
    0x080162b4   0x00000064   Code   RO         1452    i.LED_Init          led_customer.o
    0x08016318   0x00000028   Code   RO         1453    i.LED_Off           led_customer.o
    0x08016340   0x0000000c   Code   RO         1454    i.LED_On            led_customer.o
    0x0801634c   0x00000068   Code   RO         1455    i.LED_Refresh       led_customer.o
    0x080163b4   0x00000040   Code   RO         1456    i.LED_SendBit       led_customer.o
    0x080163f4   0x00000070   Code   RO         1457    i.LED_SendData      led_customer.o
    0x08016464   0x000000b4   Code   RO         2681    i.LeftShiftBCD      extmodules.o
    0x08016518   0x00000788   Code   RO         2135    i.LineEditor        chninput.o
    0x08016ca0   0x0000001c   Code   RO         4325    i.ListICBlock       iccardblock.o
    0x08016cbc   0x00000a50   Code   RO         4750    i.ListItems         menu.o
    0x0801770c   0x00000338   Code   RO         3472    i.LoadReceipLog     flowbill.o
    0x08017a44   0x0000015c   Code   RO         5070    i.LookPlu           plu.o
    0x08017ba0   0x00000230   Code   RO         4093    i.MFRToIC           iccard.o
    0x08017dd0   0x0000022c   Code   RO         2682    i.MGFunctions       extmodules.o
    0x08017ffc   0x000000a0   Code   RO         5825    i.MakeTime          report2.o
    0x0801809c   0x00000004   Code   RO          936    i.MemManage_Handler  stm32f10x_it.o
    0x080180a0   0x00000288   Code   RO         2683    i.Multiply          extmodules.o
    0x08018328   0x00000002   Code   RO          937    i.NMI_Handler       stm32f10x_it.o
    0x0801832a   0x00000002   PAD
    0x0801832c   0x00000070   Code   RO         6604    i.NVIC_Init         misc.o
    0x0801839c   0x00000014   Code   RO         6605    i.NVIC_PriorityGroupConfig  misc.o
    0x080183b0   0x00000028   Code   RO         1150    i.NVIC_SDConfiguration  sdio_sd.o
    0x080183d8   0x000002e4   Code   RO         5453    i.NewProgSysFlag    program.o
    0x080186bc   0x00000038   Code   RO         3389    i.NewReceipt        fixed.o
    0x080186f4   0x0000033c   Code   RO         6258    i.NewTimeDate       timer.o
    0x08018a30   0x00000084   Code   RO         5454    i.NumToIP           program.o
    0x08018ab4   0x00000014   Code   RO         2574    i.OpenDrawer        drawer.o
    0x08018ac8   0x00000030   Code   RO         1985    i.OpenMess          chndisp.o
    0x08018af8   0x00000026   Code   RO         4645    i.OutPrint          main.o
    0x08018b1e   0x00000002   PAD
    0x08018b20   0x00000044   Code   RO         4646    i.OutPrintEx        main.o
    0x08018b64   0x0000000c   Code   RO         8109    i.PWR_BackupAccessCmd  stm32f10x_pwr.o
    0x08018b70   0x00000388   Code   RO         5178    i.PaidOutRa         pora.o
    0x08018ef8   0x0000011c   Code   RO         4094    i.PayByChipCard     iccard.o
    0x08019014   0x0000030c   Code   RO         5026    i.PbBuffer          pbbuffer.o
    0x08019320   0x000013fc   Code   RO         4942    i.PbFunction        pb.o
    0x0801a71c   0x00000294   Code   RO         4943    i.PbTotal           pb.o
    0x0801a9b0   0x00000002   Code   RO          938    i.PendSV_Handler    stm32f10x_it.o
    0x0801a9b2   0x00000022   Code   RO         5895    i.PeriodSkip        report.o
    0x0801a9d4   0x000000f0   Code   RO         5896    i.Plu_XReport       report.o
    0x0801aac4   0x00000160   Code   RO         4095    i.PointsByChipCard  iccard.o
    0x0801ac24   0x000001a8   Code   RO         4096    i.PointsByECRVIP    iccard.o
    0x0801adcc   0x00000028   Code   RO         2685    i.PosOfFuncKey      extmodules.o
    0x0801adf4   0x00000080   Code   RO         5247    i.PrePrintHead      print.o
    0x0801ae74   0x0000074c   Code   RO         5248    i.PrintAllons       print.o
    0x0801b5c0   0x00000014   Code   RO         5249    i.PrintAmt          print.o
    0x0801b5d4   0x00000268   Code   RO         4564    i.PrintArticle      kp.o
    0x0801b83c   0x0000054c   Code   RO         4097    i.PrintChipCard     iccard.o
    0x0801bd88   0x000004f8   Code   RO         3964    i.PrintConfInf      hardtest.o
    0x0801c280   0x000000e0   Code   RO         5897    i.PrintCorrec       report.o
    0x0801c360   0x00000040   Code   RO         5898    i.PrintCorrecReport  report.o
    0x0801c3a0   0x00000040   Code   RO         5899    i.PrintCurrReport   report.o
    0x0801c3e0   0x00000090   Code   RO         5900    i.PrintCurrency     report.o
    0x0801c470   0x000000b0   Code   RO         5901    i.PrintDept         report.o
    0x0801c520   0x00000040   Code   RO         5902    i.PrintDeptReport   report.o
    0x0801c560   0x000003d0   Code   RO         5071    i.PrintDept_PLU     plu.o
    0x0801c930   0x00000080   Code   RO         5903    i.PrintDisc         report.o
    0x0801c9b0   0x00000040   Code   RO         5904    i.PrintDiscReport   report.o
    0x0801c9f0   0x00000040   Code   RO         5905    i.PrintDrawReport   report.o
    0x0801ca30   0x00000090   Code   RO         5906    i.PrintDrawer       report.o
    0x0801cac0   0x000002b0   Code   RO         4098    i.PrintECRVIP       iccard.o
    0x0801cd70   0x000000cc   Code   RO         3473    i.PrintFlowQtyAmt   flowbill.o
    0x0801ce3c   0x00000002   Code   RO         2687    i.PrintGraphics     extmodules.o
    0x0801ce3e   0x00000002   PAD
    0x0801ce40   0x00000090   Code   RO         5907    i.PrintGroup        report.o
    0x0801ced0   0x00000040   Code   RO         5908    i.PrintGroupReport  report.o
    0x0801cf10   0x00000080   Code   RO         5250    i.PrintHead1        print.o
    0x0801cf90   0x000000f0   Code   RO         4326    i.PrintICBlock      iccardblock.o
    0x0801d080   0x0000004c   Code   RO         4099    i.PrintICMessage    iccard.o
    0x0801d0cc   0x000000a0   Code   RO         2688    i.PrintKeyboard     extmodules.o
    0x0801d16c   0x00000168   Code   RO         4565    i.PrintKp           kp.o
    0x0801d2d4   0x00000024   Code   RO         5251    i.PrintLine         print.o
    0x0801d2f8   0x0000003c   Code   RO         3965    i.PrintLine2        hardtest.o
    0x0801d334   0x000000b8   Code   RO         4752    i.PrintMGMenu       menu.o
    0x0801d3ec   0x00000024   Code   RO         3785    i.PrintMessage      general.o
    0x0801d410   0x00000068   Code   RO         2469    i.PrintModifiers    depart.o
    0x0801d478   0x00000054   Code   RO         4944    i.PrintNewBal       pb.o
    0x0801d4cc   0x00000094   Code   RO         3390    i.PrintNumber       fixed.o
    0x0801d560   0x0000038c   Code   RO         5909    i.PrintOpenPb       report.o
    0x0801d8ec   0x00000084   Code   RO         5910    i.PrintPb           report.o
    0x0801d970   0x00000080   Code   RO         5911    i.PrintPbF          report.o
    0x0801d9f0   0x00000048   Code   RO         5912    i.PrintPbFReport    report.o
    0x0801da38   0x000001c4   Code   RO         4945    i.PrintPbHeader     pb.o
    0x0801dbfc   0x00000290   Code   RO         5027    i.PrintPbItem       pbbuffer.o
    0x0801de8c   0x00000100   Code   RO         4566    i.PrintPbKp         kp.o
    0x0801df8c   0x000000e4   Code   RO         3787    i.PrintPbTrailer    general.o
    0x0801e070   0x00000048   Code   RO         5913    i.PrintPbtReport    report.o
    0x0801e0b8   0x000000b0   Code   RO         5914    i.PrintPlu          report.o
    0x0801e168   0x00000054   Code   RO         5915    i.PrintPluReport    report.o
    0x0801e1bc   0x00000090   Code   RO         5916    i.PrintPoRa         report.o
    0x0801e24c   0x00000040   Code   RO         5917    i.PrintPoRaReport   report.o
    0x0801e28c   0x00000130   Code   RO         5918    i.PrintPointReport  report.o
    0x0801e3bc   0x00000128   Code   RO         5826    i.PrintPointType    report2.o
    0x0801e4e4   0x00000014   Code   RO         5252    i.PrintQty          print.o
    0x0801e4f8   0x0000068c   Code   RO         5253    i.PrintQtyAmt       print.o
    0x0801eb84   0x000000cc   Code   RO         5254    i.PrintRJ           print.o
    0x0801ec50   0x00000044   Code   RO         5919    i.PrintRange        report.o
    0x0801ec94   0x000002e0   Code   RO         5255    i.PrintRegiInfo     print.o
    0x0801ef74   0x000006cc   Code   RO         5920    i.PrintReport       report.o
    0x0801f640   0x00000114   Code   RO         5827    i.PrintReportHeader  report2.o
    0x0801f754   0x0000009c   Code   RO         5921    i.PrintReportType   report.o
    0x0801f7f0   0x0000006c   Code   RO         3788    i.PrintSaleQty      general.o
    0x0801f85c   0x0000015c   Code   RO         3287    i.PrintSetupMenu    firmkey.o
    0x0801f9b8   0x00000174   Code   RO         5256    i.PrintSlip         print.o
    0x0801fb2c   0x00000128   Code   RO         5257    i.PrintSlipPage     print.o
    0x0801fc54   0x00000012   Code   RO         5258    i.PrintStr          print.o
    0x0801fc66   0x00000002   PAD
    0x0801fc68   0x000000a8   Code   RO         2689    i.PrintStr_Center   extmodules.o
    0x0801fd10   0x00000154   Code   RO         5922    i.PrintTax          report.o
    0x0801fe64   0x00000040   Code   RO         5923    i.PrintTaxReport    report.o
    0x0801fea4   0x00000040   Code   RO         5924    i.PrintTendReport   report.o
    0x0801fee4   0x00000090   Code   RO         5925    i.PrintTender       report.o
    0x0801ff74   0x0000068c   Code   RO         3789    i.PrintTotal        general.o
    0x08020600   0x0000010c   Code   RO         3966    i.PrintVersion      hardtest.o
    0x0802070c   0x00000290   Code   RO         4753    i.PrintXZMenu       menu.o
    0x0802099c   0x00000d98   Code   RO         1898    i.ProBuf            buffer.o
    0x08021734   0x00000154   Code   RO         1899    i.ProBuf2           buffer.o
    0x08021888   0x00000560   Code   RO         1900    i.ProcessBuffer     buffer.o
    0x08021de8   0x00000eec   Code   RO         2470    i.ProcessDept       depart.o
    0x08022cd4   0x000002c4   Code   RO         1901    i.ProcessDeptRecord  buffer.o
    0x08022f98   0x000000cc   Code   RO         3391    i.ProcessFuncLook   fixed.o
    0x08023064   0x000001b0   Code   RO         4647    i.ProcessFunctions  main.o
    0x08023214   0x000004ac   Code   RO         4648    i.ProcessKey        main.o
    0x080236c0   0x0000012c   Code   RO         3392    i.ProcessKeyMacro   fixed.o
    0x080237ec   0x00000354   Code   RO         5072    i.ProcessOnePlu     plu.o
    0x08023b40   0x00000568   Code   RO         5028    i.ProcessPbBuffer   pbbuffer.o
    0x080240a8   0x000001ec   Code   RO         5073    i.ProcessPlu        plu.o
    0x08024294   0x000000a4   Code   RO         5828    i.ProcessXFunc      report2.o
    0x08024338   0x000000d8   Code   RO         5829    i.ProcessZFunc      report2.o
    0x08024410   0x00000100   Code   RO         5456    i.ProgBalance       program.o
    0x08024510   0x0000007c   Code   RO         5457    i.ProgBarcodeReader  program.o
    0x0802458c   0x00000328   Code   RO         4100    i.ProgChargeChip    iccard.o
    0x080248b4   0x00000190   Code   RO         4101    i.ProgClearChip     iccard.o
    0x08024a44   0x0000013c   Code   RO         5458    i.ProgClerk         program.o
    0x08024b80   0x000000c8   Code   RO         5459    i.ProgCorrec        program.o
    0x08024c48   0x00000158   Code   RO         5460    i.ProgCurr          program.o
    0x08024da0   0x000002c0   Code   RO         5461    i.ProgDEPTFields    program.o
    0x08025060   0x00000234   Code   RO         5462    i.ProgDate          program.o
    0x08025294   0x0000020c   Code   RO         5463    i.ProgDept          program.o
    0x080254a0   0x0000011c   Code   RO         5464    i.ProgDevice        program.o
    0x080255bc   0x0000022c   Code   RO         5465    i.ProgDisc          program.o
    0x080257e8   0x000000c8   Code   RO         5466    i.ProgDraw          program.o
    0x080258b0   0x00000280   Code   RO         4102    i.ProgECRVIPPoints  iccard.o
    0x08025b30   0x000000f4   Code   RO         5467    i.ProgExtPrinter    program.o
    0x08025c24   0x000000f0   Code   RO         5468    i.ProgGroup         program.o
    0x08025d14   0x00000200   Code   RO         5469    i.ProgHeader        program.o
    0x08025f14   0x00000048   Code   RO         5470    i.ProgHost          program.o
    0x08025f5c   0x0000027c   Code   RO         5471    i.ProgIC            program.o
    0x080261d8   0x00000144   Code   RO         5472    i.ProgICBlock       program.o
    0x0802631c   0x00000124   Code   RO         5473    i.ProgIP            program.o
    0x08026440   0x00000568   Code   RO         4103    i.ProgInitialChip   iccard.o
    0x080269a8   0x000001a0   Code   RO         5474    i.ProgKPrn          program.o
    0x08026b48   0x0000015c   Code   RO         5475    i.ProgKeyMacro      program.o
    0x08026ca4   0x000000d0   Code   RO         5476    i.ProgModi          program.o
    0x08026d74   0x0000010c   Code   RO         5478    i.ProgNewVIP        program.o
    0x08026e80   0x00000210   Code   RO         5479    i.ProgOFF           program.o
    0x08027090   0x0000035c   Code   RO         5480    i.ProgPLUFields     program.o
    0x080273ec   0x0000012c   Code   RO         5481    i.ProgPbF           program.o
    0x08027518   0x0000013c   Code   RO         5482    i.ProgPbInfo        program.o
    0x08027654   0x000001f8   Code   RO         5483    i.ProgPlu           program.o
    0x0802784c   0x00000110   Code   RO         5484    i.ProgPoRa          program.o
    0x0802795c   0x0000014c   Code   RO         5485    i.ProgPointType     program.o
    0x08027aa8   0x00000234   Code   RO         4104    i.ProgPoints        iccard.o
    0x08027cdc   0x00000160   Code   RO         5486    i.ProgPrnGraph      program.o
    0x08027e3c   0x000001c4   Code   RO         5487    i.ProgPromotion     program.o
    0x08028000   0x0000013c   Code   RO         5488    i.ProgReport        program.o
    0x0802813c   0x00000002   Code   RO         5489    i.ProgSalPer        program.o
    0x0802813e   0x00000002   PAD
    0x08028140   0x000001cc   Code   RO         5490    i.ProgSlip          program.o
    0x0802830c   0x000000c8   Code   RO         5491    i.ProgSlipHead      program.o
    0x080283d4   0x000002fc   Code   RO         5492    i.ProgSysFlag       program.o
    0x080286d0   0x000000a0   Code   RO         5493    i.ProgSysMes        program.o
    0x08028770   0x00000114   Code   RO         5494    i.ProgTax           program.o
    0x08028884   0x0000012c   Code   RO         5495    i.ProgTend          program.o
    0x080289b0   0x00000110   Code   RO         5496    i.ProgTime          program.o
    0x08028ac0   0x00000204   Code   RO         5497    i.ProgTrailer       program.o
    0x08028cc4   0x000000c8   Code   RO         5498    i.ProgZone          program.o
    0x08028d8c   0x000001cc   Code   RO         5371    i.ProgramDump       progdump.o
    0x08028f58   0x0000005c   Code   RO         3790    i.PromotionBeep     general.o
    0x08028fb4   0x00000134   Code   RO         3791    i.PromtionCheck     general.o
    0x080290e8   0x000000d8   Code   RO         1458    i.PutsO             led_customer.o
    0x080291c0   0x0000001c   Code   RO         1459    i.PutsO_Saved       led_customer.o
    0x080291dc   0x00000050   Code   RO         4327    i.QueryICBlock      iccardblock.o
    0x0802922c   0x00000018   Code   RO         8169    i.RCC_ADCCLKConfig  stm32f10x_rcc.o
    0x08029244   0x00000020   Code   RO         8170    i.RCC_AHBPeriphClockCmd  stm32f10x_rcc.o
    0x08029264   0x00000020   Code   RO         8171    i.RCC_APB1PeriphClockCmd  stm32f10x_rcc.o
    0x08029284   0x00000020   Code   RO         8173    i.RCC_APB2PeriphClockCmd  stm32f10x_rcc.o
    0x080292a4   0x00000014   Code   RO         8177    i.RCC_ClearFlag     stm32f10x_rcc.o
    0x080292b8   0x000000d4   Code   RO         8181    i.RCC_GetClocksFreq  stm32f10x_rcc.o
    0x0802938c   0x0000003c   Code   RO         8182    i.RCC_GetFlagStatus  stm32f10x_rcc.o
    0x080293c8   0x00000034   Code   RO         8189    i.RCC_LSEConfig     stm32f10x_rcc.o
    0x080293fc   0x0000000c   Code   RO         8196    i.RCC_RTCCLKCmd     stm32f10x_rcc.o
    0x08029408   0x00000010   Code   RO         8197    i.RCC_RTCCLKConfig  stm32f10x_rcc.o
    0x08029418   0x000001c0   Code   RO         4105    i.RD_ChipCard       iccard.o
    0x080295d8   0x000001f8   Code   RO         2256    i.RFH               computer.o
    0x080297d0   0x0000001e   Code   RO         2691    i.RFeed             extmodules.o
    0x080297ee   0x00000002   PAD
    0x080297f0   0x00000014   Code   RO         8371    i.RTC_EnterConfigMode  stm32f10x_rtc.o
    0x08029804   0x00000014   Code   RO         8372    i.RTC_ExitConfigMode  stm32f10x_rtc.o
    0x08029818   0x0000002c   Code   RO         8373    i.RTC_GetCounter    stm32f10x_rtc.o
    0x08029844   0x00000020   Code   RO         8377    i.RTC_ITConfig      stm32f10x_rtc.o
    0x08029864   0x0000001c   Code   RO         8379    i.RTC_SetCounter    stm32f10x_rtc.o
    0x08029880   0x00000020   Code   RO         8380    i.RTC_SetPrescaler  stm32f10x_rtc.o
    0x080298a0   0x00000014   Code   RO         8381    i.RTC_WaitForLastTask  stm32f10x_rtc.o
    0x080298b4   0x00000024   Code   RO         8382    i.RTC_WaitForSynchro  stm32f10x_rtc.o
    0x080298d8   0x00000058   Code   RO         3967    i.RWRand            hardtest.o
    0x08029930   0x00000090   Code   RO         2223    i.ReadClerk         clerk.o
    0x080299c0   0x00000034   Code   RO         2692    i.ReadComm          extmodules.o
    0x080299f4   0x00000028   Code   RO         2385    i.ReadCorrec        correc.o
    0x08029a1c   0x0000001c   Code   RO         2428    i.ReadCurr          currency.o
    0x08029a38   0x00000084   Code   RO         2471    i.ReadDept          depart.o
    0x08029abc   0x00000028   Code   RO         2522    i.ReadDisc          discount.o
    0x08029ae4   0x0000001c   Code   RO         2575    i.ReadDrawer        drawer.o
    0x08029b00   0x00000074   Code   RO         4106    i.ReadECRVIPVar     iccard.o
    0x08029b74   0x000001f4   Code   RO         4107    i.ReadFactory       iccard.o
    0x08029d68   0x00000140   Code   RO         2693    i.ReadFlagsList     extmodules.o
    0x08029ea8   0x00000044   Code   RO         3474    i.ReadFrLogRam      flowbill.o
    0x08029eec   0x0000003c   Code   RO         4754    i.ReadFromMsg       menu.o
    0x08029f28   0x00000030   Code   RO         2694    i.ReadFuncLook      extmodules.o
    0x08029f58   0x00000050   Code   RO         2695    i.ReadGraphic       extmodules.o
    0x08029fa8   0x00000028   Code   RO         3933    i.ReadGroup         group.o
    0x08029fd0   0x0000004c   Code   RO         2696    i.ReadHeader        extmodules.o
    0x0802a01c   0x00000014   Code   RO         4328    i.ReadICBlock       iccardblock.o
    0x0802a030   0x0000012c   Code   RO         4755    i.ReadItemCaption   menu.o
    0x0802a15c   0x00000030   Code   RO         4567    i.ReadKP            kp.o
    0x0802a18c   0x00000024   Code   RO         2697    i.ReadKeyDesList    extmodules.o
    0x0802a1b0   0x00000024   Code   RO         2698    i.ReadKeyMacro      extmodules.o
    0x0802a1d4   0x0000002c   Code   RO         4872    i.ReadModi          modifier.o
    0x0802a200   0x00000028   Code   RO         2699    i.ReadNumric        extmodules.o
    0x0802a228   0x000000ac   Code   RO         4903    i.ReadOFFPrice      offprice.o
    0x0802a2d4   0x00000014   Code   RO         4946    i.ReadPBTable       pb.o
    0x0802a2e8   0x0000001c   Code   RO         4947    i.ReadPbF           pb.o
    0x0802a304   0x00000300   Code   RO         5074    i.ReadPlu           plu.o
    0x0802a604   0x000000a0   Code   RO         5075    i.ReadPluDept       plu.o
    0x0802a6a4   0x00000028   Code   RO         5076    i.ReadPluStock      plu.o
    0x0802a6cc   0x0000001c   Code   RO         5179    i.ReadPoRa          pora.o
    0x0802a6e8   0x00000034   Code   RO         5214    i.ReadPort          port.o
    0x0802a71c   0x00000024   Code   RO          283    i.ReadRam           interface.o
    0x0802a740   0x0000000c   Code   RO         4756    i.ReadRecIndex      menu.o
    0x0802a74c   0x00000020   Code   RO         2700    i.ReadRepUnit       extmodules.o
    0x0802a76c   0x00000002   Code   RO         6119    i.ReadSalPer        salper.o
    0x0802a76e   0x00000002   PAD
    0x0802a770   0x00000020   Code   RO         2701    i.ReadSlipHeader    extmodules.o
    0x0802a790   0x00000040   Code   RO         6166    i.ReadTax           tax.o
    0x0802a7d0   0x00000028   Code   RO         6222    i.ReadTender        tender.o
    0x0802a7f8   0x00000130   Code   RO         3792    i.ReadTotal         general.o
    0x0802a928   0x0000004c   Code   RO         2702    i.ReadTrail         extmodules.o
    0x0802a974   0x00000020   Code   RO         2703    i.ReadXZReport      extmodules.o
    0x0802a994   0x00000058   Code   RO         2704    i.ReadZone          extmodules.o
    0x0802a9ec   0x000000bc   Code   RO         3475    i.Read_Flow         flowbill.o
    0x0802aaa8   0x00000040   Code   RO         4108    i.RecallECRVIP      iccard.o
    0x0802aae8   0x00000110   Code   RO         3476    i.RecallFlowHead    flowbill.o
    0x0802abf8   0x00000088   Code   RO         1986    i.RecallScreen      chndisp.o
    0x0802ac80   0x00000094   Code   RO         4388    i.Recall_ApplRam    initappl.o
    0x0802ad14   0x00000098   Code   RO         4389    i.Recall_Config     initappl.o
    0x0802adac   0x00000338   Code   RO         5259    i.ReceiptIssue      print.o
    0x0802b0e4   0x000000c0   Code   RO         3793    i.RegiEnd           general.o
    0x0802b1a4   0x00000200   Code   RO         3794    i.RegiInit          general.o
    0x0802b3a4   0x00000150   Code   RO         3795    i.RegiStart         general.o
    0x0802b4f4   0x00000030   Code   RO         5260    i.ReleaseSlip       print.o
    0x0802b524   0x00000200   Code   RO         5830    i.ReportEnd         report2.o
    0x0802b724   0x00000044   Code   RO         5926    i.ResetReport       report.o
    0x0802b768   0x000000a8   Code   RO         4390    i.ResetStartAddress  initappl.o
    0x0802b810   0x000003fc   Code   RO         4391    i.Restore_Sales_Data  initappl.o
    0x0802bc0c   0x00000130   Code   RO         2705    i.RoundBcd          extmodules.o
    0x0802bd3c   0x00000016   Code   RO         6167    i.RoundTaxable      tax.o
    0x0802bd52   0x00000020   Code   RO         4109    i.SCC_Ccrc          iccard.o
    0x0802bd72   0x00000002   PAD
    0x0802bd74   0x00000044   Code   RO         4110    i.SCC_Cript         iccard.o
    0x0802bdb8   0x00000078   Code   RO         4111    i.SCC_SetPswd       iccard.o
    0x0802be30   0x00000160   Code   RO         1151    i.SDEnWideBus       sdio_sd.o
    0x0802bf90   0x0000000c   Code   RO         8460    i.SDIO_ClearFlag    stm32f10x_sdio.o
    0x0802bf9c   0x0000000c   Code   RO         8461    i.SDIO_ClearITPendingBit  stm32f10x_sdio.o
    0x0802bfa8   0x0000000c   Code   RO         8462    i.SDIO_ClockCmd     stm32f10x_sdio.o
    0x0802bfb4   0x00000030   Code   RO         8466    i.SDIO_DataConfig   stm32f10x_sdio.o
    0x0802bfe4   0x00000024   Code   RO         8468    i.SDIO_DeInit       stm32f10x_sdio.o
    0x0802c008   0x0000000c   Code   RO         8469    i.SDIO_GetCommandResponse  stm32f10x_sdio.o
    0x0802c014   0x00000018   Code   RO         8472    i.SDIO_GetFlagStatus  stm32f10x_sdio.o
    0x0802c02c   0x00000010   Code   RO         8474    i.SDIO_GetPowerState  stm32f10x_sdio.o
    0x0802c03c   0x00000018   Code   RO         8475    i.SDIO_GetResponse  stm32f10x_sdio.o
    0x0802c054   0x00000008   Code   RO          939    i.SDIO_IRQHandler   stm32f10x_it.o
    0x0802c05c   0x00000020   Code   RO         8476    i.SDIO_ITConfig     stm32f10x_sdio.o
    0x0802c07c   0x00000030   Code   RO         8477    i.SDIO_Init         stm32f10x_sdio.o
    0x0802c0ac   0x0000000c   Code   RO         8478    i.SDIO_ReadData     stm32f10x_sdio.o
    0x0802c0b8   0x0000002c   Code   RO         8480    i.SDIO_SendCommand  stm32f10x_sdio.o
    0x0802c0e4   0x0000000c   Code   RO         8482    i.SDIO_SetPowerState  stm32f10x_sdio.o
    0x0802c0f0   0x000000b4   Code   RO         1154    i.SD_EnableWideBusOperation  sdio_sd.o
    0x0802c1a4   0x00000324   Code   RO         1156    i.SD_GetCardInfo    sdio_sd.o
    0x0802c4c8   0x00000090   Code   RO         1162    i.SD_Init           sdio_sd.o
    0x0802c558   0x00000168   Code   RO         1163    i.SD_InitializeCards  sdio_sd.o
    0x0802c6c0   0x00000074   Code   RO         1167    i.SD_LowLevel_Init  sdio_sd.o
    0x0802c734   0x000001b8   Code   RO         1169    i.SD_PowerON        sdio_sd.o
    0x0802c8ec   0x00000058   Code   RO         1170    i.SD_ProcessIRQSrc  sdio_sd.o
    0x0802c944   0x00000040   Code   RO         1173    i.SD_SelectDeselect  sdio_sd.o
    0x0802c984   0x00000018   Code   RO         8650    i.SPI_Cmd           stm32f10x_spi.o
    0x0802c99c   0x0000003c   Code   RO         8663    i.SPI_Init          stm32f10x_spi.o
    0x0802c9d8   0x0000005a   Code   RO          221    i.SRAM_Move         fsmc_sram.o
    0x0802ca32   0x00000026   Code   RO          222    i.SRAM_ReadBuffer   fsmc_sram.o
    0x0802ca58   0x00000026   Code   RO          223    i.SRAM_WriteBuffer  fsmc_sram.o
    0x0802ca7e   0x00000002   PAD
    0x0802ca80   0x00000054   Code   RO         1526    i.ST7565R_IO_Init   lcd_st7565r.o
    0x0802cad4   0x00000012   Code   RO         1527    i.ST7565R_NOP       lcd_st7565r.o
    0x0802cae6   0x00000002   PAD
    0x0802cae8   0x00000058   Code   RO         1528    i.ST7565R_SendData  lcd_st7565r.o
    0x0802cb40   0x00000024   Code   RO         1529    i.ST7565R_WR_CMD    lcd_st7565r.o
    0x0802cb64   0x00000024   Code   RO         1530    i.ST7565R_WR_DATA   lcd_st7565r.o
    0x0802cb88   0x0000001a   Code   RO         2259    i.STH               computer.o
    0x0802cba2   0x00000002   PAD
    0x0802cba4   0x000000d0   Code   RO          284    i.STM32_Initial     interface.o
    0x0802cc74   0x00000020   Code   RO         3478    i.SUB_SCANFP        flowbill.o
    0x0802cc94   0x00000002   Code   RO          940    i.SVC_Handler       stm32f10x_it.o
    0x0802cc96   0x00000002   PAD
    0x0802cc98   0x00000090   Code   RO         4392    i.Save_ApplRam      initappl.o
    0x0802cd28   0x0000009c   Code   RO         4393    i.Save_Config       initappl.o
    0x0802cdc4   0x0000001c   Code   RO         1987    i.ScreenFeed        chndisp.o
    0x0802cde0   0x00000048   Code   RO         1988    i.ScrollScreen      chndisp.o
    0x0802ce28   0x000001cc   Code   RO         2224    i.SelectClerk       clerk.o
    0x0802cff4   0x00000070   Code   RO         5499    i.SelectGraphic     program.o
    0x0802d064   0x000000c0   Code   RO         2706    i.SelectKeyCode     extmodules.o
    0x0802d124   0x00000002   Code   RO         6120    i.SelectSalPer      salper.o
    0x0802d126   0x00000014   Code   RO         2707    i.SendComm          extmodules.o
    0x0802d13a   0x00000002   PAD
    0x0802d13c   0x00000038   Code   RO         2260    i.SendComp          computer.o
    0x0802d174   0x00000108   Code   RO         4568    i.SendExtPrinter    kp.o
    0x0802d27c   0x000000dc   Code   RO         2261    i.SendRecord        computer.o
    0x0802d358   0x00000028   Code   RO         2262    i.SendString        computer.o
    0x0802d380   0x00000052   Code   RO         2708    i.SetBCDPoint       extmodules.o
    0x0802d3d2   0x00000002   PAD
    0x0802d3d4   0x00000048   Code   RO         2709    i.SetComm           extmodules.o
    0x0802d41c   0x0000007c   Code   RO         2136    i.SetEditPosition   chninput.o
    0x0802d498   0x00000278   Code   RO         2710    i.SetKeyboard       extmodules.o
    0x0802d710   0x0000020c   Code   RO         2711    i.SetPassword       extmodules.o
    0x0802d91c   0x00000074   Code   RO         1902    i.SetPrintLayOut    buffer.o
    0x0802d990   0x00000030   Code   RO          285    i.SetRTS            interface.o
    0x0802d9c0   0x0000000a   Code   RO         4757    i.SetRecIndex       menu.o
    0x0802d9ca   0x00000008   Code   RO         6552    i.SetSysClock       system_stm32f10x.o
    0x0802d9d2   0x00000002   PAD
    0x0802d9d4   0x000000e0   Code   RO         6553    i.SetSysClockTo72   system_stm32f10x.o
    0x0802dab4   0x00000084   Code   RO         2712    i.SetTimeDate       extmodules.o
    0x0802db38   0x000000fc   Code   RO         5831    i.SetUpReport       report2.o
    0x0802dc34   0x00000028   Code   RO         5261    i.SlipMargin        print.o
    0x0802dc5c   0x00000030   Code   RO        10549    i.Spi395Exchange    ch395.o
    0x0802dc8c   0x00000610   Code   RO         1903    i.StoreInBuffer     buffer.o
    0x0802e29c   0x000007cc   Code   RO         1904    i.StoreInBuffer2    buffer.o
    0x0802ea68   0x000000fc   Code   RO         5029    i.StorePbBuffer     pbbuffer.o
    0x0802eb64   0x00000270   Code   RO         4948    i.StorePbInvoice    pb.o
    0x0802edd4   0x0000008a   Code   RO         2713    i.StrToBCDValue     extmodules.o
    0x0802ee5e   0x00000002   PAD
    0x0802ee60   0x00000080   Code   RO         2714    i.SubBCDValue12     extmodules.o
    0x0802eee0   0x00000184   Code   RO         2715    i.Subtract          extmodules.o
    0x0802f064   0x000000c4   Code   RO         3288    i.SuspendECR        firmkey.o
    0x0802f128   0x000002c4   Code   RO         3393    i.SuspendReceipt    fixed.o
    0x0802f3ec   0x00000098   Code   RO         1989    i.SuspendScreen     chndisp.o
    0x0802f484   0x00000060   Code   RO          941    i.SysTick_Handler   stm32f10x_it.o
    0x0802f4e4   0x00000060   Code   RO         6555    i.SystemInit        system_stm32f10x.o
    0x0802f544   0x000000dc   Code   RO         2264    i.TCP_DecodeRecord  computer.o
    0x0802f620   0x0000007c   Code   RO          286    i.TIM5_Init         interface.o
    0x0802f69c   0x000000b0   Code   RO         1461    i.TIM6_IRQHandler   led_customer.o
    0x0802f74c   0x00000080   Code   RO          287    i.TIM6_Init         interface.o
    0x0802f7cc   0x00000080   Code   RO          602    i.TIM7_IRQHandler   keyboard.o
    0x0802f84c   0x00000078   Code   RO          288    i.TIM7_Init         interface.o
    0x0802f8c4   0x00000018   Code   RO         8793    i.TIM_ARRPreloadConfig  stm32f10x_tim.o
    0x0802f8dc   0x00000006   Code   RO         8799    i.TIM_ClearFlag     stm32f10x_tim.o
    0x0802f8e2   0x00000006   Code   RO         8800    i.TIM_ClearITPendingBit  stm32f10x_tim.o
    0x0802f8e8   0x00000018   Code   RO         8805    i.TIM_Cmd           stm32f10x_tim.o
    0x0802f900   0x00000022   Code   RO         8826    i.TIM_GetITStatus   stm32f10x_tim.o
    0x0802f922   0x00000012   Code   RO         8830    i.TIM_ITConfig      stm32f10x_tim.o
    0x0802f934   0x00000098   Code   RO         8834    i.TIM_OC1Init       stm32f10x_tim.o
    0x0802f9cc   0x00000014   Code   RO         8852    i.TIM_OCStructInit  stm32f10x_tim.o
    0x0802f9e0   0x00000006   Code   RO         8854    i.TIM_PrescalerConfig  stm32f10x_tim.o
    0x0802f9e6   0x00000012   Code   RO         8861    i.TIM_SelectOnePulseMode  stm32f10x_tim.o
    0x0802f9f8   0x000000a4   Code   RO         8876    i.TIM_TimeBaseInit  stm32f10x_tim.o
    0x0802fa9c   0x00000020   Code   RO         2265    i.TcpAnswerToHost   computer.o
    0x0802fabc   0x000004b0   Code   RO         2266    i.TcpPluReadZport   computer.o
    0x0802ff6c   0x00002768   Code   RO         2267    i.TcpProcessRecord  computer.o
    0x080326d4   0x00000524   Code   RO         2268    i.TcpReadZport      computer.o
    0x08032bf8   0x00000038   Code   RO         2269    i.TcpRecordToHost   computer.o
    0x08032c30   0x00000002   Code   RO         2270    i.TcpSaveGraphic    computer.o
    0x08032c32   0x00000002   PAD
    0x08032c34   0x00001148   Code   RO         6223    i.Tender            tender.o
    0x08033d7c   0x00000058   Code   RO         3968    i.TestBEEP          hardtest.o
    0x08033dd4   0x000000dc   Code   RO         4649    i.TestChangePointMust  main.o
    0x08033eb0   0x00000034   Code   RO         2716    i.TestCom123        extmodules.o
    0x08033ee4   0x00000044   Code   RO         3969    i.TestCustomer      hardtest.o
    0x08033f28   0x00000090   Code   RO         3970    i.TestDateTime      hardtest.o
    0x08033fb8   0x0000003c   Code   RO         3971    i.TestDisplay       hardtest.o
    0x08033ff4   0x00000006   Code   RO         1990    i.TestHZRight       chndisp.o
    0x08033ffa   0x00000002   PAD
    0x08033ffc   0x0000005c   Code   RO         3973    i.TestKeyboard      hardtest.o
    0x08034058   0x00000050   Code   RO          289    i.TestLMM           interface.o
    0x080340a8   0x00000008   Code   RO         3974    i.TestOpenDrawer    hardtest.o
    0x080340b0   0x0000013c   Code   RO         3975    i.TestPrinter       hardtest.o
    0x080341ec   0x00000002   Code   RO         3976    i.TestPrnPower      hardtest.o
    0x080341ee   0x00000006   Code   RO          290    i.TestRam           interface.o
    0x080341f4   0x000002e0   Code   RO         3977    i.TestRomRam        hardtest.o
    0x080344d4   0x0000009c   Code   RO         2718    i.TestRtc           extmodules.o
    0x08034570   0x000000f0   Code   RO         3978    i.TestSerial123     hardtest.o
    0x08034660   0x0000034c   Code   RO         2386    i.TransactionVoid   correc.o
    0x080349ac   0x000000bc   Code   RO         1060    i.UARTGet           usart.o
    0x08034a68   0x0000027c   Code   RO         1061    i.UARTInit          usart.o
    0x08034ce4   0x00000078   Code   RO         1062    i.UARTSend          usart.o
    0x08034d5c   0x00000018   Code   RO         1064    i.UART_GetChar      usart.o
    0x08034d74   0x0000000e   Code   RO         1066    i.UART_PutChar      usart.o
    0x08034d82   0x00000016   Code   RO         1067    i.UART_PutString    usart.o
    0x08034d98   0x00000062   Code   RO         2719    i.ULong64toASC      extmodules.o
    0x08034dfa   0x00000044   Code   RO         2720    i.ULongToBCDValue   extmodules.o
    0x08034e3e   0x00000050   Code   RO         2722    i.ULongtoASCL       extmodules.o
    0x08034e8e   0x00000002   PAD
    0x08034e90   0x000000d0   Code   RO          942    i.USART1_IRQHandler  stm32f10x_it.o
    0x08034f60   0x000000f0   Code   RO          943    i.USART2_IRQHandler  stm32f10x_it.o
    0x08035050   0x000000f0   Code   RO          944    i.USART3_IRQHandler  stm32f10x_it.o
    0x08035140   0x00000018   Code   RO         9341    i.USART_Cmd         stm32f10x_usart.o
    0x08035158   0x0000001a   Code   RO         9344    i.USART_GetFlagStatus  stm32f10x_usart.o
    0x08035172   0x00000054   Code   RO         9345    i.USART_GetITStatus  stm32f10x_usart.o
    0x080351c6   0x0000004a   Code   RO         9347    i.USART_ITConfig    stm32f10x_usart.o
    0x08035210   0x000000d8   Code   RO         9348    i.USART_Init        stm32f10x_usart.o
    0x080352e8   0x00000016   Code   RO         9354    i.USART_OverSampling8Cmd  stm32f10x_usart.o
    0x080352fe   0x0000000a   Code   RO         9355    i.USART_ReceiveData  stm32f10x_usart.o
    0x08035308   0x00000008   Code   RO         9358    i.USART_SendData    stm32f10x_usart.o
    0x08035310   0x00000028   Code   RO         1068    i.USART_printf      usart.o
    0x08035338   0x0000000c   Code   RO          945    i.USBWakeUp_IRQHandler  stm32f10x_it.o
    0x08035344   0x00000002   Code   RO          946    i.USB_LP_CAN1_RX0_IRQHandler  stm32f10x_it.o
    0x08035346   0x00000002   PAD
    0x08035348   0x00000304   Code   RO         5030    i.UpdatePbRecord    pbbuffer.o
    0x0803564c   0x00000004   Code   RO          947    i.UsageFault_Handler  stm32f10x_it.o
    0x08035650   0x00000038   Code   RO         4759    i.VirtualInputStr   menu.o
    0x08035688   0x00000034   Code   RO         4760    i.VirtualInputWord  menu.o
    0x080356bc   0x00000036   Code   RO         2723    i.WORDtoASC         extmodules.o
    0x080356f2   0x00000068   Code   RO         2724    i.WORDtoASCL        extmodules.o
    0x0803575a   0x0000002c   Code   RO         2725    i.WORDtoASCZero     extmodules.o
    0x08035786   0x0000006a   Code   RO         2726    i.WORDtoBCD         extmodules.o
    0x080357f0   0x0000015c   Code   RO         2727    i.WaitForYesNo      extmodules.o
    0x0803594c   0x00000018   Code   RO         2728    i.WaitOnLine        extmodules.o
    0x08035964   0x0000002c   Code   RO         2729    i.WidthofWORD       extmodules.o
    0x08035990   0x00000044   Code   RO         2225    i.WriteClerk        clerk.o
    0x080359d4   0x0000002c   Code   RO         2387    i.WriteCorrec       correc.o
    0x08035a00   0x0000002c   Code   RO         2429    i.WriteCurr         currency.o
    0x08035a2c   0x00000090   Code   RO         2472    i.WriteDept         depart.o
    0x08035abc   0x0000002c   Code   RO         2523    i.WriteDisc         discount.o
    0x08035ae8   0x0000002c   Code   RO         2576    i.WriteDrawer       drawer.o
    0x08035b14   0x0000005c   Code   RO         4112    i.WriteECRVIPVar    iccard.o
    0x08035b70   0x00000048   Code   RO         4395    i.WriteGrandTotal   initappl.o
    0x08035bb8   0x0000002c   Code   RO         3934    i.WriteGroup        group.o
    0x08035be4   0x00000028   Code   RO         4329    i.WriteICBlock      iccardblock.o
    0x08035c0c   0x0000002c   Code   RO         4873    i.WriteModi         modifier.o
    0x08035c38   0x000000ac   Code   RO         4904    i.WriteOFFPrice     offprice.o
    0x08035ce4   0x0000002c   Code   RO         4949    i.WritePbF          pb.o
    0x08035d10   0x000000e8   Code   RO         5077    i.WritePlu          plu.o
    0x08035df8   0x00000040   Code   RO         5078    i.WritePluInventory  plu.o
    0x08035e38   0x000000f8   Code   RO         5079    i.WritePlu_At       plu.o
    0x08035f30   0x0000002c   Code   RO         5180    i.WritePoRa         pora.o
    0x08035f5c   0x0000003c   Code   RO         5215    i.WritePort         port.o
    0x08035f98   0x00000024   Code   RO          291    i.WriteRam          interface.o
    0x08035fbc   0x00000070   Code   RO         4396    i.WriteReport       initappl.o
    0x0803602c   0x00000002   Code   RO         6121    i.WriteSalPer       salper.o
    0x0803602e   0x00000002   PAD
    0x08036030   0x00000044   Code   RO         6168    i.WriteTax          tax.o
    0x08036074   0x0000002c   Code   RO         6224    i.WriteTender       tender.o
    0x080360a0   0x000000d0   Code   RO         3480    i.WriteToLogRam     flowbill.o
    0x08036170   0x00000120   Code   RO         3796    i.WriteTotal        general.o
    0x08036290   0x00000028   Code   RO        11197    i.__0sprintf$8      mc_w.l(printf8.o)
    0x080362b8   0x00000024   Code   RO        11227    i.__0vsprintf       mc_w.l(printfa.o)
    0x080362dc   0x00000008   Code   RO        11274    i.__aeabi_errno_addr  mc_w.l(errno.o)
    0x080362e4   0x0000000e   Code   RO        11336    i.__scatterload_copy  mc_w.l(handlers.o)
    0x080362f2   0x00000002   Code   RO        11337    i.__scatterload_null  mc_w.l(handlers.o)
    0x080362f4   0x0000000e   Code   RO        11338    i.__scatterload_zeroinit  mc_w.l(handlers.o)
    0x08036302   0x00000002   PAD
    0x08036304   0x00000164   Code   RO        11228    i._fp_digits        mc_w.l(printfa.o)
    0x08036468   0x00000410   Code   RO        11202    i._printf_core      mc_w.l(printf8.o)
    0x08036878   0x000006dc   Code   RO        11229    i._printf_core      mc_w.l(printfa.o)
    0x08036f54   0x00000024   Code   RO        11203    i._printf_post_padding  mc_w.l(printf8.o)
    0x08036f78   0x00000024   Code   RO        11230    i._printf_post_padding  mc_w.l(printfa.o)
    0x08036f9c   0x0000002e   Code   RO        11204    i._printf_pre_padding  mc_w.l(printf8.o)
    0x08036fca   0x0000002e   Code   RO        11231    i._printf_pre_padding  mc_w.l(printfa.o)
    0x08036ff8   0x0000000a   Code   RO        11206    i._sputc            mc_w.l(printf8.o)
    0x08037002   0x0000000a   Code   RO        11233    i._sputc            mc_w.l(printfa.o)
    0x0803700c   0x00000078   Code   RO           15    i.bFlashAutoSelect  flashb.o
    0x08037084   0x00000050   Code   RO           20    i.bFlashDataToggle  flashb.o
    0x080370d4   0x000000c4   Code   RO           21    i.bFlashMBlockErase  flashb.o
    0x08037198   0x00000018   Code   RO           22    i.bFlashPause       flashb.o
    0x080371b0   0x00000100   Code   RO           23    i.bFlashProgram     flashb.o
    0x080372b0   0x0000000a   Code   RO           24    i.bFlashRead        flashb.o
    0x080372ba   0x0000003c   Code   RO           25    i.bFlashReadBuffer  flashb.o
    0x080372f6   0x00000012   Code   RO           26    i.bFlashReadReset   flashb.o
    0x08037308   0x00000008   Code   RO           27    i.bFlashWrite       flashb.o
    0x08037310   0x00000026   Code   RO         4113    i.icBCD2EcrBCD      iccard.o
    0x08037336   0x0000001a   Code   RO        10550    i.keeplive_set      ch395.o
    0x08037350   0x00000268   Code   RO          603    i.keydown           keyboard.o
    0x080375b8   0x00000098   Code   RO          604    i.keyscan           keyboard.o
    0x08037650   0x000000c8   Code   RO          605    i.lockscan          keyboard.o
    0x08037718   0x00000098   Code   RO         1532    i.mClearScreen      lcd_st7565r.o
    0x080377b0   0x00000020   Code   RO        10551    i.mDelaymS          ch395.o
    0x080377d0   0x0000001c   Code   RO        10552    i.mDelayuS          ch395.o
    0x080377ec   0x000000f0   Code   RO         1533    i.mDispCharXY       lcd_st7565r.o
    0x080378dc   0x000000c0   Code   RO         1534    i.mDispCursor       lcd_st7565r.o
    0x0803799c   0x00000002   Code   RO         1535    i.mDispLogo         lcd_st7565r.o
    0x0803799e   0x00000030   Code   RO         1536    i.mDispStringXY     lcd_st7565r.o
    0x080379ce   0x00000002   PAD
    0x080379d0   0x000001b8   Code   RO         1538    i.mDrawABox         lcd_st7565r.o
    0x08037b88   0x000000a8   Code   RO         1539    i.mDrawChar         lcd_st7565r.o
    0x08037c30   0x00000040   Code   RO         1543    i.mEnCursor         lcd_st7565r.o
    0x08037c70   0x0000006c   Code   RO         1544    i.mInitialLCD       lcd_st7565r.o
    0x08037cdc   0x00000020   Code   RO         1545    i.mLightLCDOff      lcd_st7565r.o
    0x08037cfc   0x00000020   Code   RO         1546    i.mLightLCDOn       lcd_st7565r.o
    0x08037d1c   0x0000004c   Code   RO         1548    i.mRefreshLine      lcd_st7565r.o
    0x08037d68   0x0000001a   Code   RO         1549    i.mSetContrast      lcd_st7565r.o
    0x08037d82   0x00000002   PAD
    0x08037d84   0x0000003c   Code   RO         1550    i.mSetState         lcd_st7565r.o
    0x08037dc0   0x00000030   Code   RO        10553    i.mStopIfError      ch395.o
    0x08037df0   0x00000090   Code   RO         4650    i.main              main.o
    0x08037e80   0x0000007c   Code   RO         1390    i.mktimev           rtc.o
    0x08037efc   0x00000018   Code   RO          292    i.msDelay           interface.o
    0x08037f14   0x00000030   Code   RO          764    i.pwrADCCtrl        pwr_ctrl.o
    0x08037f44   0x00000050   Code   RO          766    i.pwrGetStatus      pwr_ctrl.o
    0x08037f94   0x00000074   Code   RO          767    i.pwrIO_Init        pwr_ctrl.o
    0x08038008   0x00000012   Code   RO          768    i.pwr_Init          pwr_ctrl.o
    0x0803801a   0x00000054   Code   RO         1391    i.rtc_Config        rtc.o
    0x0803806e   0x00000014   Code   RO         1392    i.rtc_gettime       rtc.o
    0x08038082   0x00000044   Code   RO         1393    i.rtc_init          rtc.o
    0x080380c6   0x00000020   Code   RO         1394    i.rtc_settime       rtc.o
    0x080380e6   0x00000028   Code   RO         1554    i.st7565SetXY       lcd_st7565r.o
    0x0803810e   0x00000002   PAD
    0x08038110   0x0000005c   Code   RO         5390    i.strToBin          progopt.o
    0x0803816c   0x000000c8   Code   RO         1395    i.to_tm             rtc.o
    0x08038234   0x00000048   Code   RO          293    i.usDelay           interface.o
    0x0803827c   0x00000060   Code   RO           28    i.wFlashProgramAWord  flashb.o
    0x080382dc   0x00000008   Code   RO           31    i.wFlashWrite       flashb.o
    0x080382e4   0x0000000e   Code   RO        10554    i.xReadCH395Data    ch395.o
    0x080382f2   0x00000002   PAD
    0x080382f4   0x00000028   Code   RO        10555    i.xWriteCH395Cmd    ch395.o
    0x0803831c   0x0000000c   Code   RO        10556    i.xWriteCH395Data   ch395.o
    0x08038328   0x0000001a   Code   RO          691    i.xprintf           monitor.o
    0x08038342   0x00000002   PAD
    0x08038344   0x00000038   Code   RO          692    i.xputc             monitor.o
    0x0803837c   0x00000016   Code   RO          693    i.xputs             monitor.o
    0x08038392   0x00000212   Code   RO          695    i.xvprintf          monitor.o
    0x080385a4   0x00000bf0   Data   RO            1    .constdata          asciifonts.o
    0x08039194   0x0000008c   Data   RO           32    .constdata          flashb.o
    0x08039220   0x00000030   Data   RO         1396    .constdata          rtc.o
    0x08039250   0x0000005b   Data   RO         1463    .constdata          led_customer.o
    0x080392ab   0x00000408   Data   RO         1556    .constdata          lcd_st7565r.o
    0x080396b3   0x00000001   PAD
    0x080396b4   0x00000009   Data   RO         1905    .constdata          buffer.o
    0x080396bd   0x00000001   PAD
    0x080396be   0x0000221a   Data   RO         1957    .constdata          chinaapp.o
    0x0803b8d8   0x000011d3   Data   RO         2207    .constdata          chnmess.o
    0x0803caab   0x00000001   PAD
    0x0803caac   0x00000009   Data   RO         2473    .constdata          depart.o
    0x0803cab5   0x00000003   PAD
    0x0803cab8   0x000002d6   Data   RO         2731    .constdata          extmodules.o
    0x0803cd8e   0x00000034   Data   RO         3289    .constdata          firmkey.o
    0x0803cdc2   0x000000ae   Data   RO         3482    .constdata          flowbill.o
    0x0803ce70   0x0000005f   Data   RO         4115    .constdata          iccard.o
    0x0803cecf   0x000000b4   Data   RO         4569    .constdata          kp.o
    0x0803cf83   0x00000001   PAD
    0x0803cf84   0x00000034   Data   RO         4723    .constdata          memory.o
    0x0803cfb8   0x000003c0   Data   RO         4762    .constdata          menu.o
    0x0803d378   0x000000f8   Data   RO         5262    .constdata          print.o
    0x0803d470   0x00000008   Data   RO         5501    .constdata          program.o
    0x0803d478   0x00000020   Data   RO         5832    .constdata          report2.o
    0x0803d498   0x00000016   Data   RO        10558    .constdata          ch395.o
    0x0803d4ae   0x00000081   Data   RO        11300    .constdata          mc_w.l(ctype_o.o)
    0x0803d52f   0x00000001   PAD
    0x0803d530   0x00000004   Data   RO        11301    .constdata          mc_w.l(ctype_o.o)
    0x0803d534   0x00000257   Data   RO         1958    .conststring        chinaapp.o
    0x0803d78b   0x00000001   PAD
    0x0803d78c   0x0000202f   Data   RO         2208    .conststring        chnmess.o
    0x0803f7bb   0x00000001   PAD
    0x0803f7bc   0x0000027e   Data   RO         2732    .conststring        extmodules.o
    0x0803fa3a   0x00000002   PAD
    0x0803fa3c   0x00000020   Data   RO        11334    Region$$Table       anon$$obj.o


    Execution Region RW_IRAM1 (Base: 0x20000000, Size: 0x0000c0e8, Max: 0x00010000, ABSOLUTE, COMPRESSED[0x00000164])

    Base Addr    Size         Type   Attr      Idx    E Section Name        Object

    0x20000000   0x00000014   Data   RW          294    .data               interface.o
    0x20000014   0x00000066   Data   RW          607    .data               keyboard.o
    0x2000007a   0x00000002   PAD
    0x2000007c   0x0000000c   Data   RW          696    .data               monitor.o
    0x20000088   0x0000005c   Data   RW          769    .data               pwr_ctrl.o
    0x200000e4   0x00000012   Data   RW          948    .data               stm32f10x_it.o
    0x200000f6   0x00000002   PAD
    0x200000f8   0x0000000b   Data   RW         1070    .data               usart.o
    0x20000103   0x00000001   PAD
    0x20000104   0x0000001c   Data   RW         1183    .data               sdio_sd.o
    0x20000120   0x00000030   Data   RW         1397    .data               rtc.o
    0x20000150   0x00000020   Data   RW         1464    .data               led_customer.o
    0x20000170   0x00000004   Data   RW         1557    .data               lcd_st7565r.o
    0x20000174   0x00000007   Data   RW         1847    .data               balance.o
    0x2000017b   0x00000001   PAD
    0x2000017c   0x00000004   Data   RW         1873    .data               barcode.o
    0x20000180   0x00000058   Data   RW         1959    .data               chinaapp.o
    0x200001d8   0x00000003   Data   RW         1992    .data               chndisp.o
    0x200001db   0x00000001   PAD
    0x200001dc   0x00000009   Data   RW         2138    .data               chninput.o
    0x200001e5   0x00000003   PAD
    0x200001e8   0x00000010   Data   RW         2273    .data               computer.o
    0x200001f8   0x00000001   Data   RW         2474    .data               depart.o
    0x200001f9   0x00000003   PAD
    0x200001fc   0x0000006c   Data   RW         2733    .data               extmodules.o
    0x20000268   0x00000004   Data   RW         3290    .data               firmkey.o
    0x2000026c   0x00000004   Data   RW         3394    .data               fixed.o
    0x20000270   0x00000004   Data   RW         3483    .data               flowbill.o
    0x20000274   0x00000001   Data   RW         3797    .data               general.o
    0x20000275   0x00000002   Data   RW         4116    .data               iccard.o
    0x20000277   0x00000001   PAD
    0x20000278   0x00000002   Data   RW         4397    .data               initappl.o
    0x2000027a   0x00000002   PAD
    0x2000027c   0x00000005   Data   RW         4570    .data               kp.o
    0x20000281   0x00000003   PAD
    0x20000284   0x0000002c   Data   RW         4724    .data               memory.o
    0x200002b0   0x0000000c   Data   RW         4763    .data               menu.o
    0x200002bc   0x00000008   Data   RW         5502    .data               program.o
    0x200002c4   0x00000009   Data   RW         6259    .data               timer.o
    0x200002cd   0x00000003   PAD
    0x200002d0   0x00000014   Data   RW         6556    .data               system_stm32f10x.o
    0x200002e4   0x00000014   Data   RW         8201    .data               stm32f10x_rcc.o
    0x200002f8   0x0000000c   Data   RW        10559    .data               ch395.o
    0x20000304   0x00000004   Data   RW        11277    .data               mc_w.l(errno.o)
    0x20000308   0x0000000a   Zero   RW          606    .bss                keyboard.o
    0x20000312   0x00000002   PAD
    0x20000314   0x00000cf8   Zero   RW         1069    .bss                usart.o
    0x2000100c   0x00000004   PAD
    0x20001010   0x000000cc   Zero   RW         1182    .bss                sdio_sd.o
    0x200010dc   0x0000000c   Zero   RW         1462    .bss                led_customer.o
    0x200010e8   0x00000400   Zero   RW         1555    .bss                lcd_st7565r.o
    0x200014e8   0x0000001e   Zero   RW         1846    .bss                balance.o
    0x20001506   0x000000fe   Zero   RW         1872    .bss                barcode.o
    0x20001604   0x00000050   Zero   RW         1991    .bss                chndisp.o
    0x20001654   0x00000010   Zero   RW         2137    .bss                chninput.o
    0x20001664   0x00000400   Zero   RW         2271    .bss                computer.o
    0x20001a64   0x00000022   Zero   RW         2730    .bss                extmodules.o
    0x20001a86   0x00000021   Zero   RW         3481    .bss                flowbill.o
    0x20001aa7   0x00000020   Zero   RW         4114    .bss                iccard.o
    0x20001ac7   0x00000001   PAD
    0x20001ac8   0x0000711d   Zero   RW         4722    .bss                memory.o
    0x20008be5   0x0000005b   Zero   RW         4761    .bss                menu.o
    0x20008c40   0x0000003d   Zero   RW         5500    .bss                program.o
    0x20008c7d   0x00000003   PAD
    0x20008c80   0x00000464   Zero   RW        10557    .bss                ch395.o
    0x200090e4   0x00000004   PAD
    0x200090e8   0x00003000   Zero   RW         6597    STACK               startup_stm32f10x_hd.o



  Load Region LR$$.ARM.__AT_0x60004000 (Base: 0x60004000, Size: 0x00000000, Max: 0x00002000, ABSOLUTE)

    Execution Region ER$$.ARM.__AT_0x60004000 (Base: 0x60004000, Size: 0x00002000, Max: 0x00002000, ABSOLUTE, UNINIT)

    Base Addr    Size         Type   Attr      Idx    E Section Name        Object

    0x60004000   0x00002000   Zero   RW         4718    .ARM.__AT_0x60004000  memory.o



  Load Region LR$$.ARM.__AT_0x60006000 (Base: 0x60006000, Size: 0x00000000, Max: 0x00002000, ABSOLUTE)

    Execution Region ER$$.ARM.__AT_0x60006000 (Base: 0x60006000, Size: 0x00002000, Max: 0x00002000, ABSOLUTE, UNINIT)

    Base Addr    Size         Type   Attr      Idx    E Section Name        Object

    0x60006000   0x00002000   Zero   RW         4719    .ARM.__AT_0x60006000  memory.o



  Load Region LR$$.ARM.__AT_0x60008000 (Base: 0x60008000, Size: 0x00000000, Max: 0x00008000, ABSOLUTE)

    Execution Region ER$$.ARM.__AT_0x60008000 (Base: 0x60008000, Size: 0x00008000, Max: 0x00008000, ABSOLUTE, UNINIT)

    Base Addr    Size         Type   Attr      Idx    E Section Name        Object

    0x60008000   0x00008000   Zero   RW         4720    .ARM.__AT_0x60008000  memory.o



  Load Region LR$$.ARM.__AT_0x64000000 (Base: 0x64000000, Size: 0x00000000, Max: 0x0000442c, ABSOLUTE)

    Execution Region ER$$.ARM.__AT_0x64000000 (Base: 0x64000000, Size: 0x0000442c, Max: 0x0000442c, ABSOLUTE, UNINIT)

    Base Addr    Size         Type   Attr      Idx    E Section Name        Object

    0x64000000   0x0000442c   Zero   RW         4721    .ARM.__AT_0x64000000  memory.o


==============================================================================

Image component sizes


      Code (inc. data)   RO Data    RW Data    ZI Data      Debug   Object Name

         0          0       3056          0          0       5004   asciifonts.o
       844         62          0          7         30       2348   balance.o
      1076         70          0          4        254       2202   barcode.o
     10688        432          9          0          0      11835   buffer.o
      1978        176         22         12       1124      25681   ch395.o
         0          0       9329         88          0       1432   chinaapp.o
      1730        120          0          3         80      12915   chndisp.o
      3588        178          0          9         16       7144   chninput.o
         0          0      12802          0          0       5175   chnmess.o
       712         68          0          0          0       2152   clerk.o
     13832        542          0         16       1024      19188   computer.o
         0          0          0          0          0         32   core_cm3.o
      2096        110          0          0          0       3677   correc.o
       624         66          0          0          0       3175   currency.o
      4592        226          9          1          0       5495   depart.o
      7260        290          0          0          0       7249   discount.o
       756         74          0          0          0       3230   drawer.o
     14036        880       1364        108         34      59773   extmodules.o
      8902        794         52          4          0      11032   firmkey.o
       284         32          0          0          0       1170   fiscal.o
      5080        300          0          4          0       6616   fixed.o
       876         16        140          0          0     305205   flashb.o
     11426        966        174          4         33      31938   flowbill.o
       712         44          0          0          0       5169   format.o
       442         18          0          0          0       3439   fsmc_sram.o
      6360        376          0          1          0      13793   general.o
       344         28          0          0          0       1762   group.o
      5542        596          0          0          0      11360   hardtest.o
     13262        884         95          2         32      28411   iccard.o
       440         74          0          0          0       2948   iccardblock.o
      6992        718          0          2          0      17813   initappl.o
      2178        216          0         20          0      74749   interface.o
      1584        184          0        102         10       7824   keyboard.o
      3452        228        180          5          0       8741   kp.o
      1942        148       1032          4       1024      13217   lcd_st7565r.o
       866        104         91         32         12       6503   led_customer.o
      3294        218          0          0          0       7205   main.o
      1292         30         52         44      95561       3446   memory.o
      4202        252        960         12         91      13276   menu.o
       132         22          0          0          0       1651   misc.o
       540         72          0          0          0       1865   modifier.o
       702         30          0         12          0       4433   monitor.o
       380         24          0          0          0       1395   offprice.o
      7964        394          0          0          0      10239   pb.o
      3844        140          0          0          0       5488   pbbuffer.o
      6352        374          0          0          0      11974   plu.o
      1120         58          0          0          0       2626   pora.o
       200         38          0          0          0       1385   port.o
      7250        318        248          0          0      15600   print.o
       460         46          0          0          0        750   progdump.o
      2832        264          0          0          0       6241   progopt.o
     18440       1908          8          8         61      37851   program.o
       458         44          0         92          0       3315   pwr_ctrl.o
      8678        622          0          0          0      22789   report.o
      2416        224         32          0          0       6091   report2.o
       636         20         48         48          0       4419   rtc.o
         6          0          0          0          0       1170   salper.o
      3880        216          0         28        204      21121   sdio_sd.o
       156          4          0          0          0        971   search.o
        36          8        304          0      12288        808   startup_stm32f10x_hd.o
       330         10          0          0          0       5408   stm32f10x_adc.o
        56         10          0          0          0       2335   stm32f10x_bkp.o
       416          8          0          0          0       3566   stm32f10x_dma.o
       200         18          0          0          0       2260   stm32f10x_exti.o
       282          6          0          0          0       1933   stm32f10x_fsmc.o
       494         10          0          0          0       4692   stm32f10x_gpio.o
       934         74          0         18          0       8964   stm32f10x_it.o
        12          6          0          0          0        542   stm32f10x_pwr.o
       492         70          0         20          0       8564   stm32f10x_rcc.o
       232         42          0          0          0       4430   stm32f10x_rtc.o
       344         80          0          0          0       9649   stm32f10x_sdio.o
        84          0          0          0          0       2257   stm32f10x_spi.o
       472         62          0          0          0       7421   stm32f10x_tim.o
       464          6          0          0          0       7038   stm32f10x_usart.o
       328         28          0         20          0       2213   system_stm32f10x.o
      2034        118          0          0          0       5612   tax.o
      4652        242          0          0          0       4559   tender.o
      2032         80          0          9          0       2665   timer.o
      1320         72          0         11       3320       8338   usart.o

    ----------------------------------------------------------------------
    225044      15288      30050        772     115212    1007952   Object Totals
         0          0         32          0          0          0   (incl. Generated)
       100          0         11         22         14          0   (incl. Padding)

    ----------------------------------------------------------------------

      Code (inc. data)   RO Data    RW Data    ZI Data      Debug   Library Member Name

        86          0          0          0          0          0   __dczerorl2.o
        28          0          0          0          0         68   _chval.o
       158          0          0          0          0         92   _strtoul.o
        26          0          0          0          0         80   atoi.o
         8          4        133          0          0         68   ctype_o.o
         0          0          0          0          0          0   entry.o
         0          0          0          0          0          0   entry10a.o
         0          0          0          0          0          0   entry11a.o
         8          4          0          0          0          0   entry2.o
         4          0          0          0          0          0   entry5.o
         0          0          0          0          0          0   entry7b.o
         0          0          0          0          0          0   entry8b.o
         8          4          0          0          0          0   entry9a.o
         8          4          0          4          0         68   errno.o
        30          0          0          0          0          0   handlers.o
        36          8          0          0          0         68   init.o
         0          0          0          0          0          0   iusefp.o
        30          0          0          0          0         68   llshl.o
        36          0          0          0          0         68   llsshr.o
        32          0          0          0          0         68   llushr.o
        26          0          0          0          0         80   memcmp.o
        36          0          0          0          0         68   memcpya.o
        36          0          0          0          0        108   memseta.o
      1172         50          0          0          0        420   printf8.o
      2240         86          0          0          0        508   printfa.o
        24          0          0          0          0         68   strcat.o
        28          0          0          0          0         76   strcmp.o
        18          0          0          0          0         68   strcpy.o
        14          0          0          0          0         68   strlen.o
        30          0          0          0          0         80   strncmp.o
        24          0          0          0          0         76   strncpy.o
       112          0          0          0          0         88   strtol.o
        44          0          0          0          0         80   uidiv.o
        98          0          0          0          0         92   uldiv.o
        48          0          0          0          0         68   cdrcmple.o
       334          0          0          0          0        148   dadd.o
       222          0          0          0          0        100   ddiv.o
       186          0          0          0          0        176   depilogue.o
        48          0          0          0          0         68   dfixul.o
       228          0          0          0          0         96   dmul.o

    ----------------------------------------------------------------------
      5472        160        134          4          0       3184   Library Totals
         6          0          1          0          0          0   (incl. Padding)

    ----------------------------------------------------------------------

      Code (inc. data)   RO Data    RW Data    ZI Data      Debug   Library Name

      4400        160        133          4          0       2528   mc_w.l
      1066          0          0          0          0        656   mf_w.l

    ----------------------------------------------------------------------
      5472        160        134          4          0       3184   Library Totals

    ----------------------------------------------------------------------

==============================================================================


      Code (inc. data)   RO Data    RW Data    ZI Data      Debug   

    230516      15448      30184        776     115212     965088   Grand Totals
    230516      15448      30184        356     115212     965088   ELF Image Totals (compressed)
    230516      15448      30184        356          0          0   ROM Totals

==============================================================================

    Total RO  Size (Code + RO Data)               260700 ( 254.59kB)
    Total RW  Size (RW Data + ZI Data)            115988 ( 113.27kB)
    Total ROM Size (Code + RO Data + RW Data)     261056 ( 254.94kB)

==============================================================================

