<!doctype html public "-//w3c//dtd html 4.0 transitional//en">
<html><head>
<title>Static Call Graph - [.\obj_STMF103\aER520UK_EN_DOTP.axf]</title></head>
<body><HR>
<H1>Static Call Graph for image .\obj_STMF103\aER520UK_EN_DOTP.axf</H1><HR>
<BR><P>#&#060CALLGRAPH&#062# ARM Linker, 5060061: Last Updated: Mon Sep 10 11:40:04 2018
<BR><P>
<H3>Maximum Stack Usage =       2948 bytes + Unknown(Cycles, Untraceable Function Pointers)</H3><H3>
Call chain for Maximum Stack Depth:</H3>
main &rArr; BarCode &rArr; ProcessKey &rArr; ProcessFunctions &rArr; Tender &rArr; Fixed &rArr; SuspendReceipt &rArr;  ProcessFunctions (Cycle)
<P>
<H3>
Mutually Recursive functions
</H3> <LI><a href="#[1c]">ADC1_2_IRQHandler</a>&nbsp;&nbsp;&nbsp;&rArr;&nbsp;&nbsp;&nbsp;<a href="#[1c]">ADC1_2_IRQHandler</a><BR>
 <LI><a href="#[171]">RFeed</a>&nbsp;&nbsp;&nbsp;&rArr;&nbsp;&nbsp;&nbsp;<a href="#[f1]">OutPrint</a><BR>
 <LI><a href="#[e1]">AppendEntry</a>&nbsp;&nbsp;&nbsp;&rArr;&nbsp;&nbsp;&nbsp;<a href="#[e1]">AppendEntry</a><BR>
 <LI><a href="#[186]">CheckMixMatch</a>&nbsp;&nbsp;&nbsp;&rArr;&nbsp;&nbsp;&nbsp;<a href="#[187]">StoreInBuffer</a><BR>
 <LI><a href="#[17f]">CheckInput</a>&nbsp;&nbsp;&nbsp;&rArr;&nbsp;&nbsp;&nbsp;<a href="#[da]">ChnInput</a><BR>
 <LI><a href="#[1cb]">ProcessDept</a>&nbsp;&nbsp;&nbsp;&rArr;&nbsp;&nbsp;&nbsp;<a href="#[322]">Tender</a><BR>
 <LI><a href="#[209]">ProgSysFlag</a>&nbsp;&nbsp;&nbsp;&rArr;&nbsp;&nbsp;&nbsp;<a href="#[de]">CheckFirmKey</a><BR>
 <LI><a href="#[16c]">ListItems</a>&nbsp;&nbsp;&nbsp;&rArr;&nbsp;&nbsp;&nbsp;<a href="#[f0]">BarCode</a><BR>
 <LI><a href="#[de]">CheckFirmKey</a>&nbsp;&nbsp;&nbsp;&rArr;&nbsp;&nbsp;&nbsp;<a href="#[de]">CheckFirmKey</a><BR>
 <LI><a href="#[253]">SuspendReceipt</a>&nbsp;&nbsp;&nbsp;&rArr;&nbsp;&nbsp;&nbsp;<a href="#[325]">ProcessFunctions</a><BR>
 <LI><a href="#[327]">ProcessKeyMacro</a>&nbsp;&nbsp;&nbsp;&rArr;&nbsp;&nbsp;&nbsp;<a href="#[325]">ProcessFunctions</a><BR>
 <LI><a href="#[323]">ProcessFuncLook</a>&nbsp;&nbsp;&nbsp;&rArr;&nbsp;&nbsp;&nbsp;<a href="#[325]">ProcessFunctions</a><BR>
</UL>
<P>
<H3>
Function Pointers
</H3><UL>
 <LI><a href="#[1c]">ADC1_2_IRQHandler</a> from startup_stm32f10x_hd.o(.text) referenced from startup_stm32f10x_hd.o(RESET)
 <LI><a href="#[39]">ADC3_IRQHandler</a> from startup_stm32f10x_hd.o(.text) referenced from startup_stm32f10x_hd.o(RESET)
 <LI><a href="#[4]">BusFault_Handler</a> from stm32f10x_it.o(i.BusFault_Handler) referenced from startup_stm32f10x_hd.o(RESET)
 <LI><a href="#[1f]">CAN1_RX1_IRQHandler</a> from startup_stm32f10x_hd.o(.text) referenced from startup_stm32f10x_hd.o(RESET)
 <LI><a href="#[20]">CAN1_SCE_IRQHandler</a> from startup_stm32f10x_hd.o(.text) referenced from startup_stm32f10x_hd.o(RESET)
 <LI><a href="#[15]">DMA1_Channel1_IRQHandler</a> from startup_stm32f10x_hd.o(.text) referenced from startup_stm32f10x_hd.o(RESET)
 <LI><a href="#[16]">DMA1_Channel2_IRQHandler</a> from startup_stm32f10x_hd.o(.text) referenced from startup_stm32f10x_hd.o(RESET)
 <LI><a href="#[17]">DMA1_Channel3_IRQHandler</a> from startup_stm32f10x_hd.o(.text) referenced from startup_stm32f10x_hd.o(RESET)
 <LI><a href="#[18]">DMA1_Channel4_IRQHandler</a> from startup_stm32f10x_hd.o(.text) referenced from startup_stm32f10x_hd.o(RESET)
 <LI><a href="#[19]">DMA1_Channel5_IRQHandler</a> from startup_stm32f10x_hd.o(.text) referenced from startup_stm32f10x_hd.o(RESET)
 <LI><a href="#[1a]">DMA1_Channel6_IRQHandler</a> from startup_stm32f10x_hd.o(.text) referenced from startup_stm32f10x_hd.o(RESET)
 <LI><a href="#[1b]">DMA1_Channel7_IRQHandler</a> from startup_stm32f10x_hd.o(.text) referenced from startup_stm32f10x_hd.o(RESET)
 <LI><a href="#[42]">DMA2_Channel1_IRQHandler</a> from startup_stm32f10x_hd.o(.text) referenced from startup_stm32f10x_hd.o(RESET)
 <LI><a href="#[43]">DMA2_Channel2_IRQHandler</a> from startup_stm32f10x_hd.o(.text) referenced from startup_stm32f10x_hd.o(RESET)
 <LI><a href="#[44]">DMA2_Channel3_IRQHandler</a> from startup_stm32f10x_hd.o(.text) referenced from startup_stm32f10x_hd.o(RESET)
 <LI><a href="#[45]">DMA2_Channel4_5_IRQHandler</a> from startup_stm32f10x_hd.o(.text) referenced from startup_stm32f10x_hd.o(RESET)
 <LI><a href="#[7]">DebugMon_Handler</a> from stm32f10x_it.o(i.DebugMon_Handler) referenced from startup_stm32f10x_hd.o(RESET)
 <LI><a href="#[51]">DispDept</a> from flowbill.o(i.DispDept) referenced from flowbill.o(.constdata)
 <LI><a href="#[5a]">DispDirectDisc</a> from flowbill.o(i.DispDirectDisc) referenced from flowbill.o(.constdata)
 <LI><a href="#[63]">DispEcrNum</a> from flowbill.o(i.DispEcrNum) referenced from flowbill.o(.constdata)
 <LI><a href="#[53]">DispEnd</a> from flowbill.o(i.DispEnd) referenced from flowbill.o(.constdata)
 <LI><a href="#[60]">DispInsertIC</a> from flowbill.o(i.DispInsertIC) referenced from flowbill.o(.constdata)
 <LI><a href="#[5e]">DispMessage</a> from flowbill.o(i.DispMessage) referenced from flowbill.o(.constdata)
 <LI><a href="#[57]">DispModeLock</a> from flowbill.o(i.DispModeLock) referenced from flowbill.o(.constdata)
 <LI><a href="#[50]">DispNULL</a> from flowbill.o(i.DispNULL) referenced 2 times from flowbill.o(.constdata)
 <LI><a href="#[5c]">DispNew</a> from flowbill.o(i.DispNew) referenced from flowbill.o(.constdata)
 <LI><a href="#[54]">DispNonAdd</a> from flowbill.o(i.DispNonAdd) referenced from flowbill.o(.constdata)
 <LI><a href="#[55]">DispOperator</a> from flowbill.o(i.DispOperator) referenced from flowbill.o(.constdata)
 <LI><a href="#[65]">DispPbClose</a> from flowbill.o(i.DispPbClose) referenced from flowbill.o(.constdata)
 <LI><a href="#[66]">DispPbOpen</a> from flowbill.o(i.DispPbOpen) referenced from flowbill.o(.constdata)
 <LI><a href="#[67]">DispPbTransTo</a> from flowbill.o(i.DispPbTransTo) referenced from flowbill.o(.constdata)
 <LI><a href="#[58]">DispPercentDisc</a> from flowbill.o(i.DispPercentDisc) referenced from flowbill.o(.constdata)
 <LI><a href="#[52]">DispPlu</a> from flowbill.o(i.DispPlu) referenced from flowbill.o(.constdata)
 <LI><a href="#[68]">DispPoRa</a> from flowbill.o(i.DispPoRa) referenced from flowbill.o(.constdata)
 <LI><a href="#[5f]">DispRPEnd</a> from flowbill.o(i.DispRPEnd) referenced from flowbill.o(.constdata)
 <LI><a href="#[61]">DispRefreshIC</a> from flowbill.o(i.DispRefreshIC) referenced from flowbill.o(.constdata)
 <LI><a href="#[62]">DispSetPrice</a> from flowbill.o(i.DispSetPrice) referenced from flowbill.o(.constdata)
 <LI><a href="#[5b]">DispSubTotalDirDisc</a> from flowbill.o(i.DispSubTotalDirDisc) referenced from flowbill.o(.constdata)
 <LI><a href="#[59]">DispSubTotalDisc</a> from flowbill.o(i.DispSubTotalDisc) referenced from flowbill.o(.constdata)
 <LI><a href="#[5d]">DispSubTotals</a> from flowbill.o(i.DispSubTotals) referenced from flowbill.o(.constdata)
 <LI><a href="#[69]">DispTAX</a> from flowbill.o(i.DispTAX) referenced from flowbill.o(.constdata)
 <LI><a href="#[56]">DispTender</a> from flowbill.o(i.DispTender) referenced from flowbill.o(.constdata)
 <LI><a href="#[6a]">DispVAT</a> from flowbill.o(i.DispVAT) referenced from flowbill.o(.constdata)
 <LI><a href="#[64]">DispVoid</a> from flowbill.o(i.DispVoid) referenced from flowbill.o(.constdata)
 <LI><a href="#[6b]">DispZERO</a> from flowbill.o(i.DispZERO) referenced from flowbill.o(.constdata)
 <LI><a href="#[4c]">DisplayChar</a> from chndisp.o(i.DisplayChar) referenced from monitor.o(i.InitMonitor)
 <LI><a href="#[4a]">DisplayRecNo</a> from firmkey.o(i.DisplayRecNo) referenced from firmkey.o(i.CheckFirmKey)
 <LI><a href="#[49]">DisplaySetup</a> from firmkey.o(i.DisplaySetup) referenced 2 times from firmkey.o(i.CheckFirmKey)
 <LI><a href="#[49]">DisplaySetup</a> from firmkey.o(i.DisplaySetup) referenced from firmkey.o(i.DisplaySetup1stMenu)
 <LI><a href="#[49]">DisplaySetup</a> from firmkey.o(i.DisplaySetup) referenced from report2.o(i.DisplayXZMenu)
 <LI><a href="#[10]">EXTI0_IRQHandler</a> from startup_stm32f10x_hd.o(.text) referenced from startup_stm32f10x_hd.o(RESET)
 <LI><a href="#[32]">EXTI15_10_IRQHandler</a> from startup_stm32f10x_hd.o(.text) referenced from startup_stm32f10x_hd.o(RESET)
 <LI><a href="#[11]">EXTI1_IRQHandler</a> from startup_stm32f10x_hd.o(.text) referenced from startup_stm32f10x_hd.o(RESET)
 <LI><a href="#[12]">EXTI2_IRQHandler</a> from stm32f10x_it.o(i.EXTI2_IRQHandler) referenced from startup_stm32f10x_hd.o(RESET)
 <LI><a href="#[13]">EXTI3_IRQHandler</a> from startup_stm32f10x_hd.o(.text) referenced from startup_stm32f10x_hd.o(RESET)
 <LI><a href="#[14]">EXTI4_IRQHandler</a> from startup_stm32f10x_hd.o(.text) referenced from startup_stm32f10x_hd.o(RESET)
 <LI><a href="#[21]">EXTI9_5_IRQHandler</a> from stm32f10x_it.o(i.EXTI9_5_IRQHandler) referenced from startup_stm32f10x_hd.o(RESET)
 <LI><a href="#[e]">FLASH_IRQHandler</a> from startup_stm32f10x_hd.o(.text) referenced from startup_stm32f10x_hd.o(RESET)
 <LI><a href="#[3a]">FSMC_IRQHandler</a> from startup_stm32f10x_hd.o(.text) referenced from startup_stm32f10x_hd.o(RESET)
 <LI><a href="#[2]">HardFault_Handler</a> from stm32f10x_it.o(i.HardFault_Handler) referenced from startup_stm32f10x_hd.o(RESET)
 <LI><a href="#[2a]">I2C1_ER_IRQHandler</a> from startup_stm32f10x_hd.o(.text) referenced from startup_stm32f10x_hd.o(RESET)
 <LI><a href="#[29]">I2C1_EV_IRQHandler</a> from startup_stm32f10x_hd.o(.text) referenced from startup_stm32f10x_hd.o(RESET)
 <LI><a href="#[2c]">I2C2_ER_IRQHandler</a> from startup_stm32f10x_hd.o(.text) referenced from startup_stm32f10x_hd.o(RESET)
 <LI><a href="#[2b]">I2C2_EV_IRQHandler</a> from startup_stm32f10x_hd.o(.text) referenced from startup_stm32f10x_hd.o(RESET)
 <LI><a href="#[78]">ListICBlock</a> from iccardblock.o(i.ListICBlock) referenced from menu.o(.constdata)
 <LI><a href="#[3]">MemManage_Handler</a> from stm32f10x_it.o(i.MemManage_Handler) referenced from startup_stm32f10x_hd.o(RESET)
 <LI><a href="#[1]">NMI_Handler</a> from stm32f10x_it.o(i.NMI_Handler) referenced from startup_stm32f10x_hd.o(RESET)
 <LI><a href="#[85]">NewProgSysFlag</a> from program.o(i.NewProgSysFlag) referenced from menu.o(.constdata)
 <LI><a href="#[b]">PVD_IRQHandler</a> from startup_stm32f10x_hd.o(.text) referenced from startup_stm32f10x_hd.o(RESET)
 <LI><a href="#[8]">PendSV_Handler</a> from stm32f10x_it.o(i.PendSV_Handler) referenced from startup_stm32f10x_hd.o(RESET)
 <LI><a href="#[f]">RCC_IRQHandler</a> from startup_stm32f10x_hd.o(.text) referenced from startup_stm32f10x_hd.o(RESET)
 <LI><a href="#[33]">RTCAlarm_IRQHandler</a> from startup_stm32f10x_hd.o(.text) referenced from startup_stm32f10x_hd.o(RESET)
 <LI><a href="#[d]">RTC_IRQHandler</a> from startup_stm32f10x_hd.o(.text) referenced from startup_stm32f10x_hd.o(RESET)
 <LI><a href="#[83]">ReadClerk</a> from clerk.o(i.ReadClerk) referenced from menu.o(.constdata)
 <LI><a href="#[73]">ReadCorrec</a> from correc.o(i.ReadCorrec) referenced from menu.o(.constdata)
 <LI><a href="#[75]">ReadCurr</a> from currency.o(i.ReadCurr) referenced from menu.o(.constdata)
 <LI><a href="#[6d]">ReadDept</a> from depart.o(i.ReadDept) referenced from menu.o(.constdata)
 <LI><a href="#[71]">ReadDisc</a> from discount.o(i.ReadDisc) referenced from menu.o(.constdata)
 <LI><a href="#[76]">ReadDrawer</a> from drawer.o(i.ReadDrawer) referenced from menu.o(.constdata)
 <LI><a href="#[84]">ReadFlagsList</a> from extmodules.o(i.ReadFlagsList) referenced from menu.o(.constdata)
 <LI><a href="#[86]">ReadFromMsg</a> from menu.o(i.ReadFromMsg) referenced 8 times from menu.o(.constdata)
 <LI><a href="#[8a]">ReadFuncLook</a> from extmodules.o(i.ReadFuncLook) referenced from menu.o(.constdata)
 <LI><a href="#[7c]">ReadGraphic</a> from extmodules.o(i.ReadGraphic) referenced from menu.o(.constdata)
 <LI><a href="#[6c]">ReadGroup</a> from group.o(i.ReadGroup) referenced from menu.o(.constdata)
 <LI><a href="#[79]">ReadHeader</a> from extmodules.o(i.ReadHeader) referenced from menu.o(.constdata)
 <LI><a href="#[6f]">ReadKP</a> from kp.o(i.ReadKP) referenced from menu.o(.constdata)
 <LI><a href="#[87]">ReadKeyDesList</a> from extmodules.o(i.ReadKeyDesList) referenced from menu.o(.constdata)
 <LI><a href="#[89]">ReadKeyMacro</a> from extmodules.o(i.ReadKeyMacro) referenced from menu.o(.constdata)
 <LI><a href="#[82]">ReadModi</a> from modifier.o(i.ReadModi) referenced from menu.o(.constdata)
 <LI><a href="#[88]">ReadNumric</a> from extmodules.o(i.ReadNumric) referenced from menu.o(.constdata)
 <LI><a href="#[70]">ReadOFFPrice</a> from offprice.o(i.ReadOFFPrice) referenced from menu.o(.constdata)
 <LI><a href="#[80]">ReadPBTable</a> from pb.o(i.ReadPBTable) referenced from menu.o(.constdata)
 <LI><a href="#[81]">ReadPbF</a> from pb.o(i.ReadPbF) referenced from menu.o(.constdata)
 <LI><a href="#[6e]">ReadPlu</a> from plu.o(i.ReadPlu) referenced from menu.o(.constdata)
 <LI><a href="#[8b]">ReadPluStock</a> from plu.o(i.ReadPluStock) referenced from menu.o(.constdata)
 <LI><a href="#[72]">ReadPoRa</a> from pora.o(i.ReadPoRa) referenced from menu.o(.constdata)
 <LI><a href="#[7e]">ReadRepUnit</a> from extmodules.o(i.ReadRepUnit) referenced from menu.o(.constdata)
 <LI><a href="#[7b]">ReadSlipHeader</a> from extmodules.o(i.ReadSlipHeader) referenced from menu.o(.constdata)
 <LI><a href="#[77]">ReadTax</a> from tax.o(i.ReadTax) referenced from menu.o(.constdata)
 <LI><a href="#[74]">ReadTender</a> from tender.o(i.ReadTender) referenced from menu.o(.constdata)
 <LI><a href="#[7a]">ReadTrail</a> from extmodules.o(i.ReadTrail) referenced from menu.o(.constdata)
 <LI><a href="#[7d]">ReadXZReport</a> from extmodules.o(i.ReadXZReport) referenced from menu.o(.constdata)
 <LI><a href="#[7f]">ReadZone</a> from extmodules.o(i.ReadZone) referenced from menu.o(.constdata)
 <LI><a href="#[0]">Reset_Handler</a> from startup_stm32f10x_hd.o(.text) referenced from startup_stm32f10x_hd.o(RESET)
 <LI><a href="#[3b]">SDIO_IRQHandler</a> from stm32f10x_it.o(i.SDIO_IRQHandler) referenced from startup_stm32f10x_hd.o(RESET)
 <LI><a href="#[2d]">SPI1_IRQHandler</a> from startup_stm32f10x_hd.o(.text) referenced from startup_stm32f10x_hd.o(RESET)
 <LI><a href="#[2e]">SPI2_IRQHandler</a> from startup_stm32f10x_hd.o(.text) referenced from startup_stm32f10x_hd.o(RESET)
 <LI><a href="#[3d]">SPI3_IRQHandler</a> from startup_stm32f10x_hd.o(.text) referenced from startup_stm32f10x_hd.o(RESET)
 <LI><a href="#[6]">SVC_Handler</a> from stm32f10x_it.o(i.SVC_Handler) referenced from startup_stm32f10x_hd.o(RESET)
 <LI><a href="#[9]">SysTick_Handler</a> from stm32f10x_it.o(i.SysTick_Handler) referenced from startup_stm32f10x_hd.o(RESET)
 <LI><a href="#[47]">SystemInit</a> from system_stm32f10x.o(i.SystemInit) referenced from startup_stm32f10x_hd.o(.text)
 <LI><a href="#[c]">TAMPER_IRQHandler</a> from startup_stm32f10x_hd.o(.text) referenced from startup_stm32f10x_hd.o(RESET)
 <LI><a href="#[22]">TIM1_BRK_IRQHandler</a> from startup_stm32f10x_hd.o(.text) referenced from startup_stm32f10x_hd.o(RESET)
 <LI><a href="#[25]">TIM1_CC_IRQHandler</a> from startup_stm32f10x_hd.o(.text) referenced from startup_stm32f10x_hd.o(RESET)
 <LI><a href="#[24]">TIM1_TRG_COM_IRQHandler</a> from startup_stm32f10x_hd.o(.text) referenced from startup_stm32f10x_hd.o(RESET)
 <LI><a href="#[23]">TIM1_UP_IRQHandler</a> from startup_stm32f10x_hd.o(.text) referenced from startup_stm32f10x_hd.o(RESET)
 <LI><a href="#[26]">TIM2_IRQHandler</a> from startup_stm32f10x_hd.o(.text) referenced from startup_stm32f10x_hd.o(RESET)
 <LI><a href="#[27]">TIM3_IRQHandler</a> from startup_stm32f10x_hd.o(.text) referenced from startup_stm32f10x_hd.o(RESET)
 <LI><a href="#[28]">TIM4_IRQHandler</a> from startup_stm32f10x_hd.o(.text) referenced from startup_stm32f10x_hd.o(RESET)
 <LI><a href="#[3c]">TIM5_IRQHandler</a> from startup_stm32f10x_hd.o(.text) referenced from startup_stm32f10x_hd.o(RESET)
 <LI><a href="#[40]">TIM6_IRQHandler</a> from led_customer.o(i.TIM6_IRQHandler) referenced from startup_stm32f10x_hd.o(RESET)
 <LI><a href="#[41]">TIM7_IRQHandler</a> from keyboard.o(i.TIM7_IRQHandler) referenced from startup_stm32f10x_hd.o(RESET)
 <LI><a href="#[35]">TIM8_BRK_IRQHandler</a> from startup_stm32f10x_hd.o(.text) referenced from startup_stm32f10x_hd.o(RESET)
 <LI><a href="#[38]">TIM8_CC_IRQHandler</a> from startup_stm32f10x_hd.o(.text) referenced from startup_stm32f10x_hd.o(RESET)
 <LI><a href="#[37]">TIM8_TRG_COM_IRQHandler</a> from startup_stm32f10x_hd.o(.text) referenced from startup_stm32f10x_hd.o(RESET)
 <LI><a href="#[36]">TIM8_UP_IRQHandler</a> from startup_stm32f10x_hd.o(.text) referenced from startup_stm32f10x_hd.o(RESET)
 <LI><a href="#[3e]">UART4_IRQHandler</a> from startup_stm32f10x_hd.o(.text) referenced from startup_stm32f10x_hd.o(RESET)
 <LI><a href="#[3f]">UART5_IRQHandler</a> from startup_stm32f10x_hd.o(.text) referenced from startup_stm32f10x_hd.o(RESET)
 <LI><a href="#[4b]">UART_GetChar</a> from usart.o(i.UART_GetChar) referenced from monitor.o(i.InitMonitor)
 <LI><a href="#[4d]">UART_PutChar</a> from usart.o(i.UART_PutChar) referenced from monitor.o(i.InitMonitor)
 <LI><a href="#[2f]">USART1_IRQHandler</a> from stm32f10x_it.o(i.USART1_IRQHandler) referenced from startup_stm32f10x_hd.o(RESET)
 <LI><a href="#[30]">USART2_IRQHandler</a> from stm32f10x_it.o(i.USART2_IRQHandler) referenced from startup_stm32f10x_hd.o(RESET)
 <LI><a href="#[31]">USART3_IRQHandler</a> from stm32f10x_it.o(i.USART3_IRQHandler) referenced from startup_stm32f10x_hd.o(RESET)
 <LI><a href="#[34]">USBWakeUp_IRQHandler</a> from stm32f10x_it.o(i.USBWakeUp_IRQHandler) referenced from startup_stm32f10x_hd.o(RESET)
 <LI><a href="#[1d]">USB_HP_CAN1_TX_IRQHandler</a> from startup_stm32f10x_hd.o(.text) referenced from startup_stm32f10x_hd.o(RESET)
 <LI><a href="#[1e]">USB_LP_CAN1_RX0_IRQHandler</a> from stm32f10x_it.o(i.USB_LP_CAN1_RX0_IRQHandler) referenced from startup_stm32f10x_hd.o(RESET)
 <LI><a href="#[5]">UsageFault_Handler</a> from stm32f10x_it.o(i.UsageFault_Handler) referenced from startup_stm32f10x_hd.o(RESET)
 <LI><a href="#[a]">WWDG_IRQHandler</a> from startup_stm32f10x_hd.o(.text) referenced from startup_stm32f10x_hd.o(RESET)
 <LI><a href="#[48]">__main</a> from entry.o(.ARM.Collect$$$$00000000) referenced from startup_stm32f10x_hd.o(.text)
 <LI><a href="#[4e]">_sputc</a> from printf8.o(i._sputc) referenced from printf8.o(i.__0sprintf$8)
 <LI><a href="#[4f]">_sputc</a> from printfa.o(i._sputc) referenced from printfa.o(i.__0vsprintf)
 <LI><a href="#[46]">main</a> from main.o(i.main) referenced from entry9a.o(.ARM.Collect$$$$0000000B)
</UL>
<P>
<H3>
Global Symbols
</H3>
<P><STRONG><a name="[48]"></a>__main</STRONG> (Thumb, 0 bytes, Stack size unknown bytes, entry.o(.ARM.Collect$$$$00000000))
<BR>[Address Reference Count : 1]<UL><LI> startup_stm32f10x_hd.o(.text)
</UL>
<P><STRONG><a name="[3c2]"></a>_main_stk</STRONG> (Thumb, 0 bytes, Stack size unknown bytes, entry2.o(.ARM.Collect$$$$00000001))

<P><STRONG><a name="[8c]"></a>_main_scatterload</STRONG> (Thumb, 0 bytes, Stack size unknown bytes, entry5.o(.ARM.Collect$$$$00000004))
<BR><BR>[Calls]<UL><LI><a href="#[8d]">&gt;&gt;</a>&nbsp;&nbsp;&nbsp;__scatterload
</UL>

<P><STRONG><a name="[a2]"></a>__main_after_scatterload</STRONG> (Thumb, 0 bytes, Stack size unknown bytes, entry5.o(.ARM.Collect$$$$00000004))
<BR><BR>[Called By]<UL><LI><a href="#[8d]">&gt;&gt;</a>&nbsp;&nbsp;&nbsp;__scatterload
</UL>

<P><STRONG><a name="[3c3]"></a>_main_clock</STRONG> (Thumb, 0 bytes, Stack size unknown bytes, entry7b.o(.ARM.Collect$$$$00000008))

<P><STRONG><a name="[3c4]"></a>_main_cpp_init</STRONG> (Thumb, 0 bytes, Stack size unknown bytes, entry8b.o(.ARM.Collect$$$$0000000A))

<P><STRONG><a name="[3c5]"></a>_main_init</STRONG> (Thumb, 0 bytes, Stack size unknown bytes, entry9a.o(.ARM.Collect$$$$0000000B))

<P><STRONG><a name="[3c6]"></a>__rt_final_cpp</STRONG> (Thumb, 0 bytes, Stack size unknown bytes, entry10a.o(.ARM.Collect$$$$0000000D))

<P><STRONG><a name="[3c7]"></a>__rt_final_exit</STRONG> (Thumb, 0 bytes, Stack size unknown bytes, entry11a.o(.ARM.Collect$$$$0000000F))

<P><STRONG><a name="[0]"></a>Reset_Handler</STRONG> (Thumb, 8 bytes, Stack size 0 bytes, startup_stm32f10x_hd.o(.text))
<BR>[Address Reference Count : 1]<UL><LI> startup_stm32f10x_hd.o(RESET)
</UL>
<P><STRONG><a name="[1c]"></a>ADC1_2_IRQHandler</STRONG> (Thumb, 0 bytes, Stack size 0 bytes, startup_stm32f10x_hd.o(.text))
<BR><BR>[Calls]<UL><LI><a href="#[1c]">&gt;&gt;</a>&nbsp;&nbsp;&nbsp;ADC1_2_IRQHandler
</UL>
<BR>[Called By]<UL><LI><a href="#[1c]">&gt;&gt;</a>&nbsp;&nbsp;&nbsp;ADC1_2_IRQHandler
</UL>
<BR>[Address Reference Count : 1]<UL><LI> startup_stm32f10x_hd.o(RESET)
</UL>
<P><STRONG><a name="[39]"></a>ADC3_IRQHandler</STRONG> (Thumb, 0 bytes, Stack size 0 bytes, startup_stm32f10x_hd.o(.text))
<BR>[Address Reference Count : 1]<UL><LI> startup_stm32f10x_hd.o(RESET)
</UL>
<P><STRONG><a name="[1f]"></a>CAN1_RX1_IRQHandler</STRONG> (Thumb, 0 bytes, Stack size 0 bytes, startup_stm32f10x_hd.o(.text))
<BR>[Address Reference Count : 1]<UL><LI> startup_stm32f10x_hd.o(RESET)
</UL>
<P><STRONG><a name="[20]"></a>CAN1_SCE_IRQHandler</STRONG> (Thumb, 0 bytes, Stack size 0 bytes, startup_stm32f10x_hd.o(.text))
<BR>[Address Reference Count : 1]<UL><LI> startup_stm32f10x_hd.o(RESET)
</UL>
<P><STRONG><a name="[15]"></a>DMA1_Channel1_IRQHandler</STRONG> (Thumb, 0 bytes, Stack size 0 bytes, startup_stm32f10x_hd.o(.text))
<BR>[Address Reference Count : 1]<UL><LI> startup_stm32f10x_hd.o(RESET)
</UL>
<P><STRONG><a name="[16]"></a>DMA1_Channel2_IRQHandler</STRONG> (Thumb, 0 bytes, Stack size 0 bytes, startup_stm32f10x_hd.o(.text))
<BR>[Address Reference Count : 1]<UL><LI> startup_stm32f10x_hd.o(RESET)
</UL>
<P><STRONG><a name="[17]"></a>DMA1_Channel3_IRQHandler</STRONG> (Thumb, 0 bytes, Stack size 0 bytes, startup_stm32f10x_hd.o(.text))
<BR>[Address Reference Count : 1]<UL><LI> startup_stm32f10x_hd.o(RESET)
</UL>
<P><STRONG><a name="[18]"></a>DMA1_Channel4_IRQHandler</STRONG> (Thumb, 0 bytes, Stack size 0 bytes, startup_stm32f10x_hd.o(.text))
<BR>[Address Reference Count : 1]<UL><LI> startup_stm32f10x_hd.o(RESET)
</UL>
<P><STRONG><a name="[19]"></a>DMA1_Channel5_IRQHandler</STRONG> (Thumb, 0 bytes, Stack size 0 bytes, startup_stm32f10x_hd.o(.text))
<BR>[Address Reference Count : 1]<UL><LI> startup_stm32f10x_hd.o(RESET)
</UL>
<P><STRONG><a name="[1a]"></a>DMA1_Channel6_IRQHandler</STRONG> (Thumb, 0 bytes, Stack size 0 bytes, startup_stm32f10x_hd.o(.text))
<BR>[Address Reference Count : 1]<UL><LI> startup_stm32f10x_hd.o(RESET)
</UL>
<P><STRONG><a name="[1b]"></a>DMA1_Channel7_IRQHandler</STRONG> (Thumb, 0 bytes, Stack size 0 bytes, startup_stm32f10x_hd.o(.text))
<BR>[Address Reference Count : 1]<UL><LI> startup_stm32f10x_hd.o(RESET)
</UL>
<P><STRONG><a name="[42]"></a>DMA2_Channel1_IRQHandler</STRONG> (Thumb, 0 bytes, Stack size 0 bytes, startup_stm32f10x_hd.o(.text))
<BR>[Address Reference Count : 1]<UL><LI> startup_stm32f10x_hd.o(RESET)
</UL>
<P><STRONG><a name="[43]"></a>DMA2_Channel2_IRQHandler</STRONG> (Thumb, 0 bytes, Stack size 0 bytes, startup_stm32f10x_hd.o(.text))
<BR>[Address Reference Count : 1]<UL><LI> startup_stm32f10x_hd.o(RESET)
</UL>
<P><STRONG><a name="[44]"></a>DMA2_Channel3_IRQHandler</STRONG> (Thumb, 0 bytes, Stack size 0 bytes, startup_stm32f10x_hd.o(.text))
<BR>[Address Reference Count : 1]<UL><LI> startup_stm32f10x_hd.o(RESET)
</UL>
<P><STRONG><a name="[45]"></a>DMA2_Channel4_5_IRQHandler</STRONG> (Thumb, 0 bytes, Stack size 0 bytes, startup_stm32f10x_hd.o(.text))
<BR>[Address Reference Count : 1]<UL><LI> startup_stm32f10x_hd.o(RESET)
</UL>
<P><STRONG><a name="[10]"></a>EXTI0_IRQHandler</STRONG> (Thumb, 0 bytes, Stack size 0 bytes, startup_stm32f10x_hd.o(.text))
<BR>[Address Reference Count : 1]<UL><LI> startup_stm32f10x_hd.o(RESET)
</UL>
<P><STRONG><a name="[32]"></a>EXTI15_10_IRQHandler</STRONG> (Thumb, 0 bytes, Stack size 0 bytes, startup_stm32f10x_hd.o(.text))
<BR>[Address Reference Count : 1]<UL><LI> startup_stm32f10x_hd.o(RESET)
</UL>
<P><STRONG><a name="[11]"></a>EXTI1_IRQHandler</STRONG> (Thumb, 0 bytes, Stack size 0 bytes, startup_stm32f10x_hd.o(.text))
<BR>[Address Reference Count : 1]<UL><LI> startup_stm32f10x_hd.o(RESET)
</UL>
<P><STRONG><a name="[13]"></a>EXTI3_IRQHandler</STRONG> (Thumb, 0 bytes, Stack size 0 bytes, startup_stm32f10x_hd.o(.text))
<BR>[Address Reference Count : 1]<UL><LI> startup_stm32f10x_hd.o(RESET)
</UL>
<P><STRONG><a name="[14]"></a>EXTI4_IRQHandler</STRONG> (Thumb, 0 bytes, Stack size 0 bytes, startup_stm32f10x_hd.o(.text))
<BR>[Address Reference Count : 1]<UL><LI> startup_stm32f10x_hd.o(RESET)
</UL>
<P><STRONG><a name="[e]"></a>FLASH_IRQHandler</STRONG> (Thumb, 0 bytes, Stack size 0 bytes, startup_stm32f10x_hd.o(.text))
<BR>[Address Reference Count : 1]<UL><LI> startup_stm32f10x_hd.o(RESET)
</UL>
<P><STRONG><a name="[3a]"></a>FSMC_IRQHandler</STRONG> (Thumb, 0 bytes, Stack size 0 bytes, startup_stm32f10x_hd.o(.text))
<BR>[Address Reference Count : 1]<UL><LI> startup_stm32f10x_hd.o(RESET)
</UL>
<P><STRONG><a name="[2a]"></a>I2C1_ER_IRQHandler</STRONG> (Thumb, 0 bytes, Stack size 0 bytes, startup_stm32f10x_hd.o(.text))
<BR>[Address Reference Count : 1]<UL><LI> startup_stm32f10x_hd.o(RESET)
</UL>
<P><STRONG><a name="[29]"></a>I2C1_EV_IRQHandler</STRONG> (Thumb, 0 bytes, Stack size 0 bytes, startup_stm32f10x_hd.o(.text))
<BR>[Address Reference Count : 1]<UL><LI> startup_stm32f10x_hd.o(RESET)
</UL>
<P><STRONG><a name="[2c]"></a>I2C2_ER_IRQHandler</STRONG> (Thumb, 0 bytes, Stack size 0 bytes, startup_stm32f10x_hd.o(.text))
<BR>[Address Reference Count : 1]<UL><LI> startup_stm32f10x_hd.o(RESET)
</UL>
<P><STRONG><a name="[2b]"></a>I2C2_EV_IRQHandler</STRONG> (Thumb, 0 bytes, Stack size 0 bytes, startup_stm32f10x_hd.o(.text))
<BR>[Address Reference Count : 1]<UL><LI> startup_stm32f10x_hd.o(RESET)
</UL>
<P><STRONG><a name="[b]"></a>PVD_IRQHandler</STRONG> (Thumb, 0 bytes, Stack size 0 bytes, startup_stm32f10x_hd.o(.text))
<BR>[Address Reference Count : 1]<UL><LI> startup_stm32f10x_hd.o(RESET)
</UL>
<P><STRONG><a name="[f]"></a>RCC_IRQHandler</STRONG> (Thumb, 0 bytes, Stack size 0 bytes, startup_stm32f10x_hd.o(.text))
<BR>[Address Reference Count : 1]<UL><LI> startup_stm32f10x_hd.o(RESET)
</UL>
<P><STRONG><a name="[33]"></a>RTCAlarm_IRQHandler</STRONG> (Thumb, 0 bytes, Stack size 0 bytes, startup_stm32f10x_hd.o(.text))
<BR>[Address Reference Count : 1]<UL><LI> startup_stm32f10x_hd.o(RESET)
</UL>
<P><STRONG><a name="[d]"></a>RTC_IRQHandler</STRONG> (Thumb, 0 bytes, Stack size 0 bytes, startup_stm32f10x_hd.o(.text))
<BR>[Address Reference Count : 1]<UL><LI> startup_stm32f10x_hd.o(RESET)
</UL>
<P><STRONG><a name="[2d]"></a>SPI1_IRQHandler</STRONG> (Thumb, 0 bytes, Stack size 0 bytes, startup_stm32f10x_hd.o(.text))
<BR>[Address Reference Count : 1]<UL><LI> startup_stm32f10x_hd.o(RESET)
</UL>
<P><STRONG><a name="[2e]"></a>SPI2_IRQHandler</STRONG> (Thumb, 0 bytes, Stack size 0 bytes, startup_stm32f10x_hd.o(.text))
<BR>[Address Reference Count : 1]<UL><LI> startup_stm32f10x_hd.o(RESET)
</UL>
<P><STRONG><a name="[3d]"></a>SPI3_IRQHandler</STRONG> (Thumb, 0 bytes, Stack size 0 bytes, startup_stm32f10x_hd.o(.text))
<BR>[Address Reference Count : 1]<UL><LI> startup_stm32f10x_hd.o(RESET)
</UL>
<P><STRONG><a name="[c]"></a>TAMPER_IRQHandler</STRONG> (Thumb, 0 bytes, Stack size 0 bytes, startup_stm32f10x_hd.o(.text))
<BR>[Address Reference Count : 1]<UL><LI> startup_stm32f10x_hd.o(RESET)
</UL>
<P><STRONG><a name="[22]"></a>TIM1_BRK_IRQHandler</STRONG> (Thumb, 0 bytes, Stack size 0 bytes, startup_stm32f10x_hd.o(.text))
<BR>[Address Reference Count : 1]<UL><LI> startup_stm32f10x_hd.o(RESET)
</UL>
<P><STRONG><a name="[25]"></a>TIM1_CC_IRQHandler</STRONG> (Thumb, 0 bytes, Stack size 0 bytes, startup_stm32f10x_hd.o(.text))
<BR>[Address Reference Count : 1]<UL><LI> startup_stm32f10x_hd.o(RESET)
</UL>
<P><STRONG><a name="[24]"></a>TIM1_TRG_COM_IRQHandler</STRONG> (Thumb, 0 bytes, Stack size 0 bytes, startup_stm32f10x_hd.o(.text))
<BR>[Address Reference Count : 1]<UL><LI> startup_stm32f10x_hd.o(RESET)
</UL>
<P><STRONG><a name="[23]"></a>TIM1_UP_IRQHandler</STRONG> (Thumb, 0 bytes, Stack size 0 bytes, startup_stm32f10x_hd.o(.text))
<BR>[Address Reference Count : 1]<UL><LI> startup_stm32f10x_hd.o(RESET)
</UL>
<P><STRONG><a name="[26]"></a>TIM2_IRQHandler</STRONG> (Thumb, 0 bytes, Stack size 0 bytes, startup_stm32f10x_hd.o(.text))
<BR>[Address Reference Count : 1]<UL><LI> startup_stm32f10x_hd.o(RESET)
</UL>
<P><STRONG><a name="[27]"></a>TIM3_IRQHandler</STRONG> (Thumb, 0 bytes, Stack size 0 bytes, startup_stm32f10x_hd.o(.text))
<BR>[Address Reference Count : 1]<UL><LI> startup_stm32f10x_hd.o(RESET)
</UL>
<P><STRONG><a name="[28]"></a>TIM4_IRQHandler</STRONG> (Thumb, 0 bytes, Stack size 0 bytes, startup_stm32f10x_hd.o(.text))
<BR>[Address Reference Count : 1]<UL><LI> startup_stm32f10x_hd.o(RESET)
</UL>
<P><STRONG><a name="[3c]"></a>TIM5_IRQHandler</STRONG> (Thumb, 0 bytes, Stack size 0 bytes, startup_stm32f10x_hd.o(.text))
<BR>[Address Reference Count : 1]<UL><LI> startup_stm32f10x_hd.o(RESET)
</UL>
<P><STRONG><a name="[35]"></a>TIM8_BRK_IRQHandler</STRONG> (Thumb, 0 bytes, Stack size 0 bytes, startup_stm32f10x_hd.o(.text))
<BR>[Address Reference Count : 1]<UL><LI> startup_stm32f10x_hd.o(RESET)
</UL>
<P><STRONG><a name="[38]"></a>TIM8_CC_IRQHandler</STRONG> (Thumb, 0 bytes, Stack size 0 bytes, startup_stm32f10x_hd.o(.text))
<BR>[Address Reference Count : 1]<UL><LI> startup_stm32f10x_hd.o(RESET)
</UL>
<P><STRONG><a name="[37]"></a>TIM8_TRG_COM_IRQHandler</STRONG> (Thumb, 0 bytes, Stack size 0 bytes, startup_stm32f10x_hd.o(.text))
<BR>[Address Reference Count : 1]<UL><LI> startup_stm32f10x_hd.o(RESET)
</UL>
<P><STRONG><a name="[36]"></a>TIM8_UP_IRQHandler</STRONG> (Thumb, 0 bytes, Stack size 0 bytes, startup_stm32f10x_hd.o(.text))
<BR>[Address Reference Count : 1]<UL><LI> startup_stm32f10x_hd.o(RESET)
</UL>
<P><STRONG><a name="[3e]"></a>UART4_IRQHandler</STRONG> (Thumb, 0 bytes, Stack size 0 bytes, startup_stm32f10x_hd.o(.text))
<BR>[Address Reference Count : 1]<UL><LI> startup_stm32f10x_hd.o(RESET)
</UL>
<P><STRONG><a name="[3f]"></a>UART5_IRQHandler</STRONG> (Thumb, 0 bytes, Stack size 0 bytes, startup_stm32f10x_hd.o(.text))
<BR>[Address Reference Count : 1]<UL><LI> startup_stm32f10x_hd.o(RESET)
</UL>
<P><STRONG><a name="[1d]"></a>USB_HP_CAN1_TX_IRQHandler</STRONG> (Thumb, 0 bytes, Stack size 0 bytes, startup_stm32f10x_hd.o(.text))
<BR>[Address Reference Count : 1]<UL><LI> startup_stm32f10x_hd.o(RESET)
</UL>
<P><STRONG><a name="[a]"></a>WWDG_IRQHandler</STRONG> (Thumb, 0 bytes, Stack size 0 bytes, startup_stm32f10x_hd.o(.text))
<BR>[Address Reference Count : 1]<UL><LI> startup_stm32f10x_hd.o(RESET)
</UL>
<P><STRONG><a name="[8e]"></a>__aeabi_uldivmod</STRONG> (Thumb, 98 bytes, Stack size 40 bytes, uldiv.o(.text))
<BR><BR>[Stack]<UL><LI>Max Depth = 40<LI>Call Chain = __aeabi_uldivmod
</UL>
<BR>[Calls]<UL><LI><a href="#[8f]">&gt;&gt;</a>&nbsp;&nbsp;&nbsp;__aeabi_llsr
<LI><a href="#[90]">&gt;&gt;</a>&nbsp;&nbsp;&nbsp;__aeabi_llsl
</UL>
<BR>[Called By]<UL><LI><a href="#[1ed]">&gt;&gt;</a>&nbsp;&nbsp;&nbsp;ULong64toASC
<LI><a href="#[391]">&gt;&gt;</a>&nbsp;&nbsp;&nbsp;_printf_core
<LI><a href="#[392]">&gt;&gt;</a>&nbsp;&nbsp;&nbsp;_fp_digits
<LI><a href="#[38f]">&gt;&gt;</a>&nbsp;&nbsp;&nbsp;_printf_core
</UL>

<P><STRONG><a name="[e3]"></a>__aeabi_memcpy</STRONG> (Thumb, 36 bytes, Stack size 0 bytes, memcpya.o(.text))
<BR><BR>[Called By]<UL><LI><a href="#[354]">&gt;&gt;</a>&nbsp;&nbsp;&nbsp;SRAM_WriteBuffer
<LI><a href="#[33f]">&gt;&gt;</a>&nbsp;&nbsp;&nbsp;SRAM_ReadBuffer
<LI><a href="#[1a8]">&gt;&gt;</a>&nbsp;&nbsp;&nbsp;PutsO
<LI><a href="#[dd]">&gt;&gt;</a>&nbsp;&nbsp;&nbsp;LineEditor
<LI><a href="#[da]">&gt;&gt;</a>&nbsp;&nbsp;&nbsp;ChnInput
<LI><a href="#[17f]">&gt;&gt;</a>&nbsp;&nbsp;&nbsp;CheckInput
<LI><a href="#[176]">&gt;&gt;</a>&nbsp;&nbsp;&nbsp;ScrollScreen
<LI><a href="#[28c]">&gt;&gt;</a>&nbsp;&nbsp;&nbsp;RecallScreen
<LI><a href="#[1f0]">&gt;&gt;</a>&nbsp;&nbsp;&nbsp;DispStr_Right
<LI><a href="#[e6]">&gt;&gt;</a>&nbsp;&nbsp;&nbsp;BackupScreen
<LI><a href="#[33e]">&gt;&gt;</a>&nbsp;&nbsp;&nbsp;ReadPluDept
<LI><a href="#[6e]">&gt;&gt;</a>&nbsp;&nbsp;&nbsp;ReadPlu
<LI><a href="#[2ca]">&gt;&gt;</a>&nbsp;&nbsp;&nbsp;PrintPbKp
<LI><a href="#[2f2]">&gt;&gt;</a>&nbsp;&nbsp;&nbsp;PrintArticle
<LI><a href="#[136]">&gt;&gt;</a>&nbsp;&nbsp;&nbsp;Multiply
<LI><a href="#[2cb]">&gt;&gt;</a>&nbsp;&nbsp;&nbsp;KpHeader
<LI><a href="#[138]">&gt;&gt;</a>&nbsp;&nbsp;&nbsp;Divide
<LI><a href="#[186]">&gt;&gt;</a>&nbsp;&nbsp;&nbsp;CheckMixMatch
<LI><a href="#[140]">&gt;&gt;</a>&nbsp;&nbsp;&nbsp;CalculateTax
<LI><a href="#[13a]">&gt;&gt;</a>&nbsp;&nbsp;&nbsp;CalculateScPwdDisc
<LI><a href="#[13d]">&gt;&gt;</a>&nbsp;&nbsp;&nbsp;StoreInBuffer2
<LI><a href="#[187]">&gt;&gt;</a>&nbsp;&nbsp;&nbsp;StoreInBuffer
<LI><a href="#[321]">&gt;&gt;</a>&nbsp;&nbsp;&nbsp;ProcessDeptRecord
<LI><a href="#[24e]">&gt;&gt;</a>&nbsp;&nbsp;&nbsp;ProcessBuffer
<LI><a href="#[1d1]">&gt;&gt;</a>&nbsp;&nbsp;&nbsp;ProBuf2
<LI><a href="#[31f]">&gt;&gt;</a>&nbsp;&nbsp;&nbsp;ProBuf
<LI><a href="#[133]">&gt;&gt;</a>&nbsp;&nbsp;&nbsp;CalculateNetTax
<LI><a href="#[f0]">&gt;&gt;</a>&nbsp;&nbsp;&nbsp;BarCode
<LI><a href="#[322]">&gt;&gt;</a>&nbsp;&nbsp;&nbsp;Tender
<LI><a href="#[1de]">&gt;&gt;</a>&nbsp;&nbsp;&nbsp;StorePbBuffer
<LI><a href="#[1dd]">&gt;&gt;</a>&nbsp;&nbsp;&nbsp;RegiStart
<LI><a href="#[1ef]">&gt;&gt;</a>&nbsp;&nbsp;&nbsp;DispQtyStr
<LI><a href="#[1cb]">&gt;&gt;</a>&nbsp;&nbsp;&nbsp;ProcessDept
<LI><a href="#[1d4]">&gt;&gt;</a>&nbsp;&nbsp;&nbsp;DispAmtStr
<LI><a href="#[13f]">&gt;&gt;</a>&nbsp;&nbsp;&nbsp;CalculateSubDisc
<LI><a href="#[1d0]">&gt;&gt;</a>&nbsp;&nbsp;&nbsp;TransactionVoid
<LI><a href="#[28e]">&gt;&gt;</a>&nbsp;&nbsp;&nbsp;InitApplication
<LI><a href="#[168]">&gt;&gt;</a>&nbsp;&nbsp;&nbsp;CheckRandomPlu
<LI><a href="#[163]">&gt;&gt;</a>&nbsp;&nbsp;&nbsp;CheckPluFile
<LI><a href="#[db]">&gt;&gt;</a>&nbsp;&nbsp;&nbsp;CheckError
<LI><a href="#[379]">&gt;&gt;</a>&nbsp;&nbsp;&nbsp;TcpRecordToHost
<LI><a href="#[37c]">&gt;&gt;</a>&nbsp;&nbsp;&nbsp;TcpReadZport
<LI><a href="#[367]">&gt;&gt;</a>&nbsp;&nbsp;&nbsp;TcpProcessRecord
<LI><a href="#[376]">&gt;&gt;</a>&nbsp;&nbsp;&nbsp;TcpPluReadZport
<LI><a href="#[2be]">&gt;&gt;</a>&nbsp;&nbsp;&nbsp;WritePort
<LI><a href="#[294]">&gt;&gt;</a>&nbsp;&nbsp;&nbsp;InitTender
<LI><a href="#[29d]">&gt;&gt;</a>&nbsp;&nbsp;&nbsp;InitTax
<LI><a href="#[2a3]">&gt;&gt;</a>&nbsp;&nbsp;&nbsp;InitPort
<LI><a href="#[295]">&gt;&gt;</a>&nbsp;&nbsp;&nbsp;InitPoRa
<LI><a href="#[297]">&gt;&gt;</a>&nbsp;&nbsp;&nbsp;InitPlu
<LI><a href="#[29e]">&gt;&gt;</a>&nbsp;&nbsp;&nbsp;InitPbF
<LI><a href="#[2a2]">&gt;&gt;</a>&nbsp;&nbsp;&nbsp;InitOFFPrice
<LI><a href="#[2a1]">&gt;&gt;</a>&nbsp;&nbsp;&nbsp;InitModifier
<LI><a href="#[299]">&gt;&gt;</a>&nbsp;&nbsp;&nbsp;InitGroup
<LI><a href="#[296]">&gt;&gt;</a>&nbsp;&nbsp;&nbsp;InitDrawer
<LI><a href="#[29c]">&gt;&gt;</a>&nbsp;&nbsp;&nbsp;InitDisc
<LI><a href="#[298]">&gt;&gt;</a>&nbsp;&nbsp;&nbsp;InitDept
<LI><a href="#[29b]">&gt;&gt;</a>&nbsp;&nbsp;&nbsp;InitCurr
<LI><a href="#[29a]">&gt;&gt;</a>&nbsp;&nbsp;&nbsp;InitCorrec
<LI><a href="#[29f]">&gt;&gt;</a>&nbsp;&nbsp;&nbsp;InitClerk
<LI><a href="#[27a]">&gt;&gt;</a>&nbsp;&nbsp;&nbsp;GetString
<LI><a href="#[258]">&gt;&gt;</a>&nbsp;&nbsp;&nbsp;GetBCDValue
<LI><a href="#[333]">&gt;&gt;</a>&nbsp;&nbsp;&nbsp;ReadFactory
<LI><a href="#[230]">&gt;&gt;</a>&nbsp;&nbsp;&nbsp;ReadECRVIPVar
<LI><a href="#[17e]">&gt;&gt;</a>&nbsp;&nbsp;&nbsp;PrintChipCard
<LI><a href="#[2ed]">&gt;&gt;</a>&nbsp;&nbsp;&nbsp;PointsByECRVIP
<LI><a href="#[2ec]">&gt;&gt;</a>&nbsp;&nbsp;&nbsp;PointsByChipCard
<LI><a href="#[2db]">&gt;&gt;</a>&nbsp;&nbsp;&nbsp;MFRToIC
<LI><a href="#[14e]">&gt;&gt;</a>&nbsp;&nbsp;&nbsp;ICToMFR
<LI><a href="#[1f2]">&gt;&gt;</a>&nbsp;&nbsp;&nbsp;DisplayECRVIP
<LI><a href="#[10f]">&gt;&gt;</a>&nbsp;&nbsp;&nbsp;CC_WriteMFR
<LI><a href="#[10d]">&gt;&gt;</a>&nbsp;&nbsp;&nbsp;CC_ReadMFR
<LI><a href="#[1d7]">&gt;&gt;</a>&nbsp;&nbsp;&nbsp;DeCodeProto
<LI><a href="#[28a]">&gt;&gt;</a>&nbsp;&nbsp;&nbsp;PrintConfInf
<LI><a href="#[254]">&gt;&gt;</a>&nbsp;&nbsp;&nbsp;FormPrtConfInf
<LI><a href="#[31d]">&gt;&gt;</a>&nbsp;&nbsp;&nbsp;PrintTotal
<LI><a href="#[240]">&gt;&gt;</a>&nbsp;&nbsp;&nbsp;GetInputByListItems
<LI><a href="#[241]">&gt;&gt;</a>&nbsp;&nbsp;&nbsp;LoadReceipLog
<LI><a href="#[69]">&gt;&gt;</a>&nbsp;&nbsp;&nbsp;DispTAX
<LI><a href="#[61]">&gt;&gt;</a>&nbsp;&nbsp;&nbsp;DispRefreshIC
<LI><a href="#[67]">&gt;&gt;</a>&nbsp;&nbsp;&nbsp;DispPbTransTo
<LI><a href="#[66]">&gt;&gt;</a>&nbsp;&nbsp;&nbsp;DispPbOpen
<LI><a href="#[55]">&gt;&gt;</a>&nbsp;&nbsp;&nbsp;DispOperator
<LI><a href="#[54]">&gt;&gt;</a>&nbsp;&nbsp;&nbsp;DispNonAdd
<LI><a href="#[252]">&gt;&gt;</a>&nbsp;&nbsp;&nbsp;LookPlu
<LI><a href="#[193]">&gt;&gt;</a>&nbsp;&nbsp;&nbsp;ReadPort
<LI><a href="#[178]">&gt;&gt;</a>&nbsp;&nbsp;&nbsp;ProgramDump
<LI><a href="#[224]">&gt;&gt;</a>&nbsp;&nbsp;&nbsp;ProgPLUFields
<LI><a href="#[20d]">&gt;&gt;</a>&nbsp;&nbsp;&nbsp;ProgDate
<LI><a href="#[225]">&gt;&gt;</a>&nbsp;&nbsp;&nbsp;ProgDEPTFields
<LI><a href="#[21a]">&gt;&gt;</a>&nbsp;&nbsp;&nbsp;PrintECRVIP
<LI><a href="#[16d]">&gt;&gt;</a>&nbsp;&nbsp;&nbsp;PrintDept_PLU
<LI><a href="#[20a]">&gt;&gt;</a>&nbsp;&nbsp;&nbsp;GetOpt
<LI><a href="#[49]">&gt;&gt;</a>&nbsp;&nbsp;&nbsp;DisplaySetup
<LI><a href="#[162]">&gt;&gt;</a>&nbsp;&nbsp;&nbsp;DisplayOption
<LI><a href="#[188]">&gt;&gt;</a>&nbsp;&nbsp;&nbsp;CheckMode
<LI><a href="#[de]">&gt;&gt;</a>&nbsp;&nbsp;&nbsp;CheckFirmKey
<LI><a href="#[2dc]">&gt;&gt;</a>&nbsp;&nbsp;&nbsp;SetPassword
<LI><a href="#[1f5]">&gt;&gt;</a>&nbsp;&nbsp;&nbsp;SetKeyboard
<LI><a href="#[84]">&gt;&gt;</a>&nbsp;&nbsp;&nbsp;ReadFlagsList
<LI><a href="#[274]">&gt;&gt;</a>&nbsp;&nbsp;&nbsp;PrintStr_Center
<LI><a href="#[22a]">&gt;&gt;</a>&nbsp;&nbsp;&nbsp;Display_RGBuf
<LI><a href="#[e1]">&gt;&gt;</a>&nbsp;&nbsp;&nbsp;AppendEntry
<LI><a href="#[316]">&gt;&gt;</a>&nbsp;&nbsp;&nbsp;PrintSlipPage
<LI><a href="#[2f0]">&gt;&gt;</a>&nbsp;&nbsp;&nbsp;PrintRegiInfo
<LI><a href="#[2ef]">&gt;&gt;</a>&nbsp;&nbsp;&nbsp;PrintAllons
<LI><a href="#[329]">&gt;&gt;</a>&nbsp;&nbsp;&nbsp;ProcessOnePlu
<LI><a href="#[2e5]">&gt;&gt;</a>&nbsp;&nbsp;&nbsp;UpdatePbRecord
<LI><a href="#[30d]">&gt;&gt;</a>&nbsp;&nbsp;&nbsp;PrintPbItem
<LI><a href="#[2e9]">&gt;&gt;</a>&nbsp;&nbsp;&nbsp;ProcessPbBuffer
<LI><a href="#[26e]">&gt;&gt;</a>&nbsp;&nbsp;&nbsp;GetPbNumber
<LI><a href="#[85]">&gt;&gt;</a>&nbsp;&nbsp;&nbsp;NewProgSysFlag
<LI><a href="#[1dc]">&gt;&gt;</a>&nbsp;&nbsp;&nbsp;DeleteTrailer
<LI><a href="#[1db]">&gt;&gt;</a>&nbsp;&nbsp;&nbsp;DeleteSlipHead
<LI><a href="#[1da]">&gt;&gt;</a>&nbsp;&nbsp;&nbsp;DeleteHeader
<LI><a href="#[2d3]">&gt;&gt;</a>&nbsp;&nbsp;&nbsp;VirtualInputStr
<LI><a href="#[2c4]">&gt;&gt;</a>&nbsp;&nbsp;&nbsp;IssueKp
<LI><a href="#[31b]">&gt;&gt;</a>&nbsp;&nbsp;&nbsp;PrintTender
<LI><a href="#[31c]">&gt;&gt;</a>&nbsp;&nbsp;&nbsp;PrintTax
<LI><a href="#[27c]">&gt;&gt;</a>&nbsp;&nbsp;&nbsp;PrintReportType
<LI><a href="#[2f6]">&gt;&gt;</a>&nbsp;&nbsp;&nbsp;PrintReport
<LI><a href="#[312]">&gt;&gt;</a>&nbsp;&nbsp;&nbsp;PrintPoRa
<LI><a href="#[310]">&gt;&gt;</a>&nbsp;&nbsp;&nbsp;PrintPlu
<LI><a href="#[30b]">&gt;&gt;</a>&nbsp;&nbsp;&nbsp;PrintPbF
<LI><a href="#[30a]">&gt;&gt;</a>&nbsp;&nbsp;&nbsp;PrintPb
<LI><a href="#[307]">&gt;&gt;</a>&nbsp;&nbsp;&nbsp;PrintOpenPb
<LI><a href="#[301]">&gt;&gt;</a>&nbsp;&nbsp;&nbsp;PrintGroup
<LI><a href="#[2ff]">&gt;&gt;</a>&nbsp;&nbsp;&nbsp;PrintDrawer
<LI><a href="#[2fc]">&gt;&gt;</a>&nbsp;&nbsp;&nbsp;PrintDisc
<LI><a href="#[2f9]">&gt;&gt;</a>&nbsp;&nbsp;&nbsp;PrintDept
<LI><a href="#[2f8]">&gt;&gt;</a>&nbsp;&nbsp;&nbsp;PrintCurrency
<LI><a href="#[277]">&gt;&gt;</a>&nbsp;&nbsp;&nbsp;ReportEnd
<LI><a href="#[27b]">&gt;&gt;</a>&nbsp;&nbsp;&nbsp;PrintReportHeader
<LI><a href="#[278]">&gt;&gt;</a>&nbsp;&nbsp;&nbsp;PrintPointType
<LI><a href="#[32c]">&gt;&gt;</a>&nbsp;&nbsp;&nbsp;SelectGraphic
<LI><a href="#[263]">&gt;&gt;</a>&nbsp;&nbsp;&nbsp;GetIP
<LI><a href="#[261]">&gt;&gt;</a>&nbsp;&nbsp;&nbsp;GetHEXValue
<LI><a href="#[23c]">&gt;&gt;</a>&nbsp;&nbsp;&nbsp;Exchange2Port
</UL>

<P><STRONG><a name="[13c]"></a>__aeabi_memcpy4</STRONG> (Thumb, 0 bytes, Stack size 0 bytes, memcpya.o(.text))
<BR><BR>[Called By]<UL><LI><a href="#[13a]">&gt;&gt;</a>&nbsp;&nbsp;&nbsp;CalculateScPwdDisc
<LI><a href="#[187]">&gt;&gt;</a>&nbsp;&nbsp;&nbsp;StoreInBuffer
<LI><a href="#[1d1]">&gt;&gt;</a>&nbsp;&nbsp;&nbsp;ProBuf2
<LI><a href="#[16a]">&gt;&gt;</a>&nbsp;&nbsp;&nbsp;WaitForYesNo
<LI><a href="#[342]">&gt;&gt;</a>&nbsp;&nbsp;&nbsp;WriteGrandTotal
<LI><a href="#[2ac]">&gt;&gt;</a>&nbsp;&nbsp;&nbsp;Restore_Sales_Data
</UL>

<P><STRONG><a name="[3c8]"></a>__aeabi_memcpy8</STRONG> (Thumb, 0 bytes, Stack size 0 bytes, memcpya.o(.text), UNUSED)

<P><STRONG><a name="[92]"></a>__aeabi_memset</STRONG> (Thumb, 14 bytes, Stack size 0 bytes, memseta.o(.text))
<BR><BR>[Called By]<UL><LI><a href="#[d7]">&gt;&gt;</a>&nbsp;&nbsp;&nbsp;mClearScreen
<LI><a href="#[1a8]">&gt;&gt;</a>&nbsp;&nbsp;&nbsp;PutsO
<LI><a href="#[dd]">&gt;&gt;</a>&nbsp;&nbsp;&nbsp;LineEditor
<LI><a href="#[1ac]">&gt;&gt;</a>&nbsp;&nbsp;&nbsp;GetStringCHN
<LI><a href="#[176]">&gt;&gt;</a>&nbsp;&nbsp;&nbsp;ScrollScreen
<LI><a href="#[1f0]">&gt;&gt;</a>&nbsp;&nbsp;&nbsp;DispStr_Right
<LI><a href="#[e2]">&gt;&gt;</a>&nbsp;&nbsp;&nbsp;ClsState12
<LI><a href="#[161]">&gt;&gt;</a>&nbsp;&nbsp;&nbsp;ClsArea
<LI><a href="#[169]">&gt;&gt;</a>&nbsp;&nbsp;&nbsp;ClearLine
<LI><a href="#[2f1]">&gt;&gt;</a>&nbsp;&nbsp;&nbsp;PrintQtyAmt
<LI><a href="#[2ca]">&gt;&gt;</a>&nbsp;&nbsp;&nbsp;PrintPbKp
<LI><a href="#[2f2]">&gt;&gt;</a>&nbsp;&nbsp;&nbsp;PrintArticle
<LI><a href="#[2cb]">&gt;&gt;</a>&nbsp;&nbsp;&nbsp;KpHeader
<LI><a href="#[140]">&gt;&gt;</a>&nbsp;&nbsp;&nbsp;CalculateTax
<LI><a href="#[24e]">&gt;&gt;</a>&nbsp;&nbsp;&nbsp;ProcessBuffer
<LI><a href="#[31f]">&gt;&gt;</a>&nbsp;&nbsp;&nbsp;ProBuf
<LI><a href="#[197]">&gt;&gt;</a>&nbsp;&nbsp;&nbsp;CheckModifier
<LI><a href="#[f2]">&gt;&gt;</a>&nbsp;&nbsp;&nbsp;ClsState2
<LI><a href="#[f3]">&gt;&gt;</a>&nbsp;&nbsp;&nbsp;ClsState1
<LI><a href="#[d6]">&gt;&gt;</a>&nbsp;&nbsp;&nbsp;ClearEntry
<LI><a href="#[322]">&gt;&gt;</a>&nbsp;&nbsp;&nbsp;Tender
<LI><a href="#[1dd]">&gt;&gt;</a>&nbsp;&nbsp;&nbsp;RegiStart
<LI><a href="#[1a1]">&gt;&gt;</a>&nbsp;&nbsp;&nbsp;FormatQtyStr
<LI><a href="#[1ef]">&gt;&gt;</a>&nbsp;&nbsp;&nbsp;DispQtyStr
<LI><a href="#[306]">&gt;&gt;</a>&nbsp;&nbsp;&nbsp;PrintModifiers
<LI><a href="#[1cb]">&gt;&gt;</a>&nbsp;&nbsp;&nbsp;ProcessDept
<LI><a href="#[141]">&gt;&gt;</a>&nbsp;&nbsp;&nbsp;PrintLine
<LI><a href="#[1e0]">&gt;&gt;</a>&nbsp;&nbsp;&nbsp;FormatAmtStr
<LI><a href="#[1d4]">&gt;&gt;</a>&nbsp;&nbsp;&nbsp;DispAmtStr
<LI><a href="#[1cc]">&gt;&gt;</a>&nbsp;&nbsp;&nbsp;Discount
<LI><a href="#[28e]">&gt;&gt;</a>&nbsp;&nbsp;&nbsp;InitApplication
<LI><a href="#[272]">&gt;&gt;</a>&nbsp;&nbsp;&nbsp;GetReport
<LI><a href="#[192]">&gt;&gt;</a>&nbsp;&nbsp;&nbsp;CheckTime
<LI><a href="#[163]">&gt;&gt;</a>&nbsp;&nbsp;&nbsp;CheckPluFile
<LI><a href="#[367]">&gt;&gt;</a>&nbsp;&nbsp;&nbsp;TcpProcessRecord
<LI><a href="#[19a]">&gt;&gt;</a>&nbsp;&nbsp;&nbsp;CheckPWD
<LI><a href="#[29e]">&gt;&gt;</a>&nbsp;&nbsp;&nbsp;InitPbF
<LI><a href="#[27a]">&gt;&gt;</a>&nbsp;&nbsp;&nbsp;GetString
<LI><a href="#[1ab]">&gt;&gt;</a>&nbsp;&nbsp;&nbsp;RD_ChipCard
<LI><a href="#[17e]">&gt;&gt;</a>&nbsp;&nbsp;&nbsp;PrintChipCard
<LI><a href="#[2db]">&gt;&gt;</a>&nbsp;&nbsp;&nbsp;MFRToIC
<LI><a href="#[1f2]">&gt;&gt;</a>&nbsp;&nbsp;&nbsp;DisplayECRVIP
<LI><a href="#[1d9]">&gt;&gt;</a>&nbsp;&nbsp;&nbsp;DecodeDateSelf
<LI><a href="#[1b4]">&gt;&gt;</a>&nbsp;&nbsp;&nbsp;Clear_CHIP
<LI><a href="#[282]">&gt;&gt;</a>&nbsp;&nbsp;&nbsp;TestRomRam
<LI><a href="#[286]">&gt;&gt;</a>&nbsp;&nbsp;&nbsp;TestKeyboard
<LI><a href="#[281]">&gt;&gt;</a>&nbsp;&nbsp;&nbsp;TestDisplay
<LI><a href="#[283]">&gt;&gt;</a>&nbsp;&nbsp;&nbsp;TestDateTime
<LI><a href="#[28b]">&gt;&gt;</a>&nbsp;&nbsp;&nbsp;TestCustomer
<LI><a href="#[28a]">&gt;&gt;</a>&nbsp;&nbsp;&nbsp;PrintConfInf
<LI><a href="#[254]">&gt;&gt;</a>&nbsp;&nbsp;&nbsp;FormPrtConfInf
<LI><a href="#[32f]">&gt;&gt;</a>&nbsp;&nbsp;&nbsp;PromotionBeep
<LI><a href="#[31d]">&gt;&gt;</a>&nbsp;&nbsp;&nbsp;PrintTotal
<LI><a href="#[257]">&gt;&gt;</a>&nbsp;&nbsp;&nbsp;FormatStrQtyPriAmt
<LI><a href="#[1e7]">&gt;&gt;</a>&nbsp;&nbsp;&nbsp;PrintFlowQtyAmt
<LI><a href="#[6b]">&gt;&gt;</a>&nbsp;&nbsp;&nbsp;DispZERO
<LI><a href="#[6a]">&gt;&gt;</a>&nbsp;&nbsp;&nbsp;DispVAT
<LI><a href="#[69]">&gt;&gt;</a>&nbsp;&nbsp;&nbsp;DispTAX
<LI><a href="#[59]">&gt;&gt;</a>&nbsp;&nbsp;&nbsp;DispSubTotalDisc
<LI><a href="#[5b]">&gt;&gt;</a>&nbsp;&nbsp;&nbsp;DispSubTotalDirDisc
<LI><a href="#[61]">&gt;&gt;</a>&nbsp;&nbsp;&nbsp;DispRefreshIC
<LI><a href="#[58]">&gt;&gt;</a>&nbsp;&nbsp;&nbsp;DispPercentDisc
<LI><a href="#[66]">&gt;&gt;</a>&nbsp;&nbsp;&nbsp;DispPbOpen
<LI><a href="#[55]">&gt;&gt;</a>&nbsp;&nbsp;&nbsp;DispOperator
<LI><a href="#[54]">&gt;&gt;</a>&nbsp;&nbsp;&nbsp;DispNonAdd
<LI><a href="#[5c]">&gt;&gt;</a>&nbsp;&nbsp;&nbsp;DispNew
<LI><a href="#[5a]">&gt;&gt;</a>&nbsp;&nbsp;&nbsp;DispDirectDisc
<LI><a href="#[1e6]">&gt;&gt;</a>&nbsp;&nbsp;&nbsp;DispDateRecNo
<LI><a href="#[178]">&gt;&gt;</a>&nbsp;&nbsp;&nbsp;ProgramDump
<LI><a href="#[20e]">&gt;&gt;</a>&nbsp;&nbsp;&nbsp;ProgTime
<LI><a href="#[21f]">&gt;&gt;</a>&nbsp;&nbsp;&nbsp;ProgInitialChip
<LI><a href="#[222]">&gt;&gt;</a>&nbsp;&nbsp;&nbsp;ProgIP
<LI><a href="#[219]">&gt;&gt;</a>&nbsp;&nbsp;&nbsp;ProgICBlock
<LI><a href="#[20d]">&gt;&gt;</a>&nbsp;&nbsp;&nbsp;ProgDate
<LI><a href="#[16f]">&gt;&gt;</a>&nbsp;&nbsp;&nbsp;PrintXZMenu
<LI><a href="#[170]">&gt;&gt;</a>&nbsp;&nbsp;&nbsp;PrintMGMenu
<LI><a href="#[2f3]">&gt;&gt;</a>&nbsp;&nbsp;&nbsp;PrintLine2
<LI><a href="#[21a]">&gt;&gt;</a>&nbsp;&nbsp;&nbsp;PrintECRVIP
<LI><a href="#[16d]">&gt;&gt;</a>&nbsp;&nbsp;&nbsp;PrintDept_PLU
<LI><a href="#[174]">&gt;&gt;</a>&nbsp;&nbsp;&nbsp;HardTest
<LI><a href="#[20a]">&gt;&gt;</a>&nbsp;&nbsp;&nbsp;GetOpt
<LI><a href="#[16e]">&gt;&gt;</a>&nbsp;&nbsp;&nbsp;PrintSetupMenu
<LI><a href="#[266]">&gt;&gt;</a>&nbsp;&nbsp;&nbsp;GetInputForMenu
<LI><a href="#[49]">&gt;&gt;</a>&nbsp;&nbsp;&nbsp;DisplaySetup
<LI><a href="#[162]">&gt;&gt;</a>&nbsp;&nbsp;&nbsp;DisplayOption
<LI><a href="#[188]">&gt;&gt;</a>&nbsp;&nbsp;&nbsp;CheckMode
<LI><a href="#[2dc]">&gt;&gt;</a>&nbsp;&nbsp;&nbsp;SetPassword
<LI><a href="#[1f5]">&gt;&gt;</a>&nbsp;&nbsp;&nbsp;SetKeyboard
<LI><a href="#[84]">&gt;&gt;</a>&nbsp;&nbsp;&nbsp;ReadFlagsList
<LI><a href="#[274]">&gt;&gt;</a>&nbsp;&nbsp;&nbsp;PrintStr_Center
<LI><a href="#[21b]">&gt;&gt;</a>&nbsp;&nbsp;&nbsp;PrintKeyboard
<LI><a href="#[23e]">&gt;&gt;</a>&nbsp;&nbsp;&nbsp;GetStrFrKBD
<LI><a href="#[22a]">&gt;&gt;</a>&nbsp;&nbsp;&nbsp;Display_RGBuf
<LI><a href="#[154]">&gt;&gt;</a>&nbsp;&nbsp;&nbsp;DisplayDecXY
<LI><a href="#[e1]">&gt;&gt;</a>&nbsp;&nbsp;&nbsp;AppendEntry
<LI><a href="#[270]">&gt;&gt;</a>&nbsp;&nbsp;&nbsp;GetPortRate
<LI><a href="#[25f]">&gt;&gt;</a>&nbsp;&nbsp;&nbsp;GetDevicePort
<LI><a href="#[316]">&gt;&gt;</a>&nbsp;&nbsp;&nbsp;PrintSlipPage
<LI><a href="#[2f0]">&gt;&gt;</a>&nbsp;&nbsp;&nbsp;PrintRegiInfo
<LI><a href="#[2ef]">&gt;&gt;</a>&nbsp;&nbsp;&nbsp;PrintAllons
<LI><a href="#[329]">&gt;&gt;</a>&nbsp;&nbsp;&nbsp;ProcessOnePlu
<LI><a href="#[30d]">&gt;&gt;</a>&nbsp;&nbsp;&nbsp;PrintPbItem
<LI><a href="#[276]">&gt;&gt;</a>&nbsp;&nbsp;&nbsp;StorePbInvoice
<LI><a href="#[269]">&gt;&gt;</a>&nbsp;&nbsp;&nbsp;GetModifier
<LI><a href="#[2c4]">&gt;&gt;</a>&nbsp;&nbsp;&nbsp;IssueKp
<LI><a href="#[27c]">&gt;&gt;</a>&nbsp;&nbsp;&nbsp;PrintReportType
<LI><a href="#[2f6]">&gt;&gt;</a>&nbsp;&nbsp;&nbsp;PrintReport
<LI><a href="#[309]">&gt;&gt;</a>&nbsp;&nbsp;&nbsp;PrintRange
<LI><a href="#[310]">&gt;&gt;</a>&nbsp;&nbsp;&nbsp;PrintPlu
<LI><a href="#[2f9]">&gt;&gt;</a>&nbsp;&nbsp;&nbsp;PrintDept
<LI><a href="#[277]">&gt;&gt;</a>&nbsp;&nbsp;&nbsp;ReportEnd
<LI><a href="#[278]">&gt;&gt;</a>&nbsp;&nbsp;&nbsp;PrintPointType
<LI><a href="#[263]">&gt;&gt;</a>&nbsp;&nbsp;&nbsp;GetIP
<LI><a href="#[261]">&gt;&gt;</a>&nbsp;&nbsp;&nbsp;GetHEXValue
<LI><a href="#[93]">&gt;&gt;</a>&nbsp;&nbsp;&nbsp;_memset$wrapper
<LI><a href="#[91]">&gt;&gt;</a>&nbsp;&nbsp;&nbsp;__aeabi_memclr
</UL>

<P><STRONG><a name="[3c9]"></a>__aeabi_memset4</STRONG> (Thumb, 0 bytes, Stack size 0 bytes, memseta.o(.text), UNUSED)

<P><STRONG><a name="[3ca]"></a>__aeabi_memset8</STRONG> (Thumb, 0 bytes, Stack size 0 bytes, memseta.o(.text), UNUSED)

<P><STRONG><a name="[91]"></a>__aeabi_memclr</STRONG> (Thumb, 4 bytes, Stack size 0 bytes, memseta.o(.text))
<BR><BR>[Calls]<UL><LI><a href="#[92]">&gt;&gt;</a>&nbsp;&nbsp;&nbsp;__aeabi_memset
</UL>
<BR>[Called By]<UL><LI><a href="#[d7]">&gt;&gt;</a>&nbsp;&nbsp;&nbsp;mClearScreen
<LI><a href="#[d4]">&gt;&gt;</a>&nbsp;&nbsp;&nbsp;Subtract
<LI><a href="#[18e]">&gt;&gt;</a>&nbsp;&nbsp;&nbsp;PbTotal
<LI><a href="#[136]">&gt;&gt;</a>&nbsp;&nbsp;&nbsp;Multiply
<LI><a href="#[138]">&gt;&gt;</a>&nbsp;&nbsp;&nbsp;Divide
<LI><a href="#[134]">&gt;&gt;</a>&nbsp;&nbsp;&nbsp;CompareBCD
<LI><a href="#[ad]">&gt;&gt;</a>&nbsp;&nbsp;&nbsp;Add
<LI><a href="#[f5]">&gt;&gt;</a>&nbsp;&nbsp;&nbsp;BcdDiv10
<LI><a href="#[1d0]">&gt;&gt;</a>&nbsp;&nbsp;&nbsp;TransactionVoid
<LI><a href="#[d2]">&gt;&gt;</a>&nbsp;&nbsp;&nbsp;ReadTotal
<LI><a href="#[2a9]">&gt;&gt;</a>&nbsp;&nbsp;&nbsp;Init_Flow
<LI><a href="#[28e]">&gt;&gt;</a>&nbsp;&nbsp;&nbsp;InitApplication
<LI><a href="#[272]">&gt;&gt;</a>&nbsp;&nbsp;&nbsp;GetReport
<LI><a href="#[16b]">&gt;&gt;</a>&nbsp;&nbsp;&nbsp;ClearAllReport
<LI><a href="#[168]">&gt;&gt;</a>&nbsp;&nbsp;&nbsp;CheckRandomPlu
<LI><a href="#[163]">&gt;&gt;</a>&nbsp;&nbsp;&nbsp;CheckPluFile
<LI><a href="#[367]">&gt;&gt;</a>&nbsp;&nbsp;&nbsp;TcpProcessRecord
<LI><a href="#[142]">&gt;&gt;</a>&nbsp;&nbsp;&nbsp;Collect_Data
<LI><a href="#[2ad]">&gt;&gt;</a>&nbsp;&nbsp;&nbsp;Recall_ApplRam
<LI><a href="#[293]">&gt;&gt;</a>&nbsp;&nbsp;&nbsp;Initial_DateTime
<LI><a href="#[297]">&gt;&gt;</a>&nbsp;&nbsp;&nbsp;InitPlu
<LI><a href="#[2a6]">&gt;&gt;</a>&nbsp;&nbsp;&nbsp;InitKeyMacro
<LI><a href="#[298]">&gt;&gt;</a>&nbsp;&nbsp;&nbsp;InitDept
<LI><a href="#[1b0]">&gt;&gt;</a>&nbsp;&nbsp;&nbsp;ClearApplMemory
<LI><a href="#[27a]">&gt;&gt;</a>&nbsp;&nbsp;&nbsp;GetString
<LI><a href="#[1ab]">&gt;&gt;</a>&nbsp;&nbsp;&nbsp;RD_ChipCard
<LI><a href="#[2ed]">&gt;&gt;</a>&nbsp;&nbsp;&nbsp;PointsByECRVIP
<LI><a href="#[2ec]">&gt;&gt;</a>&nbsp;&nbsp;&nbsp;PointsByChipCard
<LI><a href="#[2db]">&gt;&gt;</a>&nbsp;&nbsp;&nbsp;MFRToIC
<LI><a href="#[150]">&gt;&gt;</a>&nbsp;&nbsp;&nbsp;EcrBCD2icBCD
<LI><a href="#[10f]">&gt;&gt;</a>&nbsp;&nbsp;&nbsp;CC_WriteMFR
<LI><a href="#[10d]">&gt;&gt;</a>&nbsp;&nbsp;&nbsp;CC_ReadMFR
<LI><a href="#[289]">&gt;&gt;</a>&nbsp;&nbsp;&nbsp;PrintVersion
<LI><a href="#[2e7]">&gt;&gt;</a>&nbsp;&nbsp;&nbsp;RegiInit
<LI><a href="#[2aa]">&gt;&gt;</a>&nbsp;&nbsp;&nbsp;RecallFlowHead
<LI><a href="#[24b]">&gt;&gt;</a>&nbsp;&nbsp;&nbsp;Fixed
<LI><a href="#[21f]">&gt;&gt;</a>&nbsp;&nbsp;&nbsp;ProgInitialChip
<LI><a href="#[16d]">&gt;&gt;</a>&nbsp;&nbsp;&nbsp;PrintDept_PLU
<LI><a href="#[173]">&gt;&gt;</a>&nbsp;&nbsp;&nbsp;ExploreLog
<LI><a href="#[f7]">&gt;&gt;</a>&nbsp;&nbsp;&nbsp;BcdMul10
<LI><a href="#[1a0]">&gt;&gt;</a>&nbsp;&nbsp;&nbsp;WritePlu_At
<LI><a href="#[2e4]">&gt;&gt;</a>&nbsp;&nbsp;&nbsp;PbBuffer
<LI><a href="#[2e9]">&gt;&gt;</a>&nbsp;&nbsp;&nbsp;ProcessPbBuffer
<LI><a href="#[85]">&gt;&gt;</a>&nbsp;&nbsp;&nbsp;NewProgSysFlag
<LI><a href="#[1dc]">&gt;&gt;</a>&nbsp;&nbsp;&nbsp;DeleteTrailer
<LI><a href="#[1db]">&gt;&gt;</a>&nbsp;&nbsp;&nbsp;DeleteSlipHead
<LI><a href="#[1da]">&gt;&gt;</a>&nbsp;&nbsp;&nbsp;DeleteHeader
<LI><a href="#[2e6]">&gt;&gt;</a>&nbsp;&nbsp;&nbsp;PbFunction
<LI><a href="#[2f6]">&gt;&gt;</a>&nbsp;&nbsp;&nbsp;PrintReport
<LI><a href="#[307]">&gt;&gt;</a>&nbsp;&nbsp;&nbsp;PrintOpenPb
<LI><a href="#[1ae]">&gt;&gt;</a>&nbsp;&nbsp;&nbsp;GetSystemReport
</UL>

<P><STRONG><a name="[13b]"></a>__aeabi_memclr4</STRONG> (Thumb, 0 bytes, Stack size 0 bytes, memseta.o(.text))
<BR><BR>[Called By]<UL><LI><a href="#[1b5]">&gt;&gt;</a>&nbsp;&nbsp;&nbsp;ClsXRam
<LI><a href="#[136]">&gt;&gt;</a>&nbsp;&nbsp;&nbsp;Multiply
<LI><a href="#[138]">&gt;&gt;</a>&nbsp;&nbsp;&nbsp;Divide
<LI><a href="#[13a]">&gt;&gt;</a>&nbsp;&nbsp;&nbsp;CalculateScPwdDisc
<LI><a href="#[1dd]">&gt;&gt;</a>&nbsp;&nbsp;&nbsp;RegiStart
<LI><a href="#[13f]">&gt;&gt;</a>&nbsp;&nbsp;&nbsp;CalculateSubDisc
<LI><a href="#[1c7]">&gt;&gt;</a>&nbsp;&nbsp;&nbsp;RFH
<LI><a href="#[1c6]">&gt;&gt;</a>&nbsp;&nbsp;&nbsp;Computer
<LI><a href="#[367]">&gt;&gt;</a>&nbsp;&nbsp;&nbsp;TcpProcessRecord
<LI><a href="#[2ac]">&gt;&gt;</a>&nbsp;&nbsp;&nbsp;Restore_Sales_Data
<LI><a href="#[23b]">&gt;&gt;</a>&nbsp;&nbsp;&nbsp;InitSocketParam
<LI><a href="#[239]">&gt;&gt;</a>&nbsp;&nbsp;&nbsp;InitCH395InfParam
</UL>

<P><STRONG><a name="[3cb]"></a>__aeabi_memclr8</STRONG> (Thumb, 0 bytes, Stack size 0 bytes, memseta.o(.text), UNUSED)

<P><STRONG><a name="[93]"></a>_memset$wrapper</STRONG> (Thumb, 18 bytes, Stack size 8 bytes, memseta.o(.text), UNUSED)
<BR><BR>[Calls]<UL><LI><a href="#[92]">&gt;&gt;</a>&nbsp;&nbsp;&nbsp;__aeabi_memset
</UL>

<P><STRONG><a name="[304]"></a>strcat</STRONG> (Thumb, 24 bytes, Stack size 0 bytes, strcat.o(.text))
<BR><BR>[Called By]<UL><LI><a href="#[303]">&gt;&gt;</a>&nbsp;&nbsp;&nbsp;PrintICBlock
</UL>

<P><STRONG><a name="[1df]"></a>strncpy</STRONG> (Thumb, 24 bytes, Stack size 8 bytes, strncpy.o(.text))
<BR><BR>[Stack]<UL><LI>Max Depth = 8<LI>Call Chain = strncpy
</UL>
<BR>[Called By]<UL><LI><a href="#[2e8]">&gt;&gt;</a>&nbsp;&nbsp;&nbsp;PrintPbHeader
<LI><a href="#[31f]">&gt;&gt;</a>&nbsp;&nbsp;&nbsp;ProBuf
<LI><a href="#[1cc]">&gt;&gt;</a>&nbsp;&nbsp;&nbsp;Discount
<LI><a href="#[258]">&gt;&gt;</a>&nbsp;&nbsp;&nbsp;GetBCDValue
<LI><a href="#[17e]">&gt;&gt;</a>&nbsp;&nbsp;&nbsp;PrintChipCard
<LI><a href="#[1f2]">&gt;&gt;</a>&nbsp;&nbsp;&nbsp;DisplayECRVIP
<LI><a href="#[59]">&gt;&gt;</a>&nbsp;&nbsp;&nbsp;DispSubTotalDisc
<LI><a href="#[5b]">&gt;&gt;</a>&nbsp;&nbsp;&nbsp;DispSubTotalDirDisc
<LI><a href="#[5a]">&gt;&gt;</a>&nbsp;&nbsp;&nbsp;DispDirectDisc
<LI><a href="#[22f]">&gt;&gt;</a>&nbsp;&nbsp;&nbsp;ECRVIPLogin
<LI><a href="#[24b]">&gt;&gt;</a>&nbsp;&nbsp;&nbsp;Fixed
<LI><a href="#[16f]">&gt;&gt;</a>&nbsp;&nbsp;&nbsp;PrintXZMenu
<LI><a href="#[170]">&gt;&gt;</a>&nbsp;&nbsp;&nbsp;PrintMGMenu
<LI><a href="#[21a]">&gt;&gt;</a>&nbsp;&nbsp;&nbsp;PrintECRVIP
<LI><a href="#[20a]">&gt;&gt;</a>&nbsp;&nbsp;&nbsp;GetOpt
<LI><a href="#[16e]">&gt;&gt;</a>&nbsp;&nbsp;&nbsp;PrintSetupMenu
<LI><a href="#[16c]">&gt;&gt;</a>&nbsp;&nbsp;&nbsp;ListItems
<LI><a href="#[2dc]">&gt;&gt;</a>&nbsp;&nbsp;&nbsp;SetPassword
</UL>

<P><STRONG><a name="[144]"></a>strlen</STRONG> (Thumb, 14 bytes, Stack size 0 bytes, strlen.o(.text))
<BR><BR>[Called By]<UL><LI><a href="#[1a8]">&gt;&gt;</a>&nbsp;&nbsp;&nbsp;PutsO
<LI><a href="#[366]">&gt;&gt;</a>&nbsp;&nbsp;&nbsp;SuspendScreen
<LI><a href="#[1f0]">&gt;&gt;</a>&nbsp;&nbsp;&nbsp;DispStr_Right
<LI><a href="#[2f1]">&gt;&gt;</a>&nbsp;&nbsp;&nbsp;PrintQtyAmt
<LI><a href="#[2cb]">&gt;&gt;</a>&nbsp;&nbsp;&nbsp;KpHeader
<LI><a href="#[140]">&gt;&gt;</a>&nbsp;&nbsp;&nbsp;CalculateTax
<LI><a href="#[24e]">&gt;&gt;</a>&nbsp;&nbsp;&nbsp;ProcessBuffer
<LI><a href="#[31f]">&gt;&gt;</a>&nbsp;&nbsp;&nbsp;ProBuf
<LI><a href="#[322]">&gt;&gt;</a>&nbsp;&nbsp;&nbsp;Tender
<LI><a href="#[1dd]">&gt;&gt;</a>&nbsp;&nbsp;&nbsp;RegiStart
<LI><a href="#[1a1]">&gt;&gt;</a>&nbsp;&nbsp;&nbsp;FormatQtyStr
<LI><a href="#[1e2]">&gt;&gt;</a>&nbsp;&nbsp;&nbsp;DispSubTotal
<LI><a href="#[1ef]">&gt;&gt;</a>&nbsp;&nbsp;&nbsp;DispQtyStr
<LI><a href="#[16a]">&gt;&gt;</a>&nbsp;&nbsp;&nbsp;WaitForYesNo
<LI><a href="#[1e0]">&gt;&gt;</a>&nbsp;&nbsp;&nbsp;FormatAmtStr
<LI><a href="#[1d4]">&gt;&gt;</a>&nbsp;&nbsp;&nbsp;DispAmtStr
<LI><a href="#[1cc]">&gt;&gt;</a>&nbsp;&nbsp;&nbsp;Discount
<LI><a href="#[272]">&gt;&gt;</a>&nbsp;&nbsp;&nbsp;GetReport
<LI><a href="#[192]">&gt;&gt;</a>&nbsp;&nbsp;&nbsp;CheckTime
<LI><a href="#[168]">&gt;&gt;</a>&nbsp;&nbsp;&nbsp;CheckRandomPlu
<LI><a href="#[163]">&gt;&gt;</a>&nbsp;&nbsp;&nbsp;CheckPluFile
<LI><a href="#[db]">&gt;&gt;</a>&nbsp;&nbsp;&nbsp;CheckError
<LI><a href="#[363]">&gt;&gt;</a>&nbsp;&nbsp;&nbsp;SendString
<LI><a href="#[1c7]">&gt;&gt;</a>&nbsp;&nbsp;&nbsp;RFH
<LI><a href="#[367]">&gt;&gt;</a>&nbsp;&nbsp;&nbsp;TcpProcessRecord
<LI><a href="#[19a]">&gt;&gt;</a>&nbsp;&nbsp;&nbsp;CheckPWD
<LI><a href="#[297]">&gt;&gt;</a>&nbsp;&nbsp;&nbsp;InitPlu
<LI><a href="#[29e]">&gt;&gt;</a>&nbsp;&nbsp;&nbsp;InitPbF
<LI><a href="#[2a1]">&gt;&gt;</a>&nbsp;&nbsp;&nbsp;InitModifier
<LI><a href="#[299]">&gt;&gt;</a>&nbsp;&nbsp;&nbsp;InitGroup
<LI><a href="#[298]">&gt;&gt;</a>&nbsp;&nbsp;&nbsp;InitDept
<LI><a href="#[29f]">&gt;&gt;</a>&nbsp;&nbsp;&nbsp;InitClerk
<LI><a href="#[27a]">&gt;&gt;</a>&nbsp;&nbsp;&nbsp;GetString
<LI><a href="#[258]">&gt;&gt;</a>&nbsp;&nbsp;&nbsp;GetBCDValue
<LI><a href="#[152]">&gt;&gt;</a>&nbsp;&nbsp;&nbsp;CheckBitValue
<LI><a href="#[17e]">&gt;&gt;</a>&nbsp;&nbsp;&nbsp;PrintChipCard
<LI><a href="#[1f2]">&gt;&gt;</a>&nbsp;&nbsp;&nbsp;DisplayECRVIP
<LI><a href="#[1d7]">&gt;&gt;</a>&nbsp;&nbsp;&nbsp;DeCodeProto
<LI><a href="#[282]">&gt;&gt;</a>&nbsp;&nbsp;&nbsp;TestRomRam
<LI><a href="#[289]">&gt;&gt;</a>&nbsp;&nbsp;&nbsp;PrintVersion
<LI><a href="#[28a]">&gt;&gt;</a>&nbsp;&nbsp;&nbsp;PrintConfInf
<LI><a href="#[254]">&gt;&gt;</a>&nbsp;&nbsp;&nbsp;FormPrtConfInf
<LI><a href="#[31d]">&gt;&gt;</a>&nbsp;&nbsp;&nbsp;PrintTotal
<LI><a href="#[257]">&gt;&gt;</a>&nbsp;&nbsp;&nbsp;FormatStrQtyPriAmt
<LI><a href="#[1e7]">&gt;&gt;</a>&nbsp;&nbsp;&nbsp;PrintFlowQtyAmt
<LI><a href="#[69]">&gt;&gt;</a>&nbsp;&nbsp;&nbsp;DispTAX
<LI><a href="#[59]">&gt;&gt;</a>&nbsp;&nbsp;&nbsp;DispSubTotalDisc
<LI><a href="#[61]">&gt;&gt;</a>&nbsp;&nbsp;&nbsp;DispRefreshIC
<LI><a href="#[58]">&gt;&gt;</a>&nbsp;&nbsp;&nbsp;DispPercentDisc
<LI><a href="#[67]">&gt;&gt;</a>&nbsp;&nbsp;&nbsp;DispPbTransTo
<LI><a href="#[66]">&gt;&gt;</a>&nbsp;&nbsp;&nbsp;DispPbOpen
<LI><a href="#[55]">&gt;&gt;</a>&nbsp;&nbsp;&nbsp;DispOperator
<LI><a href="#[54]">&gt;&gt;</a>&nbsp;&nbsp;&nbsp;DispNonAdd
<LI><a href="#[5c]">&gt;&gt;</a>&nbsp;&nbsp;&nbsp;DispNew
<LI><a href="#[1e6]">&gt;&gt;</a>&nbsp;&nbsp;&nbsp;DispDateRecNo
<LI><a href="#[213]">&gt;&gt;</a>&nbsp;&nbsp;&nbsp;ProgPrnGraph
<LI><a href="#[226]">&gt;&gt;</a>&nbsp;&nbsp;&nbsp;ProgPointType
<LI><a href="#[216]">&gt;&gt;</a>&nbsp;&nbsp;&nbsp;ProgKPrn
<LI><a href="#[217]">&gt;&gt;</a>&nbsp;&nbsp;&nbsp;ProgExtPrinter
<LI><a href="#[1fc]">&gt;&gt;</a>&nbsp;&nbsp;&nbsp;ProgDisc
<LI><a href="#[20d]">&gt;&gt;</a>&nbsp;&nbsp;&nbsp;ProgDate
<LI><a href="#[212]">&gt;&gt;</a>&nbsp;&nbsp;&nbsp;ProgBalance
<LI><a href="#[21a]">&gt;&gt;</a>&nbsp;&nbsp;&nbsp;PrintECRVIP
<LI><a href="#[16d]">&gt;&gt;</a>&nbsp;&nbsp;&nbsp;PrintDept_PLU
<LI><a href="#[20a]">&gt;&gt;</a>&nbsp;&nbsp;&nbsp;GetOpt
<LI><a href="#[49]">&gt;&gt;</a>&nbsp;&nbsp;&nbsp;DisplaySetup
<LI><a href="#[162]">&gt;&gt;</a>&nbsp;&nbsp;&nbsp;DisplayOption
<LI><a href="#[188]">&gt;&gt;</a>&nbsp;&nbsp;&nbsp;CheckMode
<LI><a href="#[229]">&gt;&gt;</a>&nbsp;&nbsp;&nbsp;DisplayPrompt
<LI><a href="#[2dc]">&gt;&gt;</a>&nbsp;&nbsp;&nbsp;SetPassword
<LI><a href="#[1f5]">&gt;&gt;</a>&nbsp;&nbsp;&nbsp;SetKeyboard
<LI><a href="#[7c]">&gt;&gt;</a>&nbsp;&nbsp;&nbsp;ReadGraphic
<LI><a href="#[84]">&gt;&gt;</a>&nbsp;&nbsp;&nbsp;ReadFlagsList
<LI><a href="#[274]">&gt;&gt;</a>&nbsp;&nbsp;&nbsp;PrintStr_Center
<LI><a href="#[22d]">&gt;&gt;</a>&nbsp;&nbsp;&nbsp;ECRFuncCodeToName
<LI><a href="#[316]">&gt;&gt;</a>&nbsp;&nbsp;&nbsp;PrintSlipPage
<LI><a href="#[2f0]">&gt;&gt;</a>&nbsp;&nbsp;&nbsp;PrintRegiInfo
<LI><a href="#[2ef]">&gt;&gt;</a>&nbsp;&nbsp;&nbsp;PrintAllons
<LI><a href="#[329]">&gt;&gt;</a>&nbsp;&nbsp;&nbsp;ProcessOnePlu
<LI><a href="#[2c4]">&gt;&gt;</a>&nbsp;&nbsp;&nbsp;IssueKp
<LI><a href="#[277]">&gt;&gt;</a>&nbsp;&nbsp;&nbsp;ReportEnd
<LI><a href="#[27b]">&gt;&gt;</a>&nbsp;&nbsp;&nbsp;PrintReportHeader
<LI><a href="#[278]">&gt;&gt;</a>&nbsp;&nbsp;&nbsp;PrintPointType
<LI><a href="#[32c]">&gt;&gt;</a>&nbsp;&nbsp;&nbsp;SelectGraphic
<LI><a href="#[261]">&gt;&gt;</a>&nbsp;&nbsp;&nbsp;GetHEXValue
</UL>

<P><STRONG><a name="[1f3]"></a>strcmp</STRONG> (Thumb, 28 bytes, Stack size 8 bytes, strcmp.o(.text))
<BR><BR>[Stack]<UL><LI>Max Depth = 8<LI>Call Chain = strcmp
</UL>
<BR>[Called By]<UL><LI><a href="#[1f2]">&gt;&gt;</a>&nbsp;&nbsp;&nbsp;DisplayECRVIP
</UL>

<P><STRONG><a name="[1a6]"></a>memcmp</STRONG> (Thumb, 26 bytes, Stack size 12 bytes, memcmp.o(.text))
<BR><BR>[Stack]<UL><LI>Max Depth = 12<LI>Call Chain = memcmp
</UL>
<BR>[Called By]<UL><LI><a href="#[192]">&gt;&gt;</a>&nbsp;&nbsp;&nbsp;CheckTime
<LI><a href="#[333]">&gt;&gt;</a>&nbsp;&nbsp;&nbsp;ReadFactory
<LI><a href="#[2db]">&gt;&gt;</a>&nbsp;&nbsp;&nbsp;MFRToIC
<LI><a href="#[224]">&gt;&gt;</a>&nbsp;&nbsp;&nbsp;ProgPLUFields
<LI><a href="#[225]">&gt;&gt;</a>&nbsp;&nbsp;&nbsp;ProgDEPTFields
</UL>

<P><STRONG><a name="[143]"></a>strcpy</STRONG> (Thumb, 18 bytes, Stack size 0 bytes, strcpy.o(.text))
<BR><BR>[Called By]<UL><LI><a href="#[140]">&gt;&gt;</a>&nbsp;&nbsp;&nbsp;CalculateTax
<LI><a href="#[197]">&gt;&gt;</a>&nbsp;&nbsp;&nbsp;CheckModifier
<LI><a href="#[306]">&gt;&gt;</a>&nbsp;&nbsp;&nbsp;PrintModifiers
<LI><a href="#[272]">&gt;&gt;</a>&nbsp;&nbsp;&nbsp;GetReport
<LI><a href="#[168]">&gt;&gt;</a>&nbsp;&nbsp;&nbsp;CheckRandomPlu
<LI><a href="#[2a6]">&gt;&gt;</a>&nbsp;&nbsp;&nbsp;InitKeyMacro
<LI><a href="#[303]">&gt;&gt;</a>&nbsp;&nbsp;&nbsp;PrintICBlock
<LI><a href="#[152]">&gt;&gt;</a>&nbsp;&nbsp;&nbsp;CheckBitValue
<LI><a href="#[288]">&gt;&gt;</a>&nbsp;&nbsp;&nbsp;TestSerial123
<LI><a href="#[282]">&gt;&gt;</a>&nbsp;&nbsp;&nbsp;TestRomRam
<LI><a href="#[284]">&gt;&gt;</a>&nbsp;&nbsp;&nbsp;TestBEEP
<LI><a href="#[289]">&gt;&gt;</a>&nbsp;&nbsp;&nbsp;PrintVersion
<LI><a href="#[6b]">&gt;&gt;</a>&nbsp;&nbsp;&nbsp;DispZERO
<LI><a href="#[6a]">&gt;&gt;</a>&nbsp;&nbsp;&nbsp;DispVAT
<LI><a href="#[69]">&gt;&gt;</a>&nbsp;&nbsp;&nbsp;DispTAX
<LI><a href="#[59]">&gt;&gt;</a>&nbsp;&nbsp;&nbsp;DispSubTotalDisc
<LI><a href="#[61]">&gt;&gt;</a>&nbsp;&nbsp;&nbsp;DispRefreshIC
<LI><a href="#[58]">&gt;&gt;</a>&nbsp;&nbsp;&nbsp;DispPercentDisc
<LI><a href="#[5c]">&gt;&gt;</a>&nbsp;&nbsp;&nbsp;DispNew
<LI><a href="#[202]">&gt;&gt;</a>&nbsp;&nbsp;&nbsp;ProgZone
<LI><a href="#[1f9]">&gt;&gt;</a>&nbsp;&nbsp;&nbsp;ProgTend
<LI><a href="#[200]">&gt;&gt;</a>&nbsp;&nbsp;&nbsp;ProgTax
<LI><a href="#[209]">&gt;&gt;</a>&nbsp;&nbsp;&nbsp;ProgSysFlag
<LI><a href="#[218]">&gt;&gt;</a>&nbsp;&nbsp;&nbsp;ProgSlip
<LI><a href="#[221]">&gt;&gt;</a>&nbsp;&nbsp;&nbsp;ProgPoints
<LI><a href="#[226]">&gt;&gt;</a>&nbsp;&nbsp;&nbsp;ProgPointType
<LI><a href="#[1fa]">&gt;&gt;</a>&nbsp;&nbsp;&nbsp;ProgPoRa
<LI><a href="#[d9]">&gt;&gt;</a>&nbsp;&nbsp;&nbsp;ProgPlu
<LI><a href="#[20b]">&gt;&gt;</a>&nbsp;&nbsp;&nbsp;ProgPbInfo
<LI><a href="#[1ff]">&gt;&gt;</a>&nbsp;&nbsp;&nbsp;ProgPbF
<LI><a href="#[20f]">&gt;&gt;</a>&nbsp;&nbsp;&nbsp;ProgOFF
<LI><a href="#[203]">&gt;&gt;</a>&nbsp;&nbsp;&nbsp;ProgModi
<LI><a href="#[216]">&gt;&gt;</a>&nbsp;&nbsp;&nbsp;ProgKPrn
<LI><a href="#[219]">&gt;&gt;</a>&nbsp;&nbsp;&nbsp;ProgICBlock
<LI><a href="#[1f8]">&gt;&gt;</a>&nbsp;&nbsp;&nbsp;ProgGroup
<LI><a href="#[217]">&gt;&gt;</a>&nbsp;&nbsp;&nbsp;ProgExtPrinter
<LI><a href="#[220]">&gt;&gt;</a>&nbsp;&nbsp;&nbsp;ProgECRVIPPoints
<LI><a href="#[1fe]">&gt;&gt;</a>&nbsp;&nbsp;&nbsp;ProgDraw
<LI><a href="#[1fc]">&gt;&gt;</a>&nbsp;&nbsp;&nbsp;ProgDisc
<LI><a href="#[1f7]">&gt;&gt;</a>&nbsp;&nbsp;&nbsp;ProgDept
<LI><a href="#[20d]">&gt;&gt;</a>&nbsp;&nbsp;&nbsp;ProgDate
<LI><a href="#[1fd]">&gt;&gt;</a>&nbsp;&nbsp;&nbsp;ProgCurr
<LI><a href="#[1fb]">&gt;&gt;</a>&nbsp;&nbsp;&nbsp;ProgCorrec
<LI><a href="#[201]">&gt;&gt;</a>&nbsp;&nbsp;&nbsp;ProgClerk
<LI><a href="#[212]">&gt;&gt;</a>&nbsp;&nbsp;&nbsp;ProgBalance
<LI><a href="#[16f]">&gt;&gt;</a>&nbsp;&nbsp;&nbsp;PrintXZMenu
<LI><a href="#[16d]">&gt;&gt;</a>&nbsp;&nbsp;&nbsp;PrintDept_PLU
<LI><a href="#[16e]">&gt;&gt;</a>&nbsp;&nbsp;&nbsp;PrintSetupMenu
<LI><a href="#[188]">&gt;&gt;</a>&nbsp;&nbsp;&nbsp;CheckMode
<LI><a href="#[22e]">&gt;&gt;</a>&nbsp;&nbsp;&nbsp;ReadItemCaption
<LI><a href="#[2dc]">&gt;&gt;</a>&nbsp;&nbsp;&nbsp;SetPassword
<LI><a href="#[32e]">&gt;&gt;</a>&nbsp;&nbsp;&nbsp;SelectKeyCode
<LI><a href="#[7d]">&gt;&gt;</a>&nbsp;&nbsp;&nbsp;ReadXZReport
<LI><a href="#[7a]">&gt;&gt;</a>&nbsp;&nbsp;&nbsp;ReadTrail
<LI><a href="#[7b]">&gt;&gt;</a>&nbsp;&nbsp;&nbsp;ReadSlipHeader
<LI><a href="#[7e]">&gt;&gt;</a>&nbsp;&nbsp;&nbsp;ReadRepUnit
<LI><a href="#[89]">&gt;&gt;</a>&nbsp;&nbsp;&nbsp;ReadKeyMacro
<LI><a href="#[87]">&gt;&gt;</a>&nbsp;&nbsp;&nbsp;ReadKeyDesList
<LI><a href="#[79]">&gt;&gt;</a>&nbsp;&nbsp;&nbsp;ReadHeader
<LI><a href="#[7c]">&gt;&gt;</a>&nbsp;&nbsp;&nbsp;ReadGraphic
<LI><a href="#[84]">&gt;&gt;</a>&nbsp;&nbsp;&nbsp;ReadFlagsList
<LI><a href="#[22d]">&gt;&gt;</a>&nbsp;&nbsp;&nbsp;ECRFuncCodeToName
<LI><a href="#[22a]">&gt;&gt;</a>&nbsp;&nbsp;&nbsp;Display_RGBuf
<LI><a href="#[26b]">&gt;&gt;</a>&nbsp;&nbsp;&nbsp;InvertBit
<LI><a href="#[2f0]">&gt;&gt;</a>&nbsp;&nbsp;&nbsp;PrintRegiInfo
<LI><a href="#[2ef]">&gt;&gt;</a>&nbsp;&nbsp;&nbsp;PrintAllons
<LI><a href="#[8b]">&gt;&gt;</a>&nbsp;&nbsp;&nbsp;ReadPluStock
<LI><a href="#[86]">&gt;&gt;</a>&nbsp;&nbsp;&nbsp;ReadFromMsg
<LI><a href="#[269]">&gt;&gt;</a>&nbsp;&nbsp;&nbsp;GetModifier
<LI><a href="#[6f]">&gt;&gt;</a>&nbsp;&nbsp;&nbsp;ReadKP
<LI><a href="#[2c4]">&gt;&gt;</a>&nbsp;&nbsp;&nbsp;IssueKp
</UL>

<P><STRONG><a name="[19b]"></a>strncmp</STRONG> (Thumb, 30 bytes, Stack size 12 bytes, strncmp.o(.text))
<BR><BR>[Stack]<UL><LI>Max Depth = 12<LI>Call Chain = strncmp
</UL>
<BR>[Called By]<UL><LI><a href="#[19a]">&gt;&gt;</a>&nbsp;&nbsp;&nbsp;CheckPWD
<LI><a href="#[2dc]">&gt;&gt;</a>&nbsp;&nbsp;&nbsp;SetPassword
</UL>

<P><STRONG><a name="[94]"></a>atoi</STRONG> (Thumb, 26 bytes, Stack size 16 bytes, atoi.o(.text))
<BR><BR>[Stack]<UL><LI>Max Depth = 88<LI>Call Chain = atoi &rArr; strtol &rArr; _strtoul
</UL>
<BR>[Calls]<UL><LI><a href="#[96]">&gt;&gt;</a>&nbsp;&nbsp;&nbsp;strtol
<LI><a href="#[95]">&gt;&gt;</a>&nbsp;&nbsp;&nbsp;__aeabi_errno_addr
</UL>
<BR>[Called By]<UL><LI><a href="#[181]">&gt;&gt;</a>&nbsp;&nbsp;&nbsp;InputEXASCII
</UL>

<P><STRONG><a name="[3cc]"></a>__aeabi_uidiv</STRONG> (Thumb, 0 bytes, Stack size 12 bytes, uidiv.o(.text), UNUSED)

<P><STRONG><a name="[398]"></a>__aeabi_uidivmod</STRONG> (Thumb, 44 bytes, Stack size 12 bytes, uidiv.o(.text), UNUSED)
<BR><BR>[Called By]<UL><LI><a href="#[391]">&gt;&gt;</a>&nbsp;&nbsp;&nbsp;_printf_core
</UL>

<P><STRONG><a name="[90]"></a>__aeabi_llsl</STRONG> (Thumb, 30 bytes, Stack size 0 bytes, llshl.o(.text))
<BR><BR>[Called By]<UL><LI><a href="#[8e]">&gt;&gt;</a>&nbsp;&nbsp;&nbsp;__aeabi_uldivmod
<LI><a href="#[9b]">&gt;&gt;</a>&nbsp;&nbsp;&nbsp;_double_epilogue
<LI><a href="#[99]">&gt;&gt;</a>&nbsp;&nbsp;&nbsp;__aeabi_dadd
<LI><a href="#[a1]">&gt;&gt;</a>&nbsp;&nbsp;&nbsp;__aeabi_d2ulz
</UL>

<P><STRONG><a name="[3cd]"></a>_ll_shift_l</STRONG> (Thumb, 0 bytes, Stack size 0 bytes, llshl.o(.text), UNUSED)

<P><STRONG><a name="[8f]"></a>__aeabi_llsr</STRONG> (Thumb, 32 bytes, Stack size 0 bytes, llushr.o(.text))
<BR><BR>[Called By]<UL><LI><a href="#[8e]">&gt;&gt;</a>&nbsp;&nbsp;&nbsp;__aeabi_uldivmod
<LI><a href="#[9b]">&gt;&gt;</a>&nbsp;&nbsp;&nbsp;_double_epilogue
<LI><a href="#[a1]">&gt;&gt;</a>&nbsp;&nbsp;&nbsp;__aeabi_d2ulz
</UL>

<P><STRONG><a name="[3ce]"></a>_ll_ushift_r</STRONG> (Thumb, 0 bytes, Stack size 0 bytes, llushr.o(.text), UNUSED)

<P><STRONG><a name="[96]"></a>strtol</STRONG> (Thumb, 112 bytes, Stack size 32 bytes, strtol.o(.text))
<BR><BR>[Stack]<UL><LI>Max Depth = 72<LI>Call Chain = strtol &rArr; _strtoul
</UL>
<BR>[Calls]<UL><LI><a href="#[98]">&gt;&gt;</a>&nbsp;&nbsp;&nbsp;_strtoul
<LI><a href="#[97]">&gt;&gt;</a>&nbsp;&nbsp;&nbsp;__rt_ctype_table
<LI><a href="#[95]">&gt;&gt;</a>&nbsp;&nbsp;&nbsp;__aeabi_errno_addr
</UL>
<BR>[Called By]<UL><LI><a href="#[94]">&gt;&gt;</a>&nbsp;&nbsp;&nbsp;atoi
</UL>

<P><STRONG><a name="[3cf]"></a>__I$use$fp</STRONG> (Thumb, 0 bytes, Stack size 48 bytes, iusefp.o(.text), UNUSED)

<P><STRONG><a name="[99]"></a>__aeabi_dadd</STRONG> (Thumb, 322 bytes, Stack size 48 bytes, dadd.o(.text), UNUSED)
<BR><BR>[Calls]<UL><LI><a href="#[9a]">&gt;&gt;</a>&nbsp;&nbsp;&nbsp;__aeabi_lasr
<LI><a href="#[9c]">&gt;&gt;</a>&nbsp;&nbsp;&nbsp;_double_round
<LI><a href="#[9b]">&gt;&gt;</a>&nbsp;&nbsp;&nbsp;_double_epilogue
<LI><a href="#[90]">&gt;&gt;</a>&nbsp;&nbsp;&nbsp;__aeabi_llsl
</UL>
<BR>[Called By]<UL><LI><a href="#[9e]">&gt;&gt;</a>&nbsp;&nbsp;&nbsp;__aeabi_drsub
<LI><a href="#[9d]">&gt;&gt;</a>&nbsp;&nbsp;&nbsp;__aeabi_dsub
<LI><a href="#[392]">&gt;&gt;</a>&nbsp;&nbsp;&nbsp;_fp_digits
</UL>

<P><STRONG><a name="[9d]"></a>__aeabi_dsub</STRONG> (Thumb, 6 bytes, Stack size 0 bytes, dadd.o(.text), UNUSED)
<BR><BR>[Calls]<UL><LI><a href="#[99]">&gt;&gt;</a>&nbsp;&nbsp;&nbsp;__aeabi_dadd
</UL>

<P><STRONG><a name="[9e]"></a>__aeabi_drsub</STRONG> (Thumb, 6 bytes, Stack size 0 bytes, dadd.o(.text), UNUSED)
<BR><BR>[Calls]<UL><LI><a href="#[99]">&gt;&gt;</a>&nbsp;&nbsp;&nbsp;__aeabi_dadd
</UL>

<P><STRONG><a name="[9f]"></a>__aeabi_dmul</STRONG> (Thumb, 228 bytes, Stack size 48 bytes, dmul.o(.text), UNUSED)
<BR><BR>[Calls]<UL><LI><a href="#[9b]">&gt;&gt;</a>&nbsp;&nbsp;&nbsp;_double_epilogue
</UL>
<BR>[Called By]<UL><LI><a href="#[392]">&gt;&gt;</a>&nbsp;&nbsp;&nbsp;_fp_digits
</UL>

<P><STRONG><a name="[a0]"></a>__aeabi_ddiv</STRONG> (Thumb, 222 bytes, Stack size 32 bytes, ddiv.o(.text), UNUSED)
<BR><BR>[Calls]<UL><LI><a href="#[9c]">&gt;&gt;</a>&nbsp;&nbsp;&nbsp;_double_round
</UL>
<BR>[Called By]<UL><LI><a href="#[392]">&gt;&gt;</a>&nbsp;&nbsp;&nbsp;_fp_digits
</UL>

<P><STRONG><a name="[a1]"></a>__aeabi_d2ulz</STRONG> (Thumb, 48 bytes, Stack size 0 bytes, dfixul.o(.text), UNUSED)
<BR><BR>[Calls]<UL><LI><a href="#[8f]">&gt;&gt;</a>&nbsp;&nbsp;&nbsp;__aeabi_llsr
<LI><a href="#[90]">&gt;&gt;</a>&nbsp;&nbsp;&nbsp;__aeabi_llsl
</UL>
<BR>[Called By]<UL><LI><a href="#[392]">&gt;&gt;</a>&nbsp;&nbsp;&nbsp;_fp_digits
</UL>

<P><STRONG><a name="[393]"></a>__aeabi_cdrcmple</STRONG> (Thumb, 48 bytes, Stack size 0 bytes, cdrcmple.o(.text), UNUSED)
<BR><BR>[Called By]<UL><LI><a href="#[392]">&gt;&gt;</a>&nbsp;&nbsp;&nbsp;_fp_digits
</UL>

<P><STRONG><a name="[8d]"></a>__scatterload</STRONG> (Thumb, 28 bytes, Stack size 0 bytes, init.o(.text))
<BR><BR>[Calls]<UL><LI><a href="#[a2]">&gt;&gt;</a>&nbsp;&nbsp;&nbsp;__main_after_scatterload
</UL>
<BR>[Called By]<UL><LI><a href="#[8c]">&gt;&gt;</a>&nbsp;&nbsp;&nbsp;_main_scatterload
</UL>

<P><STRONG><a name="[3d0]"></a>__scatterload_rt2</STRONG> (Thumb, 0 bytes, Stack size 0 bytes, init.o(.text), UNUSED)

<P><STRONG><a name="[9a]"></a>__aeabi_lasr</STRONG> (Thumb, 36 bytes, Stack size 0 bytes, llsshr.o(.text), UNUSED)
<BR><BR>[Called By]<UL><LI><a href="#[99]">&gt;&gt;</a>&nbsp;&nbsp;&nbsp;__aeabi_dadd
</UL>

<P><STRONG><a name="[3d1]"></a>_ll_sshift_r</STRONG> (Thumb, 0 bytes, Stack size 0 bytes, llsshr.o(.text), UNUSED)

<P><STRONG><a name="[97]"></a>__rt_ctype_table</STRONG> (Thumb, 4 bytes, Stack size 0 bytes, ctype_o.o(.text))
<BR><BR>[Called By]<UL><LI><a href="#[96]">&gt;&gt;</a>&nbsp;&nbsp;&nbsp;strtol
</UL>

<P><STRONG><a name="[98]"></a>_strtoul</STRONG> (Thumb, 158 bytes, Stack size 40 bytes, _strtoul.o(.text))
<BR><BR>[Stack]<UL><LI>Max Depth = 40<LI>Call Chain = _strtoul
</UL>
<BR>[Calls]<UL><LI><a href="#[a3]">&gt;&gt;</a>&nbsp;&nbsp;&nbsp;_chval
<LI><a href="#[95]">&gt;&gt;</a>&nbsp;&nbsp;&nbsp;__aeabi_errno_addr
</UL>
<BR>[Called By]<UL><LI><a href="#[96]">&gt;&gt;</a>&nbsp;&nbsp;&nbsp;strtol
</UL>

<P><STRONG><a name="[9c]"></a>_double_round</STRONG> (Thumb, 30 bytes, Stack size 8 bytes, depilogue.o(.text), UNUSED)
<BR><BR>[Called By]<UL><LI><a href="#[9b]">&gt;&gt;</a>&nbsp;&nbsp;&nbsp;_double_epilogue
<LI><a href="#[a0]">&gt;&gt;</a>&nbsp;&nbsp;&nbsp;__aeabi_ddiv
<LI><a href="#[99]">&gt;&gt;</a>&nbsp;&nbsp;&nbsp;__aeabi_dadd
</UL>

<P><STRONG><a name="[9b]"></a>_double_epilogue</STRONG> (Thumb, 156 bytes, Stack size 32 bytes, depilogue.o(.text), UNUSED)
<BR><BR>[Calls]<UL><LI><a href="#[9c]">&gt;&gt;</a>&nbsp;&nbsp;&nbsp;_double_round
<LI><a href="#[8f]">&gt;&gt;</a>&nbsp;&nbsp;&nbsp;__aeabi_llsr
<LI><a href="#[90]">&gt;&gt;</a>&nbsp;&nbsp;&nbsp;__aeabi_llsl
</UL>
<BR>[Called By]<UL><LI><a href="#[9f]">&gt;&gt;</a>&nbsp;&nbsp;&nbsp;__aeabi_dmul
<LI><a href="#[99]">&gt;&gt;</a>&nbsp;&nbsp;&nbsp;__aeabi_dadd
</UL>

<P><STRONG><a name="[a3]"></a>_chval</STRONG> (Thumb, 28 bytes, Stack size 0 bytes, _chval.o(.text))
<BR><BR>[Called By]<UL><LI><a href="#[98]">&gt;&gt;</a>&nbsp;&nbsp;&nbsp;_strtoul
</UL>

<P><STRONG><a name="[3d2]"></a>__decompress</STRONG> (Thumb, 0 bytes, Stack size unknown bytes, __dczerorl2.o(.text), UNUSED)

<P><STRONG><a name="[3d3]"></a>__decompress1</STRONG> (Thumb, 86 bytes, Stack size unknown bytes, __dczerorl2.o(.text), UNUSED)

<P><STRONG><a name="[a4]"></a>ADC1_DMA_Config</STRONG> (Thumb, 182 bytes, Stack size 72 bytes, pwr_ctrl.o(i.ADC1_DMA_Config))
<BR><BR>[Stack]<UL><LI>Max Depth = 92<LI>Call Chain = ADC1_DMA_Config &rArr; ADC_RegularChannelConfig
</UL>
<BR>[Calls]<UL><LI><a href="#[a5]">&gt;&gt;</a>&nbsp;&nbsp;&nbsp;RCC_APB2PeriphClockCmd
<LI><a href="#[a6]">&gt;&gt;</a>&nbsp;&nbsp;&nbsp;RCC_AHBPeriphClockCmd
<LI><a href="#[a7]">&gt;&gt;</a>&nbsp;&nbsp;&nbsp;RCC_ADCCLKConfig
<LI><a href="#[a9]">&gt;&gt;</a>&nbsp;&nbsp;&nbsp;DMA_Init
<LI><a href="#[a8]">&gt;&gt;</a>&nbsp;&nbsp;&nbsp;DMA_DeInit
<LI><a href="#[aa]">&gt;&gt;</a>&nbsp;&nbsp;&nbsp;DMA_Cmd
<LI><a href="#[ac]">&gt;&gt;</a>&nbsp;&nbsp;&nbsp;ADC_RegularChannelConfig
<LI><a href="#[ab]">&gt;&gt;</a>&nbsp;&nbsp;&nbsp;ADC_Init
</UL>
<BR>[Called By]<UL><LI><a href="#[35e]">&gt;&gt;</a>&nbsp;&nbsp;&nbsp;pwr_Init
</UL>

<P><STRONG><a name="[3a9]"></a>ADC_Cmd</STRONG> (Thumb, 22 bytes, Stack size 0 bytes, stm32f10x_adc.o(i.ADC_Cmd))
<BR><BR>[Called By]<UL><LI><a href="#[3a7]">&gt;&gt;</a>&nbsp;&nbsp;&nbsp;pwrADCCtrl
</UL>

<P><STRONG><a name="[3a8]"></a>ADC_DMACmd</STRONG> (Thumb, 22 bytes, Stack size 0 bytes, stm32f10x_adc.o(i.ADC_DMACmd))
<BR><BR>[Called By]<UL><LI><a href="#[3a7]">&gt;&gt;</a>&nbsp;&nbsp;&nbsp;pwrADCCtrl
</UL>

<P><STRONG><a name="[ab]"></a>ADC_Init</STRONG> (Thumb, 70 bytes, Stack size 12 bytes, stm32f10x_adc.o(i.ADC_Init))
<BR><BR>[Stack]<UL><LI>Max Depth = 12<LI>Call Chain = ADC_Init
</UL>
<BR>[Called By]<UL><LI><a href="#[a4]">&gt;&gt;</a>&nbsp;&nbsp;&nbsp;ADC1_DMA_Config
</UL>

<P><STRONG><a name="[ac]"></a>ADC_RegularChannelConfig</STRONG> (Thumb, 184 bytes, Stack size 20 bytes, stm32f10x_adc.o(i.ADC_RegularChannelConfig))
<BR><BR>[Stack]<UL><LI>Max Depth = 20<LI>Call Chain = ADC_RegularChannelConfig
</UL>
<BR>[Called By]<UL><LI><a href="#[a4]">&gt;&gt;</a>&nbsp;&nbsp;&nbsp;ADC1_DMA_Config
</UL>

<P><STRONG><a name="[3aa]"></a>ADC_SoftwareStartConvCmd</STRONG> (Thumb, 22 bytes, Stack size 0 bytes, stm32f10x_adc.o(i.ADC_SoftwareStartConvCmd))
<BR><BR>[Called By]<UL><LI><a href="#[3a7]">&gt;&gt;</a>&nbsp;&nbsp;&nbsp;pwrADCCtrl
</UL>

<P><STRONG><a name="[ad]"></a>Add</STRONG> (Thumb, 322 bytes, Stack size 24 bytes, extmodules.o(i.Add))
<BR><BR>[Stack]<UL><LI>Max Depth = 40<LI>Call Chain = Add &rArr; SubBCDValue12
</UL>
<BR>[Calls]<UL><LI><a href="#[b0]">&gt;&gt;</a>&nbsp;&nbsp;&nbsp;SubBCDValue12
<LI><a href="#[b1]">&gt;&gt;</a>&nbsp;&nbsp;&nbsp;Correct_BCDValue1
<LI><a href="#[ae]">&gt;&gt;</a>&nbsp;&nbsp;&nbsp;BCDValue_MUL_10
<LI><a href="#[af]">&gt;&gt;</a>&nbsp;&nbsp;&nbsp;AddBCDValue12
<LI><a href="#[91]">&gt;&gt;</a>&nbsp;&nbsp;&nbsp;__aeabi_memclr
</UL>
<BR>[Called By]<UL><LI><a href="#[186]">&gt;&gt;</a>&nbsp;&nbsp;&nbsp;CheckMixMatch
<LI><a href="#[140]">&gt;&gt;</a>&nbsp;&nbsp;&nbsp;CalculateTax
<LI><a href="#[13a]">&gt;&gt;</a>&nbsp;&nbsp;&nbsp;CalculateScPwdDisc
<LI><a href="#[e0]">&gt;&gt;</a>&nbsp;&nbsp;&nbsp;AmtRound
<LI><a href="#[13d]">&gt;&gt;</a>&nbsp;&nbsp;&nbsp;StoreInBuffer2
<LI><a href="#[187]">&gt;&gt;</a>&nbsp;&nbsp;&nbsp;StoreInBuffer
<LI><a href="#[31f]">&gt;&gt;</a>&nbsp;&nbsp;&nbsp;ProBuf
<LI><a href="#[133]">&gt;&gt;</a>&nbsp;&nbsp;&nbsp;CalculateNetTax
<LI><a href="#[13e]">&gt;&gt;</a>&nbsp;&nbsp;&nbsp;CalculateTax2
<LI><a href="#[322]">&gt;&gt;</a>&nbsp;&nbsp;&nbsp;Tender
<LI><a href="#[cd]">&gt;&gt;</a>&nbsp;&nbsp;&nbsp;AddTaxItem
<LI><a href="#[1cb]">&gt;&gt;</a>&nbsp;&nbsp;&nbsp;ProcessDept
<LI><a href="#[1cd]">&gt;&gt;</a>&nbsp;&nbsp;&nbsp;PaidOutRa
<LI><a href="#[1cc]">&gt;&gt;</a>&nbsp;&nbsp;&nbsp;Discount
<LI><a href="#[13f]">&gt;&gt;</a>&nbsp;&nbsp;&nbsp;CalculateSubDisc
<LI><a href="#[142]">&gt;&gt;</a>&nbsp;&nbsp;&nbsp;Collect_Data
<LI><a href="#[2ec]">&gt;&gt;</a>&nbsp;&nbsp;&nbsp;PointsByChipCard
<LI><a href="#[2e3]">&gt;&gt;</a>&nbsp;&nbsp;&nbsp;PayByChipCard
<LI><a href="#[14c]">&gt;&gt;</a>&nbsp;&nbsp;&nbsp;Charge_CHIP
<LI><a href="#[cb]">&gt;&gt;</a>&nbsp;&nbsp;&nbsp;AddTotal
<LI><a href="#[56]">&gt;&gt;</a>&nbsp;&nbsp;&nbsp;DispTender
<LI><a href="#[59]">&gt;&gt;</a>&nbsp;&nbsp;&nbsp;DispSubTotalDisc
<LI><a href="#[5b]">&gt;&gt;</a>&nbsp;&nbsp;&nbsp;DispSubTotalDirDisc
<LI><a href="#[52]">&gt;&gt;</a>&nbsp;&nbsp;&nbsp;DispPlu
<LI><a href="#[58]">&gt;&gt;</a>&nbsp;&nbsp;&nbsp;DispPercentDisc
<LI><a href="#[5a]">&gt;&gt;</a>&nbsp;&nbsp;&nbsp;DispDirectDisc
<LI><a href="#[51]">&gt;&gt;</a>&nbsp;&nbsp;&nbsp;DispDept
<LI><a href="#[cc]">&gt;&gt;</a>&nbsp;&nbsp;&nbsp;AddReceiptNumber
<LI><a href="#[221]">&gt;&gt;</a>&nbsp;&nbsp;&nbsp;ProgPoints
<LI><a href="#[21d]">&gt;&gt;</a>&nbsp;&nbsp;&nbsp;ProgChargeChip
<LI><a href="#[2e5]">&gt;&gt;</a>&nbsp;&nbsp;&nbsp;UpdatePbRecord
<LI><a href="#[30d]">&gt;&gt;</a>&nbsp;&nbsp;&nbsp;PrintPbItem
<LI><a href="#[2e9]">&gt;&gt;</a>&nbsp;&nbsp;&nbsp;ProcessPbBuffer
<LI><a href="#[1b3]">&gt;&gt;</a>&nbsp;&nbsp;&nbsp;ClearPb
<LI><a href="#[2e6]">&gt;&gt;</a>&nbsp;&nbsp;&nbsp;PbFunction
<LI><a href="#[31c]">&gt;&gt;</a>&nbsp;&nbsp;&nbsp;PrintTax
<LI><a href="#[2f6]">&gt;&gt;</a>&nbsp;&nbsp;&nbsp;PrintReport
<LI><a href="#[307]">&gt;&gt;</a>&nbsp;&nbsp;&nbsp;PrintOpenPb
<LI><a href="#[1ea]">&gt;&gt;</a>&nbsp;&nbsp;&nbsp;DispGrandTotal
<LI><a href="#[277]">&gt;&gt;</a>&nbsp;&nbsp;&nbsp;ReportEnd
</UL>

<P><STRONG><a name="[af]"></a>AddBCDValue12</STRONG> (Thumb, 114 bytes, Stack size 16 bytes, extmodules.o(i.AddBCDValue12))
<BR><BR>[Stack]<UL><LI>Max Depth = 16<LI>Call Chain = AddBCDValue12
</UL>
<BR>[Called By]<UL><LI><a href="#[d4]">&gt;&gt;</a>&nbsp;&nbsp;&nbsp;Subtract
<LI><a href="#[136]">&gt;&gt;</a>&nbsp;&nbsp;&nbsp;Multiply
<LI><a href="#[138]">&gt;&gt;</a>&nbsp;&nbsp;&nbsp;Divide
<LI><a href="#[ad]">&gt;&gt;</a>&nbsp;&nbsp;&nbsp;Add
</UL>

<P><STRONG><a name="[b2]"></a>AddCorrecTotal</STRONG> (Thumb, 100 bytes, Stack size 8 bytes, correc.o(i.AddCorrecTotal))
<BR><BR>[Stack]<UL><LI>Max Depth = 80<LI>Call Chain = AddCorrecTotal &rArr; AddPointerTotal &rArr; AddTotal &rArr; ReadTotal &rArr; ReadRam &rArr; SRAM_ReadBuffer
</UL>
[...]
</UL>
<BR>[Called By]<UL><LI><a href="#[12d]">&gt;&gt;</a>&nbsp;&nbsp;&nbsp;mStopIfError
</UL>

<P><STRONG><a name="[3c1]"></a>xputc</STRONG> (Thumb, 48 bytes, Stack size 8 bytes, monitor.o(i.xputc))
<BR><BR>[Stack]<UL><LI>Max Depth = 8<LI>Call Chain = xputc
</UL>
<BR>[Called By]<UL><LI><a href="#[3c0]">&gt;&gt;</a>&nbsp;&nbsp;&nbsp;xputs
<LI><a href="#[3bf]">&gt;&gt;</a>&nbsp;&nbsp;&nbsp;xvprintf
</UL>

<P><STRONG><a name="[3c0]"></a>xputs</STRONG> (Thumb, 22 bytes, Stack size 8 bytes, monitor.o(i.xputs))
<BR><BR>[Stack]<UL><LI>Max Depth = 16<LI>Call Chain = xputs &rArr; xputc
</UL>
<BR>[Calls]<UL><LI><a href="#[3c1]">&gt;&gt;</a>&nbsp;&nbsp;&nbsp;xputc
</UL>
<BR>[Called By]<UL><LI><a href="#[3bf]">&gt;&gt;</a>&nbsp;&nbsp;&nbsp;xvprintf
</UL>
<P>
<H3>
Local Symbols
</H3>
<P><STRONG><a name="[3bf]"></a>xvprintf</STRONG> (Thumb, 530 bytes, Stack size 72 bytes, monitor.o(i.xvprintf))
<BR><BR>[Stack]<UL><LI>Max Depth = 88<LI>Call Chain = xvprintf &rArr; xputs &rArr; xputc
</UL>
<BR>[Calls]<UL><LI><a href="#[3c0]">&gt;&gt;</a>&nbsp;&nbsp;&nbsp;xputs
<LI><a href="#[3c1]">&gt;&gt;</a>&nbsp;&nbsp;&nbsp;xputc
</UL>
<BR>[Called By]<UL><LI><a href="#[3a5]">&gt;&gt;</a>&nbsp;&nbsp;&nbsp;xprintf
</UL>

<P><STRONG><a name="[1b7]"></a>CmdError</STRONG> (Thumb, 56 bytes, Stack size 8 bytes, sdio_sd.o(i.CmdError))
<BR><BR>[Stack]<UL><LI>Max Depth = 8<LI>Call Chain = CmdError
</UL>
<BR>[Calls]<UL><LI><a href="#[1b8]">&gt;&gt;</a>&nbsp;&nbsp;&nbsp;SDIO_GetFlagStatus
<LI><a href="#[1b9]">&gt;&gt;</a>&nbsp;&nbsp;&nbsp;SDIO_ClearFlag
</UL>
<BR>[Called By]<UL><LI><a href="#[34a]">&gt;&gt;</a>&nbsp;&nbsp;&nbsp;SD_PowerON
</UL>

<P><STRONG><a name="[1bb]"></a>CmdResp1Error</STRONG> (Thumb, 318 bytes, Stack size 16 bytes, sdio_sd.o(i.CmdResp1Error))
<BR><BR>[Stack]<UL><LI>Max Depth = 24<LI>Call Chain = CmdResp1Error &rArr; SDIO_GetResponse
</UL>
<BR>[Calls]<UL><LI><a href="#[1bd]">&gt;&gt;</a>&nbsp;&nbsp;&nbsp;SDIO_GetResponse
<LI><a href="#[1bc]">&gt;&gt;</a>&nbsp;&nbsp;&nbsp;SDIO_GetCommandResponse
<LI><a href="#[1b9]">&gt;&gt;</a>&nbsp;&nbsp;&nbsp;SDIO_ClearFlag
</UL>
<BR>[Called By]<UL><LI><a href="#[34d]">&gt;&gt;</a>&nbsp;&nbsp;&nbsp;SD_SelectDeselect
<LI><a href="#[34a]">&gt;&gt;</a>&nbsp;&nbsp;&nbsp;SD_PowerON
<LI><a href="#[344]">&gt;&gt;</a>&nbsp;&nbsp;&nbsp;SDEnWideBus
<LI><a href="#[247]">&gt;&gt;</a>&nbsp;&nbsp;&nbsp;FindSCR
<LI><a href="#[345]">&gt;&gt;</a>&nbsp;&nbsp;&nbsp;SD_ProcessIRQSrc
</UL>

<P><STRONG><a name="[1be]"></a>CmdResp2Error</STRONG> (Thumb, 86 bytes, Stack size 8 bytes, sdio_sd.o(i.CmdResp2Error))
<BR><BR>[Stack]<UL><LI>Max Depth = 8<LI>Call Chain = CmdResp2Error
</UL>
<BR>[Calls]<UL><LI><a href="#[1b9]">&gt;&gt;</a>&nbsp;&nbsp;&nbsp;SDIO_ClearFlag
</UL>
<BR>[Called By]<UL><LI><a href="#[34b]">&gt;&gt;</a>&nbsp;&nbsp;&nbsp;SD_InitializeCards
</UL>

<P><STRONG><a name="[1bf]"></a>CmdResp3Error</STRONG> (Thumb, 64 bytes, Stack size 8 bytes, sdio_sd.o(i.CmdResp3Error))
<BR><BR>[Stack]<UL><LI>Max Depth = 8<LI>Call Chain = CmdResp3Error
</UL>
<BR>[Calls]<UL><LI><a href="#[1b9]">&gt;&gt;</a>&nbsp;&nbsp;&nbsp;SDIO_ClearFlag
</UL>
<BR>[Called By]<UL><LI><a href="#[34a]">&gt;&gt;</a>&nbsp;&nbsp;&nbsp;SD_PowerON
</UL>

<P><STRONG><a name="[1c0]"></a>CmdResp6Error</STRONG> (Thumb, 168 bytes, Stack size 24 bytes, sdio_sd.o(i.CmdResp6Error))
<BR><BR>[Stack]<UL><LI>Max Depth = 32<LI>Call Chain = CmdResp6Error &rArr; SDIO_GetResponse
</UL>
<BR>[Calls]<UL><LI><a href="#[1bd]">&gt;&gt;</a>&nbsp;&nbsp;&nbsp;SDIO_GetResponse
<LI><a href="#[1bc]">&gt;&gt;</a>&nbsp;&nbsp;&nbsp;SDIO_GetCommandResponse
<LI><a href="#[1b9]">&gt;&gt;</a>&nbsp;&nbsp;&nbsp;SDIO_ClearFlag
</UL>
<BR>[Called By]<UL><LI><a href="#[34b]">&gt;&gt;</a>&nbsp;&nbsp;&nbsp;SD_InitializeCards
</UL>

<P><STRONG><a name="[1c1]"></a>CmdResp7Error</STRONG> (Thumb, 90 bytes, Stack size 16 bytes, sdio_sd.o(i.CmdResp7Error))
<BR><BR>[Stack]<UL><LI>Max Depth = 16<LI>Call Chain = CmdResp7Error
</UL>
<BR>[Calls]<UL><LI><a href="#[1b9]">&gt;&gt;</a>&nbsp;&nbsp;&nbsp;SDIO_ClearFlag
</UL>
<BR>[Called By]<UL><LI><a href="#[34a]">&gt;&gt;</a>&nbsp;&nbsp;&nbsp;SD_PowerON
</UL>

<P><STRONG><a name="[247]"></a>FindSCR</STRONG> (Thumb, 434 bytes, Stack size 24 bytes, sdio_sd.o(i.FindSCR))
<BR><BR>[Stack]<UL><LI>Max Depth = 48<LI>Call Chain = FindSCR &rArr; CmdResp1Error &rArr; SDIO_GetResponse
</UL>
<BR>[Calls]<UL><LI><a href="#[248]">&gt;&gt;</a>&nbsp;&nbsp;&nbsp;SDIO_SendCommand
<LI><a href="#[24a]">&gt;&gt;</a>&nbsp;&nbsp;&nbsp;SDIO_ReadData
<LI><a href="#[1b8]">&gt;&gt;</a>&nbsp;&nbsp;&nbsp;SDIO_GetFlagStatus
<LI><a href="#[249]">&gt;&gt;</a>&nbsp;&nbsp;&nbsp;SDIO_DataConfig
<LI><a href="#[1b9]">&gt;&gt;</a>&nbsp;&nbsp;&nbsp;SDIO_ClearFlag
<LI><a href="#[1bb]">&gt;&gt;</a>&nbsp;&nbsp;&nbsp;CmdResp1Error
</UL>
<BR>[Called By]<UL><LI><a href="#[344]">&gt;&gt;</a>&nbsp;&nbsp;&nbsp;SDEnWideBus
</UL>

<P><STRONG><a name="[344]"></a>SDEnWideBus</STRONG> (Thumb, 338 bytes, Stack size 16 bytes, sdio_sd.o(i.SDEnWideBus))
<BR><BR>[Stack]<UL><LI>Max Depth = 64<LI>Call Chain = SDEnWideBus &rArr; FindSCR &rArr; CmdResp1Error &rArr; SDIO_GetResponse
</UL>
<BR>[Calls]<UL><LI><a href="#[248]">&gt;&gt;</a>&nbsp;&nbsp;&nbsp;SDIO_SendCommand
<LI><a href="#[1bd]">&gt;&gt;</a>&nbsp;&nbsp;&nbsp;SDIO_GetResponse
<LI><a href="#[247]">&gt;&gt;</a>&nbsp;&nbsp;&nbsp;FindSCR
<LI><a href="#[1bb]">&gt;&gt;</a>&nbsp;&nbsp;&nbsp;CmdResp1Error
</UL>
<BR>[Called By]<UL><LI><a href="#[346]">&gt;&gt;</a>&nbsp;&nbsp;&nbsp;SD_EnableWideBusOperation
</UL>

<P><STRONG><a name="[2d0]"></a>LED_Delay</STRONG> (Thumb, 14 bytes, Stack size 0 bytes, led_customer.o(i.LED_Delay))
<BR><BR>[Called By]<UL><LI><a href="#[2cf]">&gt;&gt;</a>&nbsp;&nbsp;&nbsp;LED_SendBit
</UL>

<P><STRONG><a name="[2cf]"></a>LED_SendBit</STRONG> (Thumb, 56 bytes, Stack size 8 bytes, led_customer.o(i.LED_SendBit))
<BR><BR>[Stack]<UL><LI>Max Depth = 8<LI>Call Chain = LED_SendBit
</UL>
<BR>[Calls]<UL><LI><a href="#[2d0]">&gt;&gt;</a>&nbsp;&nbsp;&nbsp;LED_Delay
</UL>
<BR>[Called By]<UL><LI><a href="#[2cd]">&gt;&gt;</a>&nbsp;&nbsp;&nbsp;LED_SendData
</UL>

<P><STRONG><a name="[2cd]"></a>LED_SendData</STRONG> (Thumb, 108 bytes, Stack size 24 bytes, led_customer.o(i.LED_SendData))
<BR><BR>[Stack]<UL><LI>Max Depth = 32<LI>Call Chain = LED_SendData &rArr; LED_SendBit
</UL>
<BR>[Calls]<UL><LI><a href="#[2cf]">&gt;&gt;</a>&nbsp;&nbsp;&nbsp;LED_SendBit
</UL>
<BR>[Called By]<UL><LI><a href="#[ff]">&gt;&gt;</a>&nbsp;&nbsp;&nbsp;LED_Off
<LI><a href="#[2cc]">&gt;&gt;</a>&nbsp;&nbsp;&nbsp;LED_Init
<LI><a href="#[2ce]">&gt;&gt;</a>&nbsp;&nbsp;&nbsp;LED_Refresh
</UL>

<P><STRONG><a name="[1c8]"></a>TCP_DecodeRecord</STRONG> (Thumb, 210 bytes, Stack size 32 bytes, computer.o(i.TCP_DecodeRecord))
<BR><BR>[Stack]<UL><LI>Max Depth = 1980<LI>Call Chain = TCP_DecodeRecord &rArr; TcpProcessRecord &rArr; InitApplication &rArr; SelectClerk &rArr; StoreInBuffer &rArr; StoreInBuffer2 &rArr; CheckMixMatch &rArr;  StoreInBuffer (Cycle)
</UL>
<BR>[Calls]<UL><LI><a href="#[367]">&gt;&gt;</a>&nbsp;&nbsp;&nbsp;TcpProcessRecord
</UL>
<BR>[Called By]<UL><LI><a href="#[1c6]">&gt;&gt;</a>&nbsp;&nbsp;&nbsp;Computer
</UL>

<P><STRONG><a name="[375]"></a>TcpAnswerToHost</STRONG> (Thumb, 32 bytes, Stack size 24 bytes, computer.o(i.TcpAnswerToHost))
<BR><BR>[Stack]<UL><LI>Max Depth = 72<LI>Call Chain = TcpAnswerToHost &rArr; STH &rArr; CH395SendData &rArr; xWriteCH395Cmd
</UL>
<BR>[Calls]<UL><LI><a href="#[35a]">&gt;&gt;</a>&nbsp;&nbsp;&nbsp;STH
</UL>
<BR>[Called By]<UL><LI><a href="#[367]">&gt;&gt;</a>&nbsp;&nbsp;&nbsp;TcpProcessRecord
</UL>

<P><STRONG><a name="[376]"></a>TcpPluReadZport</STRONG> (Thumb, 1192 bytes, Stack size 32 bytes, computer.o(i.TcpPluReadZport))
<BR><BR>[Stack]<UL><LI>Max Depth = 80<LI>Call Chain = TcpPluReadZport &rArr; ReadTotal &rArr; ReadRam &rArr; SRAM_ReadBuffer
</UL>
<BR>[Calls]<UL><LI><a href="#[d2]">&gt;&gt;</a>&nbsp;&nbsp;&nbsp;ReadTotal
<LI><a href="#[e3]">&gt;&gt;</a>&nbsp;&nbsp;&nbsp;__aeabi_memcpy
</UL>
<BR>[Called By]<UL><LI><a href="#[367]">&gt;&gt;</a>&nbsp;&nbsp;&nbsp;TcpProcessRecord
</UL>

<P><STRONG><a name="[367]"></a>TcpProcessRecord</STRONG> (Thumb, 10068 bytes, Stack size 1152 bytes, computer.o(i.TcpProcessRecord))
<BR><BR>[Stack]<UL><LI>Max Depth = 1948<LI>Call Chain = TcpProcessRecord &rArr; InitApplication &rArr; SelectClerk &rArr; StoreInBuffer &rArr; StoreInBuffer2 &rArr; CheckMixMatch &rArr;  StoreInBuffer (Cycle)
</UL>
<BR>[Calls]<UL><LI><a href="#[df]">&gt;&gt;</a>&nbsp;&nbsp;&nbsp;DispStrXY
<LI><a href="#[fa]">&gt;&gt;</a>&nbsp;&nbsp;&nbsp;ReadRam
<LI><a href="#[1b5]">&gt;&gt;</a>&nbsp;&nbsp;&nbsp;ClsXRam
<LI><a href="#[ee]">&gt;&gt;</a>&nbsp;&nbsp;&nbsp;Bell
<LI><a href="#[1a8]">&gt;&gt;</a>&nbsp;&nbsp;&nbsp;PutsO
<LI><a href="#[18b]">&gt;&gt;</a>&nbsp;&nbsp;&nbsp;Save_Config
<LI><a href="#[74]">&gt;&gt;</a>&nbsp;&nbsp;&nbsp;ReadTender
<LI><a href="#[77]">&gt;&gt;</a>&nbsp;&nbsp;&nbsp;ReadTax
<LI><a href="#[72]">&gt;&gt;</a>&nbsp;&nbsp;&nbsp;ReadPoRa
<LI><a href="#[6e]">&gt;&gt;</a>&nbsp;&nbsp;&nbsp;ReadPlu
<LI><a href="#[81]">&gt;&gt;</a>&nbsp;&nbsp;&nbsp;ReadPbF
<LI><a href="#[82]">&gt;&gt;</a>&nbsp;&nbsp;&nbsp;ReadModi
<LI><a href="#[76]">&gt;&gt;</a>&nbsp;&nbsp;&nbsp;ReadDrawer
<LI><a href="#[71]">&gt;&gt;</a>&nbsp;&nbsp;&nbsp;ReadDisc
<LI><a href="#[6d]">&gt;&gt;</a>&nbsp;&nbsp;&nbsp;ReadDept
<LI><a href="#[75]">&gt;&gt;</a>&nbsp;&nbsp;&nbsp;ReadCurr
<LI><a href="#[73]">&gt;&gt;</a>&nbsp;&nbsp;&nbsp;ReadCorrec
<LI><a href="#[83]">&gt;&gt;</a>&nbsp;&nbsp;&nbsp;ReadClerk
<LI><a href="#[18e]">&gt;&gt;</a>&nbsp;&nbsp;&nbsp;PbTotal
<LI><a href="#[f1]">&gt;&gt;</a>&nbsp;&nbsp;&nbsp;OutPrint
<LI><a href="#[f3]">&gt;&gt;</a>&nbsp;&nbsp;&nbsp;ClsState1
<LI><a href="#[d6]">&gt;&gt;</a>&nbsp;&nbsp;&nbsp;ClearEntry
<LI><a href="#[2c0]">&gt;&gt;</a>&nbsp;&nbsp;&nbsp;WriteTender
<LI><a href="#[2bf]">&gt;&gt;</a>&nbsp;&nbsp;&nbsp;WriteTax
<LI><a href="#[37a]">&gt;&gt;</a>&nbsp;&nbsp;&nbsp;WriteSalPer
<LI><a href="#[2bd]">&gt;&gt;</a>&nbsp;&nbsp;&nbsp;WritePoRa
<LI><a href="#[2bc]">&gt;&gt;</a>&nbsp;&nbsp;&nbsp;WritePlu
<LI><a href="#[2bb]">&gt;&gt;</a>&nbsp;&nbsp;&nbsp;WritePbF
<LI><a href="#[2ba]">&gt;&gt;</a>&nbsp;&nbsp;&nbsp;WriteOFFPrice
<LI><a href="#[2b9]">&gt;&gt;</a>&nbsp;&nbsp;&nbsp;WriteModi
<LI><a href="#[32d]">&gt;&gt;</a>&nbsp;&nbsp;&nbsp;WriteICBlock
<LI><a href="#[2b8]">&gt;&gt;</a>&nbsp;&nbsp;&nbsp;WriteGroup
<LI><a href="#[2b6]">&gt;&gt;</a>&nbsp;&nbsp;&nbsp;WriteDrawer
<LI><a href="#[2b5]">&gt;&gt;</a>&nbsp;&nbsp;&nbsp;WriteDisc
<LI><a href="#[2b4]">&gt;&gt;</a>&nbsp;&nbsp;&nbsp;WriteDept
<LI><a href="#[2b3]">&gt;&gt;</a>&nbsp;&nbsp;&nbsp;WriteCurr
<LI><a href="#[2b2]">&gt;&gt;</a>&nbsp;&nbsp;&nbsp;WriteCorrec
<LI><a href="#[191]">&gt;&gt;</a>&nbsp;&nbsp;&nbsp;WORDtoASC
<LI><a href="#[378]">&gt;&gt;</a>&nbsp;&nbsp;&nbsp;ResetStartAddress
<LI><a href="#[2da]">&gt;&gt;</a>&nbsp;&nbsp;&nbsp;Read_Flow
<LI><a href="#[37b]">&gt;&gt;</a>&nbsp;&nbsp;&nbsp;ReadSalPer
<LI><a href="#[70]">&gt;&gt;</a>&nbsp;&nbsp;&nbsp;ReadOFFPrice
<LI><a href="#[2d2]">&gt;&gt;</a>&nbsp;&nbsp;&nbsp;ReadICBlock
<LI><a href="#[6c]">&gt;&gt;</a>&nbsp;&nbsp;&nbsp;ReadGroup
<LI><a href="#[1aa]">&gt;&gt;</a>&nbsp;&nbsp;&nbsp;PeriodSkip
<LI><a href="#[26d]">&gt;&gt;</a>&nbsp;&nbsp;&nbsp;NewTimeDate
<LI><a href="#[2a9]">&gt;&gt;</a>&nbsp;&nbsp;&nbsp;Init_Flow
<LI><a href="#[2ab]">&gt;&gt;</a>&nbsp;&nbsp;&nbsp;InitSysFlag
<LI><a href="#[28e]">&gt;&gt;</a>&nbsp;&nbsp;&nbsp;InitApplication
<LI><a href="#[d1]">&gt;&gt;</a>&nbsp;&nbsp;&nbsp;GetTenderOffSet
<LI><a href="#[cf]">&gt;&gt;</a>&nbsp;&nbsp;&nbsp;GetTaxOffSet
<LI><a href="#[272]">&gt;&gt;</a>&nbsp;&nbsp;&nbsp;GetReport
<LI><a href="#[c8]">&gt;&gt;</a>&nbsp;&nbsp;&nbsp;GetPluOffSet
<LI><a href="#[167]">&gt;&gt;</a>&nbsp;&nbsp;&nbsp;GetPluNumber
<LI><a href="#[bc]">&gt;&gt;</a>&nbsp;&nbsp;&nbsp;GetDrawerOffSet
<LI><a href="#[ba]">&gt;&gt;</a>&nbsp;&nbsp;&nbsp;GetDiscOffSet
<LI><a href="#[b8]">&gt;&gt;</a>&nbsp;&nbsp;&nbsp;GetDeptOffSet
<LI><a href="#[b3]">&gt;&gt;</a>&nbsp;&nbsp;&nbsp;GetCorrecOffSet
<LI><a href="#[2af]">&gt;&gt;</a>&nbsp;&nbsp;&nbsp;DeptPluKeysCount
<LI><a href="#[16b]">&gt;&gt;</a>&nbsp;&nbsp;&nbsp;ClearAllReport
<LI><a href="#[192]">&gt;&gt;</a>&nbsp;&nbsp;&nbsp;CheckTime
<LI><a href="#[168]">&gt;&gt;</a>&nbsp;&nbsp;&nbsp;CheckRandomPlu
<LI><a href="#[163]">&gt;&gt;</a>&nbsp;&nbsp;&nbsp;CheckPluFile
<LI><a href="#[db]">&gt;&gt;</a>&nbsp;&nbsp;&nbsp;CheckError
<LI><a href="#[377]">&gt;&gt;</a>&nbsp;&nbsp;&nbsp;TcpSaveGraphic
<LI><a href="#[379]">&gt;&gt;</a>&nbsp;&nbsp;&nbsp;TcpRecordToHost
<LI><a href="#[37c]">&gt;&gt;</a>&nbsp;&nbsp;&nbsp;TcpReadZport
<LI><a href="#[376]">&gt;&gt;</a>&nbsp;&nbsp;&nbsp;TcpPluReadZport
<LI><a href="#[375]">&gt;&gt;</a>&nbsp;&nbsp;&nbsp;TcpAnswerToHost
<LI><a href="#[2b1]">&gt;&gt;</a>&nbsp;&nbsp;&nbsp;WriteClerk
<LI><a href="#[144]">&gt;&gt;</a>&nbsp;&nbsp;&nbsp;strlen
<LI><a href="#[13b]">&gt;&gt;</a>&nbsp;&nbsp;&nbsp;__aeabi_memclr4
<LI><a href="#[91]">&gt;&gt;</a>&nbsp;&nbsp;&nbsp;__aeabi_memclr
<LI><a href="#[92]">&gt;&gt;</a>&nbsp;&nbsp;&nbsp;__aeabi_memset
<LI><a href="#[e3]">&gt;&gt;</a>&nbsp;&nbsp;&nbsp;__aeabi_memcpy
</UL>
<BR>[Called By]<UL><LI><a href="#[1c8]">&gt;&gt;</a>&nbsp;&nbsp;&nbsp;TCP_DecodeRecord
</UL>

<P><STRONG><a name="[37c]"></a>TcpReadZport</STRONG> (Thumb, 1306 bytes, Stack size 48 bytes, computer.o(i.TcpReadZport))
<BR><BR>[Stack]<UL><LI>Max Depth = 96<LI>Call Chain = TcpReadZport &rArr; ReadTotal &rArr; ReadRam &rArr; SRAM_ReadBuffer
</UL>
<BR>[Calls]<UL><LI><a href="#[d2]">&gt;&gt;</a>&nbsp;&nbsp;&nbsp;ReadTotal
<LI><a href="#[e3]">&gt;&gt;</a>&nbsp;&nbsp;&nbsp;__aeabi_memcpy
</UL>
<BR>[Called By]<UL><LI><a href="#[367]">&gt;&gt;</a>&nbsp;&nbsp;&nbsp;TcpProcessRecord
</UL>

<P><STRONG><a name="[379]"></a>TcpRecordToHost</STRONG> (Thumb, 52 bytes, Stack size 24 bytes, computer.o(i.TcpRecordToHost))
<BR><BR>[Stack]<UL><LI>Max Depth = 72<LI>Call Chain = TcpRecordToHost &rArr; STH &rArr; CH395SendData &rArr; xWriteCH395Cmd
</UL>
<BR>[Calls]<UL><LI><a href="#[35a]">&gt;&gt;</a>&nbsp;&nbsp;&nbsp;STH
<LI><a href="#[e3]">&gt;&gt;</a>&nbsp;&nbsp;&nbsp;__aeabi_memcpy
</UL>
<BR>[Called By]<UL><LI><a href="#[367]">&gt;&gt;</a>&nbsp;&nbsp;&nbsp;TcpProcessRecord
</UL>

<P><STRONG><a name="[2ac]"></a>Restore_Sales_Data</STRONG> (Thumb, 900 bytes, Stack size 112 bytes, initappl.o(i.Restore_Sales_Data))
<BR><BR>[Stack]<UL><LI>Max Depth = 372<LI>Call Chain = Restore_Sales_Data &rArr; InputWord &rArr; AppendEntry &rArr;  AppendEntry (Cycle)
</UL>
<BR>[Calls]<UL><LI><a href="#[d7]">&gt;&gt;</a>&nbsp;&nbsp;&nbsp;mClearScreen
<LI><a href="#[157]">&gt;&gt;</a>&nbsp;&nbsp;&nbsp;KbHit
<LI><a href="#[158]">&gt;&gt;</a>&nbsp;&nbsp;&nbsp;Getch
<LI><a href="#[df]">&gt;&gt;</a>&nbsp;&nbsp;&nbsp;DispStrXY
<LI><a href="#[136]">&gt;&gt;</a>&nbsp;&nbsp;&nbsp;Multiply
<LI><a href="#[d6]">&gt;&gt;</a>&nbsp;&nbsp;&nbsp;ClearEntry
<LI><a href="#[1cf]">&gt;&gt;</a>&nbsp;&nbsp;&nbsp;InputWord
<LI><a href="#[342]">&gt;&gt;</a>&nbsp;&nbsp;&nbsp;WriteGrandTotal
<LI><a href="#[154]">&gt;&gt;</a>&nbsp;&nbsp;&nbsp;DisplayDecXY
<LI><a href="#[13b]">&gt;&gt;</a>&nbsp;&nbsp;&nbsp;__aeabi_memclr4
<LI><a href="#[13c]">&gt;&gt;</a>&nbsp;&nbsp;&nbsp;__aeabi_memcpy4
</UL>
<BR>[Called By]<UL><LI><a href="#[28e]">&gt;&gt;</a>&nbsp;&nbsp;&nbsp;InitApplication
</UL>

<P><STRONG><a name="[342]"></a>WriteGrandTotal</STRONG> (Thumb, 62 bytes, Stack size 80 bytes, initappl.o(i.WriteGrandTotal))
<BR><BR>[Stack]<UL><LI>Max Depth = 144<LI>Call Chain = WriteGrandTotal &rArr; WriteReport &rArr; WriteRam &rArr; SRAM_WriteBuffer
</UL>
<BR>[Calls]<UL><LI><a href="#[38d]">&gt;&gt;</a>&nbsp;&nbsp;&nbsp;WriteReport
<LI><a href="#[13c]">&gt;&gt;</a>&nbsp;&nbsp;&nbsp;__aeabi_memcpy4
</UL>
<BR>[Called By]<UL><LI><a href="#[2ac]">&gt;&gt;</a>&nbsp;&nbsp;&nbsp;Restore_Sales_Data
</UL>

<P><STRONG><a name="[364]"></a>SetSysClock</STRONG> (Thumb, 8 bytes, Stack size 8 bytes, system_stm32f10x.o(i.SetSysClock))
<BR><BR>[Stack]<UL><LI>Max Depth = 20<LI>Call Chain = SetSysClock &rArr; SetSysClockTo72
</UL>
<BR>[Calls]<UL><LI><a href="#[365]">&gt;&gt;</a>&nbsp;&nbsp;&nbsp;SetSysClockTo72
</UL>
<BR>[Called By]<UL><LI><a href="#[47]">&gt;&gt;</a>&nbsp;&nbsp;&nbsp;SystemInit
</UL>

<P><STRONG><a name="[365]"></a>SetSysClockTo72</STRONG> (Thumb, 214 bytes, Stack size 12 bytes, system_stm32f10x.o(i.SetSysClockTo72))
<BR><BR>[Stack]<UL><LI>Max Depth = 12<LI>Call Chain = SetSysClockTo72
</UL>
<BR>[Called By]<UL><LI><a href="#[364]">&gt;&gt;</a>&nbsp;&nbsp;&nbsp;SetSysClock
</UL>

<P><STRONG><a name="[38f]"></a>_printf_core</STRONG> (Thumb, 996 bytes, Stack size 104 bytes, printf8.o(i._printf_core), UNUSED)
<BR><BR>[Calls]<UL><LI><a href="#[8e]">&gt;&gt;</a>&nbsp;&nbsp;&nbsp;__aeabi_uldivmod
<LI><a href="#[394]">&gt;&gt;</a>&nbsp;&nbsp;&nbsp;_printf_pre_padding
<LI><a href="#[395]">&gt;&gt;</a>&nbsp;&nbsp;&nbsp;_printf_post_padding
</UL>
<BR>[Called By]<UL><LI><a href="#[38e]">&gt;&gt;</a>&nbsp;&nbsp;&nbsp;__0sprintf$8
</UL>

<P><STRONG><a name="[395]"></a>_printf_post_padding</STRONG> (Thumb, 36 bytes, Stack size 24 bytes, printf8.o(i._printf_post_padding), UNUSED)
<BR><BR>[Called By]<UL><LI><a href="#[38f]">&gt;&gt;</a>&nbsp;&nbsp;&nbsp;_printf_core
</UL>

<P><STRONG><a name="[394]"></a>_printf_pre_padding</STRONG> (Thumb, 46 bytes, Stack size 24 bytes, printf8.o(i._printf_pre_padding), UNUSED)
<BR><BR>[Called By]<UL><LI><a href="#[38f]">&gt;&gt;</a>&nbsp;&nbsp;&nbsp;_printf_core
</UL>

<P><STRONG><a name="[4e]"></a>_sputc</STRONG> (Thumb, 10 bytes, Stack size 0 bytes, printf8.o(i._sputc))
<BR><BR>[Called By]<UL><LI><a href="#[38e]">&gt;&gt;</a>&nbsp;&nbsp;&nbsp;__0sprintf$8
</UL>
<BR>[Address Reference Count : 1]<UL><LI> printf8.o(i.__0sprintf$8)
</UL>
<P><STRONG><a name="[392]"></a>_fp_digits</STRONG> (Thumb, 334 bytes, Stack size 56 bytes, printfa.o(i._fp_digits), UNUSED)
<BR><BR>[Calls]<UL><LI><a href="#[8e]">&gt;&gt;</a>&nbsp;&nbsp;&nbsp;__aeabi_uldivmod
<LI><a href="#[9f]">&gt;&gt;</a>&nbsp;&nbsp;&nbsp;__aeabi_dmul
<LI><a href="#[a0]">&gt;&gt;</a>&nbsp;&nbsp;&nbsp;__aeabi_ddiv
<LI><a href="#[99]">&gt;&gt;</a>&nbsp;&nbsp;&nbsp;__aeabi_dadd
<LI><a href="#[a1]">&gt;&gt;</a>&nbsp;&nbsp;&nbsp;__aeabi_d2ulz
<LI><a href="#[393]">&gt;&gt;</a>&nbsp;&nbsp;&nbsp;__aeabi_cdrcmple
</UL>
<BR>[Called By]<UL><LI><a href="#[391]">&gt;&gt;</a>&nbsp;&nbsp;&nbsp;_printf_core
</UL>

<P><STRONG><a name="[391]"></a>_printf_core</STRONG> (Thumb, 1744 bytes, Stack size 136 bytes, printfa.o(i._printf_core), UNUSED)
<BR><BR>[Calls]<UL><LI><a href="#[8e]">&gt;&gt;</a>&nbsp;&nbsp;&nbsp;__aeabi_uldivmod
<LI><a href="#[398]">&gt;&gt;</a>&nbsp;&nbsp;&nbsp;__aeabi_uidivmod
<LI><a href="#[396]">&gt;&gt;</a>&nbsp;&nbsp;&nbsp;_printf_pre_padding
<LI><a href="#[397]">&gt;&gt;</a>&nbsp;&nbsp;&nbsp;_printf_post_padding
<LI><a href="#[392]">&gt;&gt;</a>&nbsp;&nbsp;&nbsp;_fp_digits
</UL>
<BR>[Called By]<UL><LI><a href="#[390]">&gt;&gt;</a>&nbsp;&nbsp;&nbsp;__0vsprintf
</UL>

<P><STRONG><a name="[397]"></a>_printf_post_padding</STRONG> (Thumb, 36 bytes, Stack size 24 bytes, printfa.o(i._printf_post_padding), UNUSED)
<BR><BR>[Called By]<UL><LI><a href="#[391]">&gt;&gt;</a>&nbsp;&nbsp;&nbsp;_printf_core
</UL>

<P><STRONG><a name="[396]"></a>_printf_pre_padding</STRONG> (Thumb, 46 bytes, Stack size 24 bytes, printfa.o(i._printf_pre_padding), UNUSED)
<BR><BR>[Called By]<UL><LI><a href="#[391]">&gt;&gt;</a>&nbsp;&nbsp;&nbsp;_printf_core
</UL>

<P><STRONG><a name="[4f]"></a>_sputc</STRONG> (Thumb, 10 bytes, Stack size 0 bytes, printfa.o(i._sputc))
<BR><BR>[Called By]<UL><LI><a href="#[390]">&gt;&gt;</a>&nbsp;&nbsp;&nbsp;__0vsprintf
</UL>
<BR>[Address Reference Count : 1]<UL><LI> printfa.o(i.__0vsprintf)
</UL><P>
<H3>
Undefined Global Symbols
</H3><HR></body></html>
